2025-09-14 00:01:29,100 - INFO - Downloading master files...
2025-09-14 00:01:29,130 - INFO - Finding expiry dates...
2025-09-14 00:01:29,304 - INFO - System initialization completed successfully
2025-09-14 00:01:29,785 - INFO - Generated fresh 2FA for account 1: 787567
2025-09-14 00:01:31,480 - INFO - PnL updated for account 1: 0.0
2025-09-14 00:01:31,480 - INFO - Master account initialized successfully: ROOPAL SONI
2025-09-14 00:01:34,736 - INFO - Generated fresh 2FA for account 2: 756012
2025-09-14 00:01:35,481 - INFO - Child account logged in - Order blocking reset
2025-09-14 00:01:36,284 - INFO - PnL updated for account 2: 0.0
2025-09-14 00:02:27,618 - INFO - Downloading master files...
2025-09-14 00:02:27,618 - INFO - Finding expiry dates...
2025-09-14 00:02:27,776 - INFO - System initialization completed successfully
2025-09-14 00:02:28,319 - INFO - Generated fresh 2FA for account 1: 885196
2025-09-14 00:02:29,953 - INFO - PnL updated for account 1: 0.0
2025-09-14 00:02:29,953 - INFO - Master account initialized successfully: ROOPAL SONI
2025-09-14 00:02:33,221 - INFO - Generated fresh 2FA for account 2: 681585
2025-09-14 00:02:33,906 - INFO - Child account logged in - Order blocking reset
2025-09-14 00:02:34,678 - INFO - PnL updated for account 2: 0.0
2025-09-14 15:14:16,116 - INFO - Downloading master files...
2025-09-14 15:14:16,117 - INFO - Finding expiry dates...
2025-09-14 15:14:16,221 - INFO - System initialization completed successfully
2025-09-14 15:14:17,216 - INFO - Generated fresh 2FA for account 1: 043002
2025-09-14 15:14:18,409 - INFO - PnL updated for account 1: 0.0
2025-09-14 15:14:18,410 - INFO - Master account initialized successfully: ROOPAL SONI
2025-09-14 15:14:22,550 - INFO - Generated fresh 2FA for account 2: 643372
2025-09-14 15:14:23,054 - INFO - Child account logged in - Order blocking reset
2025-09-14 15:14:23,539 - INFO - PnL updated for account 2: 0.0
2025-09-14 15:15:23,697 - INFO - Downloading master files...
2025-09-14 15:15:23,697 - INFO - Finding expiry dates...
2025-09-14 15:15:23,794 - INFO - System initialization completed successfully
2025-09-14 15:15:24,171 - INFO - Generated fresh 2FA for account 1: 762741
2025-09-14 15:15:25,350 - INFO - PnL updated for account 1: 0.0
2025-09-14 15:15:25,351 - INFO - Master account initialized successfully: ROOPAL SONI
2025-09-14 15:15:28,853 - INFO - Generated fresh 2FA for account 2: 467599
2025-09-14 15:15:29,357 - INFO - Child account logged in - Order blocking reset
2025-09-14 15:15:29,907 - INFO - PnL updated for account 2: 0.0
2025-09-14 15:16:12,101 - INFO - Downloading master files...
2025-09-14 15:16:12,101 - INFO - Finding expiry dates...
2025-09-14 15:16:12,204 - INFO - System initialization completed successfully
2025-09-14 15:16:12,605 - INFO - Generated fresh 2FA for account 1: 756751
2025-09-14 15:16:13,671 - INFO - PnL updated for account 1: 0.0
2025-09-14 15:16:13,671 - INFO - Master account initialized successfully: ROOPAL SONI
2025-09-14 15:16:17,823 - INFO - Generated fresh 2FA for account 2: 719228
2025-09-14 15:16:18,329 - INFO - Child account logged in - Order blocking reset
2025-09-14 15:16:18,846 - INFO - PnL updated for account 2: 0.0
2025-09-14 15:17:19,621 - INFO - Downloading master files...
2025-09-14 15:17:19,622 - INFO - Finding expiry dates...
2025-09-14 15:17:19,708 - INFO - System initialization completed successfully
2025-09-14 15:17:20,143 - INFO - Generated fresh 2FA for account 1: 146726
2025-09-14 15:17:21,298 - INFO - PnL updated for account 1: 0.0
2025-09-14 15:17:21,298 - INFO - Master account initialized successfully: ROOPAL SONI
2025-09-14 15:17:23,119 - INFO - Generated fresh 2FA for account 2: 006156
2025-09-14 15:17:23,625 - INFO - Child account logged in - Order blocking reset
2025-09-14 15:17:24,167 - INFO - PnL updated for account 2: 0.0
2025-09-14 15:17:27,769 - INFO - Buttons released - ready for new orders
2025-09-14 15:17:32,137 - ERROR - Error logging out child account: 'AccountManager' object has no attribute 'logout_account'
2025-09-14 15:21:54,353 - INFO - Downloading master files...
2025-09-14 15:21:54,353 - INFO - Finding expiry dates...
2025-09-14 15:21:54,461 - INFO - System initialization completed successfully
2025-09-14 15:21:54,860 - INFO - Generated fresh 2FA for account 1: 576939
2025-09-14 15:21:55,945 - INFO - PnL updated for account 1 (active): 0.0
2025-09-14 15:21:55,945 - INFO - Master account initialized successfully: ROOPAL SONI
2025-09-14 15:22:13,480 - INFO - Generated fresh 2FA for account 2: 110769
2025-09-14 15:22:14,005 - INFO - Child account logged in - Order blocking reset
2025-09-14 15:22:14,520 - INFO - PnL updated for account 2 (active): 0.0
2025-09-14 15:22:24,990 - INFO - Account 2 (KRATIK YADAV) blocked from sending orders - PnL monitoring continues
2025-09-14 15:22:24,990 - INFO - Child account blocked from sending orders - PnL monitoring continues
2025-09-14 15:22:40,914 - INFO - Buttons released - ready for new orders
2025-09-14 20:06:34,895 - INFO - Downloading master files...
2025-09-14 20:06:34,901 - INFO - Finding expiry dates...
2025-09-14 20:06:35,023 - INFO - System initialization completed successfully
2025-09-14 20:06:35,652 - INFO - Generated fresh 2FA for account 1: 411476
2025-09-14 20:06:37,266 - INFO - PnL updated for account 1 (active): 0.0
2025-09-14 20:06:37,266 - INFO - Master account initialized successfully: ROOPAL SONI
2025-09-14 20:06:39,793 - INFO - Generated fresh 2FA for account 2: 297895
2025-09-14 20:06:40,416 - INFO - Child account logged in - Order blocking reset
2025-09-14 20:06:41,120 - INFO - PnL updated for account 2 (active): 0.0
2025-09-14 20:06:54,467 - INFO - Cleared option and strike selections - no active orders
2025-09-14 20:06:55,179 - INFO - Fetched NIFTY price: 24584.85
2025-09-14 20:06:55,180 - INFO - Updated strikes for NIFTY based on price 24584.85 and option None: [24250, 24300, 24350, 24400, 24450, 24500, 24550, 24600, 24650, 24700, 24750, 24800, 24850, 24900, 24950]
2025-09-14 20:06:58,835 - INFO - Fetched NIFTY price: 24584.85
2025-09-14 20:06:58,835 - INFO - Index LTP for NIFTY: 24584.85
2025-09-14 20:06:59,504 - INFO - Fetched NIFTY price: 24584.85
2025-09-14 20:06:59,504 - INFO - Updated strikes for NIFTY CE based on price 24584.85: [24500, 24550, 24600, 24650, 24700, 24750, 24800, 24850, 24900, 24950, 25000, 25050, 25100, 25150, 25200]
2025-09-14 20:07:03,529 - INFO - Getting token and lot size for trading symbol: NIFTY16SEP25C25200
2025-09-14 20:07:03,559 - INFO - Found NFO token and lot size for NIFTY16SEP25C25200: 44730, 75
2025-09-14 20:07:03,560 - INFO - Generated quantity options for lot size 75: ['75', '150', '225', '300', '375', '450', '525', '600', '675', '750']
2025-09-14 20:07:03,561 - INFO - Updated quantity options for NIFTY16SEP25C25200 with lot size 75: ['75', '150', '225', '300', '375', '450', '525', '600', '675', '750']
2025-09-14 20:07:03,561 - INFO - Getting token for trading symbol: NIFTY16SEP25C25200
2025-09-14 20:07:03,567 - INFO - Found NFO token for NIFTY16SEP25C25200: 44730
2025-09-14 20:07:04,267 - INFO - Modify price fields cleared after auto-fetch
2025-09-14 20:07:04,276 - INFO - Getting token for trading symbol: NIFTY16SEP25C25200
2025-09-14 20:07:04,277 - INFO - Found NFO token for NIFTY16SEP25C25200: 44730
2025-09-14 20:07:04,277 - INFO - Subscribed to live price feed via master account: NFO|44730
2025-09-14 20:07:04,283 - INFO - Auto-subscribed to NIFTY16SEP25C25200 at price 45.0
2025-09-14 20:07:10,461 - INFO - Getting token and lot size for trading symbol: NIFTY16SEP25C25200
2025-09-14 20:07:10,463 - INFO - Found NFO token and lot size for NIFTY16SEP25C25200: 44730, 75
2025-09-14 20:07:10,463 - INFO - Generated quantity options for lot size 75: ['75', '150', '225', '300', '375', '450', '525', '600', '675', '750']
2025-09-14 20:07:10,463 - INFO - Updated quantity options for NIFTY16SEP25C25200 with lot size 75: ['75', '150', '225', '300', '375', '450', '525', '600', '675', '750']
2025-09-14 20:07:10,463 - INFO - Getting token and lot size for trading symbol: NIFTY16SEP25C25200
2025-09-14 20:07:10,474 - INFO - Found NFO token and lot size for NIFTY16SEP25C25200: 44730, 75
2025-09-14 20:07:10,474 - INFO - Using same quantity for both accounts: 75 (lot size: 75)
2025-09-14 20:07:10,476 - INFO - Active accounts: [1, 2]
2025-09-14 20:07:10,477 - INFO - Placing buy orders for accounts: [1, 2]
2025-09-14 20:07:10,477 - INFO - Trading symbol: NIFTY16SEP25C25200, Price: 45.0
2025-09-14 20:07:10,479 - INFO - Quantities: [75, 75]
2025-09-14 20:07:10,479 - INFO - Account 1: API=True, Qty=75, Active=True
2025-09-14 20:07:10,483 - INFO - Placing order for account 1 with parameters: {'buy_or_sell': 'B', 'product_type': 'I', 'exchange': 'NFO', 'tradingsymbol': 'NIFTY16SEP25C25200', 'quantity': 75, 'discloseqty': 0, 'price_type': 'LMT', 'price': 45.0, 'trigger_price': None, 'retention': 'DAY', 'amo': 'NO', 'remarks': None}
2025-09-14 20:07:10,483 - INFO - Account 2: API=True, Qty=75, Active=True
2025-09-14 20:07:10,484 - INFO - API instance for account 1: True
2025-09-14 20:07:10,488 - INFO - Placing order for account 2 with parameters: {'buy_or_sell': 'B', 'product_type': 'I', 'exchange': 'NFO', 'tradingsymbol': 'NIFTY16SEP25C25200', 'quantity': 75, 'discloseqty': 0, 'price_type': 'LMT', 'price': 45.0, 'trigger_price': None, 'retention': 'DAY', 'amo': 'NO', 'remarks': None}
2025-09-14 20:07:10,489 - INFO - API instance for account 2: True
2025-09-14 20:07:11,346 - INFO - API response: {'request_time': '20:07:11 14-09-2025', 'stat': 'Ok', 'norenordno': '25091300005698'}
2025-09-14 20:07:11,348 - INFO - API response type: <class 'dict'>
2025-09-14 20:07:11,348 - INFO - New order received: 25091300005698
2025-09-14 20:07:11,349 - INFO - Order status debug - status: 'PENDING', reporttype: 'NewAck', trantype: 'B', price: '45.00'
2025-09-14 20:07:11,349 - INFO - Buy order placed successfully: {'request_time': '20:07:11 14-09-2025', 'stat': 'Ok', 'norenordno': '25091300005698'}
2025-09-14 20:07:11,349 - INFO - API response: {'request_time': '20:07:11 14-09-2025', 'stat': 'Ok', 'norenordno': '25091300005699'}
2025-09-14 20:07:11,372 - INFO - API response type: <class 'dict'>
2025-09-14 20:07:11,373 - INFO - New order received: 25091300005699
2025-09-14 20:07:11,373 - INFO - Buy order placed successfully: {'request_time': '20:07:11 14-09-2025', 'stat': 'Ok', 'norenordno': '25091300005699'}
2025-09-14 20:07:11,373 - INFO - Order status debug - status: 'PENDING', reporttype: 'NewAck', trantype: 'B', price: '45.00'
2025-09-14 20:07:11,376 - INFO - Cross-account coordination started
2025-09-14 20:07:11,380 - INFO - Order data saved to orders.csv
2025-09-14 20:07:11,380 - INFO - Order data saved to orders.csv
2025-09-14 20:07:11,383 - INFO - Cross-account coordination started for buy orders
2025-09-14 20:07:11,384 - INFO - Account 2 - B PENDING NewAck
2025-09-14 20:07:11,391 - INFO - Account 1 - B PENDING NewAck
2025-09-14 20:07:11,393 - INFO - Buy button disabled to prevent duplicate orders
2025-09-14 20:07:11,400 - INFO - Cancel Buy and Modify Buy buttons enabled after buy orders placed
2025-09-14 20:07:11,400 - INFO - Exit button kept disabled until buy orders are completed
2025-09-14 20:07:11,402 - INFO - Master order status updated: Buy Order PENDING @ 45.00
2025-09-14 20:07:11,403 - INFO - Child order status updated: Buy Order PENDING @ 45.00
2025-09-14 20:07:11,417 - INFO - Updating order 25091300005699
2025-09-14 20:07:11,417 - INFO - Order status debug - status: 'REJECTED', reporttype: 'Rejected', trantype: 'B', price: '45.00'
2025-09-14 20:07:11,417 - INFO - Updating order 25091300005698
2025-09-14 20:07:11,417 - INFO - Order status debug - status: 'REJECTED', reporttype: 'Rejected', trantype: 'B', price: '45.00'
2025-09-14 20:07:11,420 - ERROR - Error processing order update for account 2: Must have equal len keys and value when setting with an iterable
2025-09-14 20:07:11,427 - INFO - Child order status updated: Order Rejected: RED:'MIS' Orders are disallowed after system square off
2025-09-14 20:07:11,428 - ERROR - Error processing order update for account 1: Must have equal len keys and value when setting with an iterable
2025-09-14 20:07:11,430 - INFO - Master order status updated: Order Rejected: RED:'MIS' Orders are disallowed after system square off
2025-09-14 20:07:12,269 - INFO - PnL updated for account 2 (active): 0.0
2025-09-14 20:07:12,269 - INFO - PnL updated for account 1 (active): 0.0
2025-09-14 20:07:12,269 - INFO - Order state updated - Master: None, Child: PENDING
2025-09-14 20:07:12,269 - INFO - Order state updated - Master: PENDING, Child: PENDING
2025-09-14 20:07:12,272 - INFO - Checking coordination - Master: PENDING, Child: PENDING
2025-09-14 20:07:12,272 - INFO - Checking coordination - Master: PENDING, Child: PENDING
2025-09-14 20:21:33,267 - INFO - Getting token and lot size for trading symbol: NIFTY16SEP25C2520
2025-09-14 20:21:33,267 - ERROR - No token found for NIFTY16SEP25C2520
2025-09-14 20:21:33,306 - INFO - Available NFO symbols (first 10): ['ZYDUSLIFE30SEP25P1360' 'ZYDUSLIFE30SEP25C1360' 'ZYDUSLIFE30SEP25P1320'
 'ZYDUSLIFE30SEP25C1320' 'ZYDUSLIFE30SEP25P1280' 'ZYDUSLIFE30SEP25C1280'
 'ZYDUSLIFE30SEP25P1260' 'ZYDUSLIFE30SEP25C1260' 'ZYDUSLIFE30SEP25P1240'
 'ZYDUSLIFE30SEP25C1240']
2025-09-14 20:21:33,309 - WARNING - Lot size not found for NIFTY16SEP25C2520, using default quantities
2025-09-14 20:21:33,309 - INFO - Getting token for trading symbol: NIFTY16SEP25C2520
2025-09-14 20:21:33,319 - ERROR - No token found for NIFTY16SEP25C2520
2025-09-14 20:21:33,340 - INFO - Available NFO symbols (first 10): ['ZYDUSLIFE30SEP25P1360' 'ZYDUSLIFE30SEP25C1360' 'ZYDUSLIFE30SEP25P1320'
 'ZYDUSLIFE30SEP25C1320' 'ZYDUSLIFE30SEP25P1280' 'ZYDUSLIFE30SEP25C1280'
 'ZYDUSLIFE30SEP25P1260' 'ZYDUSLIFE30SEP25C1260' 'ZYDUSLIFE30SEP25P1240'
 'ZYDUSLIFE30SEP25C1240']
2025-09-14 20:21:33,346 - WARNING - Could not fetch price for NIFTY16SEP25C2520
2025-09-14 20:21:33,676 - INFO - Getting token and lot size for trading symbol: NIFTY16SEP25C252
2025-09-14 20:21:33,683 - ERROR - No token found for NIFTY16SEP25C252
2025-09-14 20:21:33,700 - INFO - Available NFO symbols (first 10): ['ZYDUSLIFE30SEP25P1360' 'ZYDUSLIFE30SEP25C1360' 'ZYDUSLIFE30SEP25P1320'
 'ZYDUSLIFE30SEP25C1320' 'ZYDUSLIFE30SEP25P1280' 'ZYDUSLIFE30SEP25C1280'
 'ZYDUSLIFE30SEP25P1260' 'ZYDUSLIFE30SEP25C1260' 'ZYDUSLIFE30SEP25P1240'
 'ZYDUSLIFE30SEP25C1240']
2025-09-14 20:21:33,703 - WARNING - Lot size not found for NIFTY16SEP25C252, using default quantities
2025-09-14 20:21:33,703 - INFO - Getting token for trading symbol: NIFTY16SEP25C252
2025-09-14 20:21:33,709 - ERROR - No token found for NIFTY16SEP25C252
2025-09-14 20:21:33,735 - INFO - Available NFO symbols (first 10): ['ZYDUSLIFE30SEP25P1360' 'ZYDUSLIFE30SEP25C1360' 'ZYDUSLIFE30SEP25P1320'
 'ZYDUSLIFE30SEP25C1320' 'ZYDUSLIFE30SEP25P1280' 'ZYDUSLIFE30SEP25C1280'
 'ZYDUSLIFE30SEP25P1260' 'ZYDUSLIFE30SEP25C1260' 'ZYDUSLIFE30SEP25P1240'
 'ZYDUSLIFE30SEP25C1240']
2025-09-14 20:21:33,737 - WARNING - Could not fetch price for NIFTY16SEP25C252
2025-09-14 20:21:34,450 - INFO - Getting token and lot size for trading symbol: NIFTY16SEP25C25
2025-09-14 20:21:34,450 - ERROR - No token found for NIFTY16SEP25C25
2025-09-14 20:21:34,468 - INFO - Available NFO symbols (first 10): ['ZYDUSLIFE30SEP25P1360' 'ZYDUSLIFE30SEP25C1360' 'ZYDUSLIFE30SEP25P1320'
 'ZYDUSLIFE30SEP25C1320' 'ZYDUSLIFE30SEP25P1280' 'ZYDUSLIFE30SEP25C1280'
 'ZYDUSLIFE30SEP25P1260' 'ZYDUSLIFE30SEP25C1260' 'ZYDUSLIFE30SEP25P1240'
 'ZYDUSLIFE30SEP25C1240']
2025-09-14 20:21:34,468 - WARNING - Lot size not found for NIFTY16SEP25C25, using default quantities
2025-09-14 20:21:34,468 - INFO - Getting token for trading symbol: NIFTY16SEP25C25
2025-09-14 20:21:34,476 - ERROR - No token found for NIFTY16SEP25C25
2025-09-14 20:21:34,494 - INFO - Available NFO symbols (first 10): ['ZYDUSLIFE30SEP25P1360' 'ZYDUSLIFE30SEP25C1360' 'ZYDUSLIFE30SEP25P1320'
 'ZYDUSLIFE30SEP25C1320' 'ZYDUSLIFE30SEP25P1280' 'ZYDUSLIFE30SEP25C1280'
 'ZYDUSLIFE30SEP25P1260' 'ZYDUSLIFE30SEP25C1260' 'ZYDUSLIFE30SEP25P1240'
 'ZYDUSLIFE30SEP25C1240']
2025-09-14 20:21:34,496 - WARNING - Could not fetch price for NIFTY16SEP25C25
2025-09-14 20:21:42,409 - INFO - Getting token and lot size for trading symbol: NIFTY16SEP25C2
2025-09-14 20:21:42,418 - ERROR - No token found for NIFTY16SEP25C2
2025-09-14 20:21:42,431 - INFO - Available NFO symbols (first 10): ['ZYDUSLIFE30SEP25P1360' 'ZYDUSLIFE30SEP25C1360' 'ZYDUSLIFE30SEP25P1320'
 'ZYDUSLIFE30SEP25C1320' 'ZYDUSLIFE30SEP25P1280' 'ZYDUSLIFE30SEP25C1280'
 'ZYDUSLIFE30SEP25P1260' 'ZYDUSLIFE30SEP25C1260' 'ZYDUSLIFE30SEP25P1240'
 'ZYDUSLIFE30SEP25C1240']
2025-09-14 20:21:42,432 - WARNING - Lot size not found for NIFTY16SEP25C2, using default quantities
2025-09-14 20:21:42,435 - INFO - Getting token for trading symbol: NIFTY16SEP25C2
2025-09-14 20:21:42,443 - ERROR - No token found for NIFTY16SEP25C2
2025-09-14 20:21:42,456 - INFO - Available NFO symbols (first 10): ['ZYDUSLIFE30SEP25P1360' 'ZYDUSLIFE30SEP25C1360' 'ZYDUSLIFE30SEP25P1320'
 'ZYDUSLIFE30SEP25C1320' 'ZYDUSLIFE30SEP25P1280' 'ZYDUSLIFE30SEP25C1280'
 'ZYDUSLIFE30SEP25P1260' 'ZYDUSLIFE30SEP25C1260' 'ZYDUSLIFE30SEP25P1240'
 'ZYDUSLIFE30SEP25C1240']
2025-09-14 20:21:42,456 - WARNING - Could not fetch price for NIFTY16SEP25C2
2025-09-14 20:21:43,461 - INFO - Getting token and lot size for trading symbol: NIFTY16SEP25C26
2025-09-14 20:21:43,477 - ERROR - No token found for NIFTY16SEP25C26
2025-09-14 20:21:43,492 - INFO - Available NFO symbols (first 10): ['ZYDUSLIFE30SEP25P1360' 'ZYDUSLIFE30SEP25C1360' 'ZYDUSLIFE30SEP25P1320'
 'ZYDUSLIFE30SEP25C1320' 'ZYDUSLIFE30SEP25P1280' 'ZYDUSLIFE30SEP25C1280'
 'ZYDUSLIFE30SEP25P1260' 'ZYDUSLIFE30SEP25C1260' 'ZYDUSLIFE30SEP25P1240'
 'ZYDUSLIFE30SEP25C1240']
2025-09-14 20:21:43,496 - WARNING - Lot size not found for NIFTY16SEP25C26, using default quantities
2025-09-14 20:21:43,498 - INFO - Getting token for trading symbol: NIFTY16SEP25C26
2025-09-14 20:21:43,505 - ERROR - No token found for NIFTY16SEP25C26
2025-09-14 20:21:43,521 - INFO - Available NFO symbols (first 10): ['ZYDUSLIFE30SEP25P1360' 'ZYDUSLIFE30SEP25C1360' 'ZYDUSLIFE30SEP25P1320'
 'ZYDUSLIFE30SEP25C1320' 'ZYDUSLIFE30SEP25P1280' 'ZYDUSLIFE30SEP25C1280'
 'ZYDUSLIFE30SEP25P1260' 'ZYDUSLIFE30SEP25C1260' 'ZYDUSLIFE30SEP25P1240'
 'ZYDUSLIFE30SEP25C1240']
2025-09-14 20:21:43,523 - WARNING - Could not fetch price for NIFTY16SEP25C26
2025-09-14 20:21:43,753 - INFO - Getting token and lot size for trading symbol: NIFTY16SEP25C260
2025-09-14 20:21:43,760 - ERROR - No token found for NIFTY16SEP25C260
2025-09-14 20:21:43,770 - INFO - Available NFO symbols (first 10): ['ZYDUSLIFE30SEP25P1360' 'ZYDUSLIFE30SEP25C1360' 'ZYDUSLIFE30SEP25P1320'
 'ZYDUSLIFE30SEP25C1320' 'ZYDUSLIFE30SEP25P1280' 'ZYDUSLIFE30SEP25C1280'
 'ZYDUSLIFE30SEP25P1260' 'ZYDUSLIFE30SEP25C1260' 'ZYDUSLIFE30SEP25P1240'
 'ZYDUSLIFE30SEP25C1240']
2025-09-14 20:21:43,773 - WARNING - Lot size not found for NIFTY16SEP25C260, using default quantities
2025-09-14 20:21:43,776 - INFO - Getting token for trading symbol: NIFTY16SEP25C260
2025-09-14 20:21:43,781 - ERROR - No token found for NIFTY16SEP25C260
2025-09-14 20:21:43,799 - INFO - Available NFO symbols (first 10): ['ZYDUSLIFE30SEP25P1360' 'ZYDUSLIFE30SEP25C1360' 'ZYDUSLIFE30SEP25P1320'
 'ZYDUSLIFE30SEP25C1320' 'ZYDUSLIFE30SEP25P1280' 'ZYDUSLIFE30SEP25C1280'
 'ZYDUSLIFE30SEP25P1260' 'ZYDUSLIFE30SEP25C1260' 'ZYDUSLIFE30SEP25P1240'
 'ZYDUSLIFE30SEP25C1240']
2025-09-14 20:21:43,802 - WARNING - Could not fetch price for NIFTY16SEP25C260
2025-09-14 20:21:43,945 - INFO - Getting token and lot size for trading symbol: NIFTY16SEP25C2600
2025-09-14 20:21:43,948 - ERROR - No token found for NIFTY16SEP25C2600
2025-09-14 20:21:43,966 - INFO - Available NFO symbols (first 10): ['ZYDUSLIFE30SEP25P1360' 'ZYDUSLIFE30SEP25C1360' 'ZYDUSLIFE30SEP25P1320'
 'ZYDUSLIFE30SEP25C1320' 'ZYDUSLIFE30SEP25P1280' 'ZYDUSLIFE30SEP25C1280'
 'ZYDUSLIFE30SEP25P1260' 'ZYDUSLIFE30SEP25C1260' 'ZYDUSLIFE30SEP25P1240'
 'ZYDUSLIFE30SEP25C1240']
2025-09-14 20:21:43,968 - WARNING - Lot size not found for NIFTY16SEP25C2600, using default quantities
2025-09-14 20:21:43,968 - INFO - Getting token for trading symbol: NIFTY16SEP25C2600
2025-09-14 20:21:43,974 - ERROR - No token found for NIFTY16SEP25C2600
2025-09-14 20:21:43,993 - INFO - Available NFO symbols (first 10): ['ZYDUSLIFE30SEP25P1360' 'ZYDUSLIFE30SEP25C1360' 'ZYDUSLIFE30SEP25P1320'
 'ZYDUSLIFE30SEP25C1320' 'ZYDUSLIFE30SEP25P1280' 'ZYDUSLIFE30SEP25C1280'
 'ZYDUSLIFE30SEP25P1260' 'ZYDUSLIFE30SEP25C1260' 'ZYDUSLIFE30SEP25P1240'
 'ZYDUSLIFE30SEP25C1240']
2025-09-14 20:21:43,996 - WARNING - Could not fetch price for NIFTY16SEP25C2600
2025-09-14 20:21:44,134 - INFO - Getting token and lot size for trading symbol: NIFTY16SEP25C26000
2025-09-14 20:21:44,138 - INFO - Found NFO token and lot size for NIFTY16SEP25C26000: 44856, 75
2025-09-14 20:21:44,138 - INFO - Generated quantity options for lot size 75: ['75', '150', '225', '300', '375', '450', '525', '600', '675', '750']
2025-09-14 20:21:44,138 - INFO - Updated quantity options for NIFTY16SEP25C26000 with lot size 75: ['75', '150', '225', '300', '375', '450', '525', '600', '675', '750']
2025-09-14 20:21:44,141 - INFO - Getting token for trading symbol: NIFTY16SEP25C26000
2025-09-14 20:21:44,146 - INFO - Found NFO token for NIFTY16SEP25C26000: 44856
2025-09-14 20:21:45,108 - INFO - Modify price fields cleared after auto-fetch
2025-09-14 20:21:45,108 - INFO - Getting token for trading symbol: NIFTY16SEP25C26000
2025-09-14 20:21:45,113 - INFO - Found NFO token for NIFTY16SEP25C26000: 44856
2025-09-14 20:21:45,113 - INFO - Unsubscribed from previous: NFO|44730
2025-09-14 20:21:45,113 - INFO - Subscribed to live price feed via master account: NFO|44856
2025-09-14 20:21:45,113 - INFO - Auto-subscribed to NIFTY16SEP25C26000 at price 1.35
2025-09-14 20:45:01,963 - INFO - Application interrupted by user
2025-09-14 20:45:05,709 - INFO - Downloading master files...
2025-09-14 20:45:05,709 - INFO - Finding expiry dates...
2025-09-14 20:45:05,842 - INFO - System initialization completed successfully
2025-09-14 20:45:06,309 - INFO - Generated fresh 2FA for account 1: 606036
2025-09-14 20:45:08,411 - INFO - PnL updated for account 1 (active): 0.0
2025-09-14 20:45:08,411 - INFO - Master account initialized successfully: ROOPAL SONI
2025-09-14 20:57:03,476 - INFO - Application interrupted by user
2025-09-14 20:57:07,802 - INFO - Downloading master files...
2025-09-14 20:57:07,802 - INFO - Finding expiry dates...
2025-09-14 20:57:07,933 - INFO - System initialization completed successfully
2025-09-14 20:57:08,400 - INFO - Generated fresh 2FA for account 1: 411169
2025-09-14 20:57:09,798 - INFO - PnL updated for account 1 (active): 0.0
2025-09-14 20:57:09,798 - INFO - Master account initialized successfully: ROOPAL SONI
2025-09-14 20:57:58,238 - INFO - Downloading master files...
2025-09-14 20:57:58,238 - INFO - Finding expiry dates...
2025-09-14 20:57:58,382 - INFO - System initialization completed successfully
2025-09-14 20:57:58,814 - INFO - Generated fresh 2FA for account 1: 743800
2025-09-14 20:58:00,140 - INFO - PnL updated for account 1 (active): 0.0
2025-09-14 20:58:00,140 - INFO - Master account initialized successfully: ROOPAL SONI
2025-09-14 20:58:10,622 - INFO - Cleared option and strike selections - no active orders
2025-09-14 20:58:11,393 - INFO - Fetched NIFTY price: 24584.85
2025-09-14 20:58:11,393 - INFO - Updated strikes for NIFTY based on price 24584.85 and option None: [24250, 24300, 24350, 24400, 24450, 24500, 24550, 24600, 24650, 24700, 24750, 24800, 24850, 24900, 24950]
2025-09-14 20:58:16,249 - INFO - Fetched NIFTY price: 24584.85
2025-09-14 20:58:16,251 - INFO - Index LTP for NIFTY: 24584.85
2025-09-14 20:58:16,941 - INFO - Fetched NIFTY price: 24584.85
2025-09-14 20:58:16,941 - INFO - Updated strikes for NIFTY CE based on price 24584.85: [24500, 24550, 24600, 24650, 24700, 24750, 24800, 24850, 24900, 24950, 25000, 25050, 25100, 25150, 25200]
2025-09-14 20:58:21,281 - INFO - Getting token and lot size for trading symbol: NIFTY16SEP25C25200
2025-09-14 20:58:21,281 - INFO - Found NFO token and lot size for NIFTY16SEP25C25200: 44730, 75
2025-09-14 20:58:21,281 - INFO - Generated quantity options for lot size 75: ['75', '150', '225', '300', '375', '450', '525', '600', '675', '750']
2025-09-14 20:58:21,281 - INFO - Updated quantity options for NIFTY16SEP25C25200 with lot size 75: ['75', '150', '225', '300', '375', '450', '525', '600', '675', '750']
2025-09-14 20:58:21,281 - INFO - Getting token for trading symbol: NIFTY16SEP25C25200
2025-09-14 20:58:21,300 - INFO - Found NFO token for NIFTY16SEP25C25200: 44730
2025-09-14 20:58:21,996 - INFO - Modify price fields cleared after auto-fetch
2025-09-14 20:58:21,996 - INFO - Getting token for trading symbol: NIFTY16SEP25C25200
2025-09-14 20:58:21,999 - INFO - Found NFO token for NIFTY16SEP25C25200: 44730
2025-09-14 20:58:21,999 - INFO - Subscribed to live price feed via master account: NFO|44730
2025-09-14 20:58:21,999 - INFO - Auto-subscribed to NIFTY16SEP25C25200 at price 45.0
2025-09-14 20:58:27,005 - INFO - Getting token and lot size for trading symbol: NIFTY16SEP25C25200
2025-09-14 20:58:27,011 - INFO - Found NFO token and lot size for NIFTY16SEP25C25200: 44730, 75
2025-09-14 20:58:27,011 - INFO - Generated quantity options for lot size 75: ['75', '150', '225', '300', '375', '450', '525', '600', '675', '750']
2025-09-14 20:58:27,011 - INFO - Updated quantity options for NIFTY16SEP25C25200 with lot size 75: ['75', '150', '225', '300', '375', '450', '525', '600', '675', '750']
2025-09-14 20:58:27,011 - INFO - Getting token and lot size for trading symbol: NIFTY16SEP25C25200
2025-09-14 20:58:27,022 - INFO - Found NFO token and lot size for NIFTY16SEP25C25200: 44730, 75
2025-09-14 20:58:27,022 - INFO - Using same quantity for both accounts: 75 (lot size: 75)
2025-09-14 20:58:27,022 - INFO - Active accounts: [1]
2025-09-14 20:58:27,022 - INFO - Placing buy orders for accounts: [1]
2025-09-14 20:58:27,022 - INFO - Trading symbol: NIFTY16SEP25C25200, Price: 45.0
2025-09-14 20:58:27,022 - INFO - Quantities: [75]
2025-09-14 20:58:27,022 - INFO - Account 1: API=True, Qty=75, Active=True
2025-09-14 20:58:27,022 - INFO - Placing order for account 1 with parameters: {'buy_or_sell': 'B', 'product_type': 'I', 'exchange': 'NFO', 'tradingsymbol': 'NIFTY16SEP25C25200', 'quantity': 75, 'discloseqty': 0, 'price_type': 'LMT', 'price': 45.0, 'trigger_price': None, 'retention': 'DAY', 'amo': 'NO', 'remarks': None}
2025-09-14 20:58:27,022 - INFO - API instance for account 1: True
2025-09-14 20:58:27,636 - INFO - API response: {'request_time': '20:58:27 14-09-2025', 'stat': 'Ok', 'norenordno': '25091300006491'}
2025-09-14 20:58:27,636 - INFO - API response type: <class 'dict'>
2025-09-14 20:58:27,648 - INFO - Buy order placed successfully: {'request_time': '20:58:27 14-09-2025', 'stat': 'Ok', 'norenordno': '25091300006491'}
2025-09-14 20:58:27,649 - INFO - New order received: 25091300006491
2025-09-14 20:58:27,653 - INFO - Order status debug - status: 'PENDING', reporttype: 'NewAck', trantype: 'B', price: '45.00'
2025-09-14 20:58:27,653 - INFO - Buy button disabled to prevent duplicate orders
2025-09-14 20:58:27,658 - INFO - Cancel Buy and Modify Buy buttons enabled after buy orders placed
2025-09-14 20:58:27,659 - INFO - Exit button kept disabled until buy orders are completed
2025-09-14 20:58:27,659 - INFO - Master order status updated: Buy Order PENDING @ 45.00
2025-09-14 20:58:27,662 - INFO - Updating order 25091300006491
2025-09-14 20:58:27,662 - INFO - Order status debug - status: 'REJECTED', reporttype: 'Rejected', trantype: 'B', price: '45.00'
2025-09-14 20:58:27,665 - ERROR - Error processing order update for account 1: Must have equal len keys and value when setting with an iterable
2025-09-14 20:58:27,666 - INFO - Master order status updated: Order Rejected: RED:'MIS' Orders are disallowed after system square off
2025-09-14 20:58:27,674 - INFO - Order data saved to orders.csv
2025-09-14 20:58:27,676 - INFO - Account 1 - B PENDING NewAck
2025-09-14 20:58:28,270 - INFO - PnL updated for account 1 (active): 0.0
2025-09-14 20:58:28,278 - INFO - Order state updated - Master: PENDING, Child: None
2025-09-14 20:58:35,687 - INFO - Generated fresh 2FA for account 2: 145262
2025-09-14 20:58:36,285 - INFO - Child account logged in - Order blocking reset
2025-09-14 20:58:36,957 - INFO - PnL updated for account 2 (active): 0.0
2025-09-14 20:58:40,510 - INFO - Buttons released - ready for new orders
2025-09-14 20:58:44,216 - INFO - Getting token and lot size for trading symbol: NIFTY16SEP25C25200
2025-09-14 20:58:44,236 - INFO - Found NFO token and lot size for NIFTY16SEP25C25200: 44730, 75
2025-09-14 20:58:44,238 - INFO - Generated quantity options for lot size 75: ['75', '150', '225', '300', '375', '450', '525', '600', '675', '750']
2025-09-14 20:58:44,238 - INFO - Updated quantity options for NIFTY16SEP25C25200 with lot size 75: ['75', '150', '225', '300', '375', '450', '525', '600', '675', '750']
2025-09-14 20:58:44,238 - INFO - Getting token and lot size for trading symbol: NIFTY16SEP25C25200
2025-09-14 20:58:44,243 - INFO - Found NFO token and lot size for NIFTY16SEP25C25200: 44730, 75
2025-09-14 20:58:44,243 - INFO - Using same quantity for both accounts: 75 (lot size: 75)
2025-09-14 20:58:44,243 - INFO - Active accounts: [1, 2]
2025-09-14 20:58:44,248 - INFO - Placing buy orders for accounts: [1, 2]
2025-09-14 20:58:44,249 - INFO - Trading symbol: NIFTY16SEP25C25200, Price: 45.0
2025-09-14 20:58:44,249 - INFO - Quantities: [75, 75]
2025-09-14 20:58:44,250 - INFO - Account 1: API=True, Qty=75, Active=True
2025-09-14 20:58:44,250 - INFO - Placing order for account 1 with parameters: {'buy_or_sell': 'B', 'product_type': 'I', 'exchange': 'NFO', 'tradingsymbol': 'NIFTY16SEP25C25200', 'quantity': 75, 'discloseqty': 0, 'price_type': 'LMT', 'price': 45.0, 'trigger_price': None, 'retention': 'DAY', 'amo': 'NO', 'remarks': None}
2025-09-14 20:58:44,251 - INFO - Account 2: API=True, Qty=75, Active=True
2025-09-14 20:58:44,252 - INFO - API instance for account 1: True
2025-09-14 20:58:44,252 - INFO - Placing order for account 2 with parameters: {'buy_or_sell': 'B', 'product_type': 'I', 'exchange': 'NFO', 'tradingsymbol': 'NIFTY16SEP25C25200', 'quantity': 75, 'discloseqty': 0, 'price_type': 'LMT', 'price': 45.0, 'trigger_price': None, 'retention': 'DAY', 'amo': 'NO', 'remarks': None}
2025-09-14 20:58:44,254 - INFO - API instance for account 2: True
2025-09-14 20:58:45,043 - INFO - API response: {'request_time': '20:58:45 14-09-2025', 'stat': 'Ok', 'norenordno': '25091300006492'}
2025-09-14 20:58:45,043 - INFO - New order received: 25091300006492
2025-09-14 20:58:45,043 - INFO - API response type: <class 'dict'>
2025-09-14 20:58:45,043 - INFO - Order status debug - status: 'PENDING', reporttype: 'NewAck', trantype: 'B', price: '45.00'
2025-09-14 20:58:45,053 - INFO - Buy order placed successfully: {'request_time': '20:58:45 14-09-2025', 'stat': 'Ok', 'norenordno': '25091300006492'}
2025-09-14 20:58:45,058 - INFO - Order data saved to orders.csv
2025-09-14 20:58:45,060 - INFO - Account 1 - B PENDING NewAck
2025-09-14 20:58:45,060 - INFO - API response: {'request_time': '20:58:45 14-09-2025', 'stat': 'Ok', 'norenordno': '25091300006493'}
2025-09-14 20:58:45,060 - INFO - New order received: 25091300006493
2025-09-14 20:58:45,060 - INFO - API response type: <class 'dict'>
2025-09-14 20:58:45,060 - INFO - Order status debug - status: 'PENDING', reporttype: 'NewAck', trantype: 'B', price: '45.00'
2025-09-14 20:58:45,069 - INFO - Buy order placed successfully: {'request_time': '20:58:45 14-09-2025', 'stat': 'Ok', 'norenordno': '25091300006493'}
2025-09-14 20:58:45,071 - INFO - Order data saved to orders.csv
2025-09-14 20:58:45,071 - INFO - Cross-account coordination started
2025-09-14 20:58:45,071 - INFO - Account 2 - B PENDING NewAck
2025-09-14 20:58:45,074 - INFO - Cross-account coordination started for buy orders
2025-09-14 20:58:45,074 - INFO - Buy button disabled to prevent duplicate orders
2025-09-14 20:58:45,077 - INFO - Cancel Buy and Modify Buy buttons enabled after buy orders placed
2025-09-14 20:58:45,078 - INFO - Exit button kept disabled until buy orders are completed
2025-09-14 20:58:45,078 - INFO - Master order status updated: Buy Order PENDING @ 45.00
2025-09-14 20:58:45,078 - INFO - Child order status updated: Buy Order PENDING @ 45.00
2025-09-14 20:58:45,095 - INFO - Updating order 25091300006492
2025-09-14 20:58:45,095 - INFO - Order status debug - status: 'REJECTED', reporttype: 'Rejected', trantype: 'B', price: '45.00'
2025-09-14 20:58:45,099 - ERROR - Error processing order update for account 1: Must have equal len keys and value when setting with an iterable
2025-09-14 20:58:45,100 - INFO - Updating order 25091300006493
2025-09-14 20:58:45,100 - INFO - Order status debug - status: 'REJECTED', reporttype: 'Rejected', trantype: 'B', price: '45.00'
2025-09-14 20:58:45,100 - INFO - Master order status updated: Order Rejected: RED:'MIS' Orders are disallowed after system square off
2025-09-14 20:58:45,106 - ERROR - Error processing order update for account 2: Must have equal len keys and value when setting with an iterable
2025-09-14 20:58:45,110 - INFO - Child order status updated: Order Rejected: RED:'MIS' Orders are disallowed after system square off
2025-09-14 20:58:45,862 - INFO - PnL updated for account 1 (active): 0.0
2025-09-14 20:58:45,862 - INFO - Order state updated - Master: PENDING, Child: None
2025-09-14 20:58:45,862 - INFO - Checking coordination - Master: PENDING, Child: None
2025-09-14 20:58:45,890 - INFO - PnL updated for account 2 (active): 0.0
2025-09-14 20:58:45,890 - INFO - Order state updated - Master: PENDING, Child: PENDING
2025-09-14 20:58:45,890 - INFO - Checking coordination - Master: PENDING, Child: PENDING
2025-09-14 20:58:49,453 - INFO - Order 25091300006492 cancelled successfully
2025-09-14 20:58:49,453 - INFO - Updating order 25091300006492
2025-09-14 20:58:49,453 - INFO - Order status debug - status: 'REJECTED', reporttype: 'CancelRejected', trantype: 'B', price: '45.00'
2025-09-14 20:58:49,453 - ERROR - Error processing order update for account 1: Must have equal len keys and value when setting with an iterable
2025-09-14 20:58:49,453 - INFO - Master buy order cancelled successfully
2025-09-14 20:58:49,470 - INFO - Master order status updated: Order Rejected: SAF:order is not open to cancel
2025-09-14 21:02:24,708 - INFO - Downloading master files...
2025-09-14 21:02:24,708 - INFO - Finding expiry dates...
2025-09-14 21:02:24,842 - INFO - System initialization completed successfully
2025-09-14 21:02:25,364 - INFO - Generated fresh 2FA for account 1: 111694
2025-09-14 21:02:26,693 - INFO - PnL updated for account 1 (active): 0.0
2025-09-14 21:02:26,693 - INFO - Master account initialized successfully: ROOPAL SONI
2025-09-14 21:02:39,055 - INFO - Generated fresh 2FA for account 2: 823949
2025-09-14 21:02:39,725 - INFO - Child account logged in - Order blocking reset
2025-09-14 21:02:40,377 - INFO - PnL updated for account 2 (active): 0.0
2025-09-14 21:02:41,548 - INFO - Cleared option and strike selections - no active orders
2025-09-14 21:02:42,233 - INFO - Fetched NIFTY price: 24584.85
2025-09-14 21:02:42,233 - INFO - Updated strikes for NIFTY based on price 24584.85 and option None: [24250, 24300, 24350, 24400, 24450, 24500, 24550, 24600, 24650, 24700, 24750, 24800, 24850, 24900, 24950]
2025-09-14 21:02:45,427 - INFO - Fetched NIFTY price: 24584.85
2025-09-14 21:02:45,427 - INFO - Index LTP for NIFTY: 24584.85
2025-09-14 21:02:46,089 - INFO - Fetched NIFTY price: 24584.85
2025-09-14 21:02:46,089 - INFO - Updated strikes for NIFTY CE based on price 24584.85: [24500, 24550, 24600, 24650, 24700, 24750, 24800, 24850, 24900, 24950, 25000, 25050, 25100, 25150, 25200]
2025-09-14 21:02:49,060 - INFO - Getting token and lot size for trading symbol: NIFTY16SEP25C25200
2025-09-14 21:02:49,065 - INFO - Found NFO token and lot size for NIFTY16SEP25C25200: 44730, 75
2025-09-14 21:02:49,065 - INFO - Generated quantity options for lot size 75: ['75', '150', '225', '300', '375', '450', '525', '600', '675', '750']
2025-09-14 21:02:49,065 - INFO - Updated quantity options for NIFTY16SEP25C25200 with lot size 75: ['75', '150', '225', '300', '375', '450', '525', '600', '675', '750']
2025-09-14 21:02:49,065 - INFO - Getting token for trading symbol: NIFTY16SEP25C25200
2025-09-14 21:02:49,075 - INFO - Found NFO token for NIFTY16SEP25C25200: 44730
2025-09-14 21:02:49,829 - INFO - Modify price fields cleared after auto-fetch
2025-09-14 21:02:49,829 - INFO - Getting token for trading symbol: NIFTY16SEP25C25200
2025-09-14 21:02:49,845 - INFO - Found NFO token for NIFTY16SEP25C25200: 44730
2025-09-14 21:02:49,845 - INFO - Subscribed to live price feed via master account: NFO|44730
2025-09-14 21:02:49,845 - INFO - Auto-subscribed to NIFTY16SEP25C25200 at price 45.0
2025-09-14 21:02:53,290 - INFO - Getting token and lot size for trading symbol: NIFTY16SEP25C25200
2025-09-14 21:02:53,301 - INFO - Found NFO token and lot size for NIFTY16SEP25C25200: 44730, 75
2025-09-14 21:02:53,301 - INFO - Generated quantity options for lot size 75: ['75', '150', '225', '300', '375', '450', '525', '600', '675', '750']
2025-09-14 21:02:53,301 - INFO - Updated quantity options for NIFTY16SEP25C25200 with lot size 75: ['75', '150', '225', '300', '375', '450', '525', '600', '675', '750']
2025-09-14 21:02:53,301 - INFO - Getting token and lot size for trading symbol: NIFTY16SEP25C25200
2025-09-14 21:02:53,309 - INFO - Found NFO token and lot size for NIFTY16SEP25C25200: 44730, 75
2025-09-14 21:02:53,309 - INFO - Using same quantity for both accounts: 75 (lot size: 75)
2025-09-14 21:02:53,309 - INFO - Active accounts: [1, 2]
2025-09-14 21:02:53,309 - INFO - Placing buy orders for accounts: [1, 2]
2025-09-14 21:02:53,309 - INFO - Trading symbol: NIFTY16SEP25C25200, Price: 45.0
2025-09-14 21:02:53,309 - INFO - Quantities: [75, 75]
2025-09-14 21:02:53,309 - INFO - Account 1: API=True, Qty=75, Active=True
2025-09-14 21:02:53,317 - INFO - Placing order for account 1 with parameters: {'buy_or_sell': 'B', 'product_type': 'I', 'exchange': 'NFO', 'tradingsymbol': 'NIFTY16SEP25C25200', 'quantity': 75, 'discloseqty': 0, 'price_type': 'LMT', 'price': 45.0, 'trigger_price': None, 'retention': 'DAY', 'amo': 'NO', 'remarks': None}
2025-09-14 21:02:53,317 - INFO - Account 2: API=True, Qty=75, Active=True
2025-09-14 21:02:53,317 - INFO - API instance for account 1: True
2025-09-14 21:02:53,318 - INFO - Placing order for account 2 with parameters: {'buy_or_sell': 'B', 'product_type': 'I', 'exchange': 'NFO', 'tradingsymbol': 'NIFTY16SEP25C25200', 'quantity': 75, 'discloseqty': 0, 'price_type': 'LMT', 'price': 45.0, 'trigger_price': None, 'retention': 'DAY', 'amo': 'NO', 'remarks': None}
2025-09-14 21:02:53,318 - INFO - API instance for account 2: True
2025-09-14 21:02:54,160 - INFO - API response: {'request_time': '21:02:54 14-09-2025', 'stat': 'Ok', 'norenordno': '25091300006495'}
2025-09-14 21:02:54,160 - INFO - API response type: <class 'dict'>
2025-09-14 21:02:54,160 - INFO - Buy order placed successfully: {'request_time': '21:02:54 14-09-2025', 'stat': 'Ok', 'norenordno': '25091300006495'}
2025-09-14 21:02:54,160 - INFO - New order received: 25091300006496
2025-09-14 21:02:54,160 - INFO - Order status debug - status: 'PENDING', reporttype: 'NewAck', trantype: 'B', price: '45.00'
2025-09-14 21:02:54,160 - INFO - New order received: 25091300006495
2025-09-14 21:02:54,160 - INFO - Order status debug - status: 'PENDING', reporttype: 'NewAck', trantype: 'B', price: '45.00'
2025-09-14 21:02:54,175 - INFO - API response: {'request_time': '21:02:54 14-09-2025', 'stat': 'Ok', 'norenordno': '25091300006496'}
2025-09-14 21:02:54,185 - INFO - Order data saved to orders.csv
2025-09-14 21:02:54,185 - INFO - Order data saved to orders.csv
2025-09-14 21:02:54,187 - INFO - API response type: <class 'dict'>
2025-09-14 21:02:54,187 - INFO - Buy order placed successfully: {'request_time': '21:02:54 14-09-2025', 'stat': 'Ok', 'norenordno': '25091300006496'}
2025-09-14 21:02:54,187 - INFO - Account 1 - B PENDING NewAck
2025-09-14 21:02:54,190 - INFO - Account 2 - B PENDING NewAck
2025-09-14 21:02:54,194 - INFO - Cross-account coordination started
2025-09-14 21:02:54,198 - INFO - Cross-account coordination started for buy orders
2025-09-14 21:02:54,200 - INFO - Buy button disabled to prevent duplicate orders
2025-09-14 21:02:54,200 - INFO - Cancel Buy and Modify Buy buttons enabled after buy orders placed
2025-09-14 21:02:54,200 - INFO - Exit button kept disabled until buy orders are completed
2025-09-14 21:02:54,202 - INFO - Child order status updated: Buy Order PENDING @ 45.00
2025-09-14 21:02:54,202 - INFO - Master order status updated: Buy Order PENDING @ 45.00
2025-09-14 21:02:54,213 - INFO - Updating order 25091300006496
2025-09-14 21:02:54,213 - INFO - Order status debug - status: 'REJECTED', reporttype: 'Rejected', trantype: 'B', price: '45.00'
2025-09-14 21:02:54,217 - ERROR - Error processing order update for account 2: Must have equal len keys and value when setting with an iterable
2025-09-14 21:02:54,218 - INFO - Updating order 25091300006495
2025-09-14 21:02:54,218 - INFO - Order status debug - status: 'REJECTED', reporttype: 'Rejected', trantype: 'B', price: '45.00'
2025-09-14 21:02:54,218 - INFO - Child order status updated: Order Rejected: RED:'MIS' Orders are disallowed after system square off
2025-09-14 21:02:54,222 - ERROR - Error processing order update for account 1: Must have equal len keys and value when setting with an iterable
2025-09-14 21:02:54,225 - INFO - Master order status updated: Order Rejected: RED:'MIS' Orders are disallowed after system square off
2025-09-14 21:02:54,981 - INFO - PnL updated for account 1 (active): 0.0
2025-09-14 21:02:54,981 - INFO - Order state updated - Master: PENDING, Child: None
2025-09-14 21:02:54,981 - INFO - Checking coordination - Master: PENDING, Child: None
2025-09-14 21:02:55,009 - INFO - PnL updated for account 2 (active): 0.0
2025-09-14 21:02:55,012 - INFO - Order state updated - Master: PENDING, Child: PENDING
2025-09-14 21:02:55,012 - INFO - Checking coordination - Master: PENDING, Child: PENDING
2025-09-14 21:02:57,124 - INFO - Order 25091300006495 cancelled successfully
2025-09-14 21:02:57,124 - INFO - Updating order 25091300006495
2025-09-14 21:02:57,124 - INFO - Order status debug - status: 'REJECTED', reporttype: 'CancelRejected', trantype: 'B', price: '45.00'
2025-09-14 21:02:57,124 - ERROR - Error processing order update for account 1: Must have equal len keys and value when setting with an iterable
2025-09-14 21:02:57,124 - INFO - Master buy order cancelled successfully
2025-09-14 21:02:57,124 - INFO - Master order status updated: Order Rejected: SAF:order is not open to cancel
2025-09-14 21:03:01,321 - INFO - Order 25091300006496 cancelled successfully
2025-09-14 21:03:01,321 - INFO - Updating order 25091300006496
2025-09-14 21:03:01,321 - INFO - Order status debug - status: 'REJECTED', reporttype: 'CancelRejected', trantype: 'B', price: '45.00'
2025-09-14 21:03:01,337 - ERROR - Error processing order update for account 2: Must have equal len keys and value when setting with an iterable
2025-09-14 21:03:01,337 - INFO - Child buy order cancelled successfully
2025-09-14 21:03:01,340 - INFO - Child order status updated: Order Rejected: SAF:order is not open to cancel
2025-09-14 21:03:04,360 - INFO - Order 25091300006496 cancelled successfully
2025-09-14 21:03:04,360 - INFO - Updating order 25091300006496
2025-09-14 21:03:04,360 - INFO - Order status debug - status: 'REJECTED', reporttype: 'CancelRejected', trantype: 'B', price: '45.00'
2025-09-14 21:03:04,360 - ERROR - Error processing order update for account 2: Must have equal len keys and value when setting with an iterable
2025-09-14 21:03:04,377 - INFO - Order 25091300006495 cancelled successfully
2025-09-14 21:03:04,377 - INFO - Buy button re-enabled after cancelling buy orders
2025-09-14 21:03:04,379 - INFO - SL and Target monitoring reset and fields cleared
2025-09-14 21:03:04,379 - INFO - Updating order 25091300006495
2025-09-14 21:03:04,379 - INFO - Order status debug - status: 'REJECTED', reporttype: 'CancelRejected', trantype: 'B', price: '45.00'
2025-09-14 21:03:04,381 - INFO - Child order status updated: Order Rejected: SAF:order is not open to cancel
2025-09-14 21:03:04,382 - ERROR - Error processing order update for account 1: Must have equal len keys and value when setting with an iterable
2025-09-14 21:03:04,386 - INFO - Master order status updated: Order Rejected: SAF:order is not open to cancel
2025-09-14 21:03:10,505 - INFO - Getting token and lot size for trading symbol: NIFTY16SEP25C25200
2025-09-14 21:03:10,514 - INFO - Found NFO token and lot size for NIFTY16SEP25C25200: 44730, 75
2025-09-14 21:03:10,514 - INFO - Generated quantity options for lot size 75: ['75', '150', '225', '300', '375', '450', '525', '600', '675', '750']
2025-09-14 21:03:10,514 - INFO - Updated quantity options for NIFTY16SEP25C25200 with lot size 75: ['75', '150', '225', '300', '375', '450', '525', '600', '675', '750']
2025-09-14 21:03:10,514 - INFO - Getting token and lot size for trading symbol: NIFTY16SEP25C25200
2025-09-14 21:03:10,524 - INFO - Found NFO token and lot size for NIFTY16SEP25C25200: 44730, 75
2025-09-14 21:03:10,524 - INFO - Using same quantity for both accounts: 75 (lot size: 75)
2025-09-14 21:03:10,524 - INFO - Active accounts: [1, 2]
2025-09-14 21:03:10,524 - INFO - Placing buy orders for accounts: [1, 2]
2025-09-14 21:03:10,526 - INFO - Trading symbol: NIFTY16SEP25C25200, Price: 45.0
2025-09-14 21:03:10,526 - INFO - Quantities: [75, 75]
2025-09-14 21:03:10,527 - INFO - Account 1: API=True, Qty=75, Active=True
2025-09-14 21:03:10,529 - INFO - Placing order for account 1 with parameters: {'buy_or_sell': 'B', 'product_type': 'I', 'exchange': 'NFO', 'tradingsymbol': 'NIFTY16SEP25C25200', 'quantity': 75, 'discloseqty': 0, 'price_type': 'LMT', 'price': 45.0, 'trigger_price': None, 'retention': 'DAY', 'amo': 'NO', 'remarks': None}
2025-09-14 21:03:10,529 - INFO - Account 2: API=True, Qty=75, Active=True
2025-09-14 21:03:10,530 - INFO - API instance for account 1: True
2025-09-14 21:03:10,530 - INFO - Placing order for account 2 with parameters: {'buy_or_sell': 'B', 'product_type': 'I', 'exchange': 'NFO', 'tradingsymbol': 'NIFTY16SEP25C25200', 'quantity': 75, 'discloseqty': 0, 'price_type': 'LMT', 'price': 45.0, 'trigger_price': None, 'retention': 'DAY', 'amo': 'NO', 'remarks': None}
2025-09-14 21:03:10,539 - INFO - API instance for account 2: True
2025-09-14 21:03:11,360 - INFO - API response: {'request_time': '21:03:11 14-09-2025', 'stat': 'Ok', 'norenordno': '25091300006497'}
2025-09-14 21:03:11,361 - INFO - API response type: <class 'dict'>
2025-09-14 21:03:11,362 - INFO - Buy order placed successfully: {'request_time': '21:03:11 14-09-2025', 'stat': 'Ok', 'norenordno': '25091300006497'}
2025-09-14 21:03:11,362 - INFO - New order received: 25091300006497
2025-09-14 21:03:11,362 - INFO - Order status debug - status: 'PENDING', reporttype: 'NewAck', trantype: 'B', price: '45.00'
2025-09-14 21:03:11,381 - INFO - Order data saved to orders.csv
2025-09-14 21:03:11,382 - INFO - Account 1 - B PENDING NewAck
2025-09-14 21:03:11,648 - INFO - API response: {'request_time': '21:03:11 14-09-2025', 'stat': 'Ok', 'norenordno': '25091300006498'}
2025-09-14 21:03:11,648 - INFO - API response type: <class 'dict'>
2025-09-14 21:03:11,648 - INFO - Buy order placed successfully: {'request_time': '21:03:11 14-09-2025', 'stat': 'Ok', 'norenordno': '25091300006498'}
2025-09-14 21:03:11,648 - INFO - New order received: 25091300006498
2025-09-14 21:03:11,648 - INFO - Order status debug - status: 'PENDING', reporttype: 'NewAck', trantype: 'B', price: '45.00'
2025-09-14 21:03:11,648 - INFO - Cross-account coordination started
2025-09-14 21:03:11,648 - INFO - Cross-account coordination started for buy orders
2025-09-14 21:03:11,656 - INFO - Buy button disabled to prevent duplicate orders
2025-09-14 21:03:11,656 - INFO - Order data saved to orders.csv
2025-09-14 21:03:11,658 - INFO - Cancel Buy and Modify Buy buttons enabled after buy orders placed
2025-09-14 21:03:11,658 - INFO - Exit button kept disabled until buy orders are completed
2025-09-14 21:03:11,659 - INFO - Account 2 - B PENDING NewAck
2025-09-14 21:03:11,660 - INFO - Master order status updated: Buy Order PENDING @ 45.00
2025-09-14 21:03:11,661 - INFO - Child order status updated: Buy Order PENDING @ 45.00
2025-09-14 21:03:11,677 - INFO - Updating order 25091300006498
2025-09-14 21:03:11,677 - INFO - Order status debug - status: 'REJECTED', reporttype: 'Rejected', trantype: 'B', price: '45.00'
2025-09-14 21:03:11,680 - INFO - Updating order 25091300006497
2025-09-14 21:03:11,680 - INFO - Order status debug - status: 'REJECTED', reporttype: 'Rejected', trantype: 'B', price: '45.00'
2025-09-14 21:03:11,683 - ERROR - Error processing order update for account 2: Must have equal len keys and value when setting with an iterable
2025-09-14 21:03:11,686 - ERROR - Error processing order update for account 1: Must have equal len keys and value when setting with an iterable
2025-09-14 21:03:11,686 - INFO - Child order status updated: Order Rejected: RED:'MIS' Orders are disallowed after system square off
2025-09-14 21:03:11,688 - INFO - Master order status updated: Order Rejected: RED:'MIS' Orders are disallowed after system square off
2025-09-14 21:03:12,237 - INFO - PnL updated for account 1 (active): 0.0
2025-09-14 21:03:12,237 - INFO - Order state updated - Master: PENDING, Child: None
2025-09-14 21:03:12,239 - INFO - Checking coordination - Master: PENDING, Child: None
2025-09-14 21:03:12,455 - INFO - PnL updated for account 2 (active): 0.0
2025-09-14 21:03:12,455 - INFO - Order state updated - Master: PENDING, Child: PENDING
2025-09-14 21:03:12,455 - INFO - Checking coordination - Master: PENDING, Child: PENDING
2025-09-14 21:03:15,903 - INFO - Order 25091300006497 cancelled successfully
2025-09-14 21:03:15,905 - INFO - Updating order 25091300006497
2025-09-14 21:03:15,905 - INFO - Order status debug - status: 'REJECTED', reporttype: 'CancelRejected', trantype: 'B', price: '45.00'
2025-09-14 21:03:15,910 - ERROR - Error processing order update for account 1: Must have equal len keys and value when setting with an iterable
2025-09-14 21:03:15,912 - INFO - Master buy order cancelled successfully
2025-09-14 21:03:15,912 - INFO - Master order status updated: Order Rejected: SAF:order is not open to cancel
2025-09-14 21:09:46,748 - INFO - Exiting master orders at market price
2025-09-14 21:09:47,490 - ERROR - Error in exit_master_orders_market: 'list' object has no attribute 'get'
2025-09-14 21:13:42,570 - INFO - Exiting child orders at market price
2025-09-14 21:13:43,324 - ERROR - Error in exit_child_orders_market: 'list' object has no attribute 'get'
2025-09-14 21:20:38,723 - INFO - Fetched SENSEX price: 80684.68
2025-09-14 21:20:38,723 - INFO - Updated strikes for SENSEX CE based on price 80684.68: [80500, 80600, 80700, 80800, 80900, 81000, 81100, 81200, 81300, 81400, 81500, 81600, 81700, 81800, 81900]
2025-09-14 21:20:38,723 - INFO - Getting token and lot size for trading symbol: SENSEX2591825200CE
2025-09-14 21:20:38,729 - ERROR - No token found for SENSEX2591825200CE
2025-09-14 21:20:38,764 - INFO - Available SENSEX symbols (first 10): ['SENSEX5025SEP27800PE' 'SENSEX5025SEP27750PE' 'SENSEX5025SEP27700PE'
 'SENSEX5025SEP27650PE' 'SENSEX5025SEP27600PE' 'SENSEX5025SEP27550PE'
 'SENSEX5025SEP27500PE' 'SENSEX5025SEP27450PE' 'SENSEX5025SEP27400PE'
 'SENSEX5025SEP27350PE']
2025-09-14 21:20:38,764 - ERROR - Error in fallback conversion: time data '918' does not match format '%b'
2025-09-14 21:20:38,764 - WARNING - Lot size not found for SENSEX2591825200CE, using default quantities
2025-09-14 21:20:39,439 - INFO - Fetched SENSEX price: 80684.68
2025-09-14 21:20:39,439 - INFO - Updated strikes for SENSEX based on price 80684.68 and option CE: [80500, 80600, 80700, 80800, 80900, 81000, 81100, 81200, 81300, 81400, 81500, 81600, 81700, 81800, 81900]
2025-09-14 21:20:54,593 - INFO - Fetched SENSEX price: 80684.68
2025-09-14 21:20:54,593 - INFO - Index LTP for SENSEX: 80684.68
2025-09-14 21:20:55,205 - INFO - Fetched SENSEX price: 80684.68
2025-09-14 21:20:55,205 - INFO - Updated strikes for SENSEX PE based on price 80684.68: [79500, 79600, 79700, 79800, 79900, 80000, 80100, 80200, 80300, 80400, 80500, 80600, 80700, 80800, 80900]
2025-09-14 21:20:55,205 - INFO - Getting token and lot size for trading symbol: SENSEX2591825200PE
2025-09-14 21:20:55,211 - ERROR - No token found for SENSEX2591825200PE
2025-09-14 21:20:55,234 - INFO - Available SENSEX symbols (first 10): ['SENSEX5025SEP27800PE' 'SENSEX5025SEP27750PE' 'SENSEX5025SEP27700PE'
 'SENSEX5025SEP27650PE' 'SENSEX5025SEP27600PE' 'SENSEX5025SEP27550PE'
 'SENSEX5025SEP27500PE' 'SENSEX5025SEP27450PE' 'SENSEX5025SEP27400PE'
 'SENSEX5025SEP27350PE']
2025-09-14 21:20:55,234 - ERROR - Error in fallback conversion: time data '918' does not match format '%b'
2025-09-14 21:20:55,238 - WARNING - Lot size not found for SENSEX2591825200PE, using default quantities
2025-09-14 21:20:58,201 - INFO - Fetched SENSEX price: 80684.68
2025-09-14 21:20:58,201 - INFO - Index LTP for SENSEX: 80684.68
2025-09-14 21:20:58,815 - INFO - Fetched SENSEX price: 80684.68
2025-09-14 21:20:58,815 - INFO - Updated strikes for SENSEX CE based on price 80684.68: [80500, 80600, 80700, 80800, 80900, 81000, 81100, 81200, 81300, 81400, 81500, 81600, 81700, 81800, 81900]
2025-09-14 21:20:58,815 - INFO - Getting token and lot size for trading symbol: SENSEX2591825200CE
2025-09-14 21:20:58,830 - ERROR - No token found for SENSEX2591825200CE
2025-09-14 21:20:58,853 - INFO - Available SENSEX symbols (first 10): ['SENSEX5025SEP27800PE' 'SENSEX5025SEP27750PE' 'SENSEX5025SEP27700PE'
 'SENSEX5025SEP27650PE' 'SENSEX5025SEP27600PE' 'SENSEX5025SEP27550PE'
 'SENSEX5025SEP27500PE' 'SENSEX5025SEP27450PE' 'SENSEX5025SEP27400PE'
 'SENSEX5025SEP27350PE']
2025-09-14 21:20:58,853 - ERROR - Error in fallback conversion: time data '918' does not match format '%b'
2025-09-14 21:20:58,857 - WARNING - Lot size not found for SENSEX2591825200CE, using default quantities
2025-09-14 21:22:37,017 - INFO - Downloading master files...
2025-09-14 21:22:37,017 - INFO - Finding expiry dates...
2025-09-14 21:22:37,117 - INFO - System initialization completed successfully
2025-09-14 21:22:37,703 - INFO - Generated fresh 2FA for account 1: 237197
2025-09-14 21:22:39,119 - INFO - PnL updated for account 1 (active): 0.0
2025-09-14 21:22:39,119 - INFO - Master account initialized successfully: ROOPAL SONI
2025-09-14 21:23:23,271 - INFO - Cleared option and strike selections - no active orders
2025-09-14 21:23:23,892 - INFO - Fetched NIFTY price: 24584.85
2025-09-14 21:23:23,892 - INFO - Updated strikes for NIFTY based on price 24584.85 and option None: [24250, 24300, 24350, 24400, 24450, 24500, 24550, 24600, 24650, 24700, 24750, 24800, 24850, 24900, 24950]
2025-09-14 21:23:26,347 - INFO - Cleared option and strike selections - no active orders
2025-09-14 21:23:26,977 - INFO - Fetched SENSEX price: 80684.68
2025-09-14 21:23:26,977 - INFO - Updated strikes for SENSEX based on price 80684.68 and option None: [80000, 80100, 80200, 80300, 80400, 80500, 80600, 80700, 80800, 80900, 81000, 81100, 81200, 81300, 81400]
2025-09-14 21:23:29,628 - INFO - Fetched SENSEX price: 80684.68
2025-09-14 21:23:29,628 - INFO - Index LTP for SENSEX: 80684.68
2025-09-14 21:23:30,253 - INFO - Fetched SENSEX price: 80684.68
2025-09-14 21:23:30,253 - INFO - Updated strikes for SENSEX CE based on price 80684.68: [80500, 80600, 80700, 80800, 80900, 81000, 81100, 81200, 81300, 81400, 81500, 81600, 81700, 81800, 81900]
2025-09-14 21:23:34,414 - INFO - Getting token and lot size for trading symbol: SENSEX2591881900CE
2025-09-14 21:23:34,417 - INFO - Found token and lot size for SENSEX2591881900CE: 862030, 20
2025-09-14 21:23:34,417 - INFO - Generated quantity options for lot size 20: ['20', '40', '60', '80', '100', '120', '140', '160', '180', '200']
2025-09-14 21:23:34,417 - INFO - Updated quantity options for SENSEX2591881900CE with lot size 20: ['20', '40', '60', '80', '100', '120', '140', '160', '180', '200']
2025-09-14 21:23:34,417 - INFO - Getting token for trading symbol: SENSEX2591881900CE
2025-09-14 21:23:34,422 - INFO - Found token for SENSEX2591881900CE: 862030
2025-09-14 21:23:35,050 - INFO - Modify price fields cleared after auto-fetch
2025-09-14 21:23:35,050 - INFO - Getting token for trading symbol: SENSEX2591881900CE
2025-09-14 21:23:35,050 - INFO - Found token for SENSEX2591881900CE: 862030
2025-09-14 21:23:35,050 - INFO - Subscribed to live price feed via master account: BFO|862030
2025-09-14 21:23:35,050 - INFO - Auto-subscribed to SENSEX2591881900CE at price 950.2
2025-09-14 21:23:41,878 - INFO - Getting token and lot size for trading symbol: SENSEX2591880500CE
2025-09-14 21:23:41,894 - INFO - Found token and lot size for SENSEX2591880500CE: 862475, 20
2025-09-14 21:23:41,895 - INFO - Generated quantity options for lot size 20: ['20', '40', '60', '80', '100', '120', '140', '160', '180', '200']
2025-09-14 21:23:41,895 - INFO - Updated quantity options for SENSEX2591880500CE with lot size 20: ['20', '40', '60', '80', '100', '120', '140', '160', '180', '200']
2025-09-14 21:23:41,895 - INFO - Getting token for trading symbol: SENSEX2591880500CE
2025-09-14 21:23:41,901 - INFO - Found token for SENSEX2591880500CE: 862475
2025-09-14 21:23:42,571 - INFO - Modify price fields cleared after auto-fetch
2025-09-14 21:23:42,571 - INFO - Getting token for trading symbol: SENSEX2591880500CE
2025-09-14 21:23:42,577 - INFO - Found token for SENSEX2591880500CE: 862475
2025-09-14 21:23:42,577 - INFO - Unsubscribed from previous: BFO|862030
2025-09-14 21:23:42,580 - INFO - Subscribed to live price feed via master account: BFO|862475
2025-09-14 21:23:42,580 - INFO - Auto-subscribed to SENSEX2591880500CE at price 1600.0
2025-09-14 21:23:47,852 - INFO - Getting token and lot size for trading symbol: SENSEX2591881900CE
2025-09-14 21:23:47,855 - INFO - Found token and lot size for SENSEX2591881900CE: 862030, 20
2025-09-14 21:23:47,855 - INFO - Generated quantity options for lot size 20: ['20', '40', '60', '80', '100', '120', '140', '160', '180', '200']
2025-09-14 21:23:47,858 - INFO - Updated quantity options for SENSEX2591881900CE with lot size 20: ['20', '40', '60', '80', '100', '120', '140', '160', '180', '200']
2025-09-14 21:23:47,858 - INFO - Getting token for trading symbol: SENSEX2591881900CE
2025-09-14 21:23:47,861 - INFO - Found token for SENSEX2591881900CE: 862030
2025-09-14 21:23:48,483 - INFO - Modify price fields cleared after auto-fetch
2025-09-14 21:23:48,483 - INFO - Getting token for trading symbol: SENSEX2591881900CE
2025-09-14 21:23:48,488 - INFO - Found token for SENSEX2591881900CE: 862030
2025-09-14 21:23:48,488 - INFO - Unsubscribed from previous: BFO|862475
2025-09-14 21:23:48,488 - INFO - Subscribed to live price feed via master account: BFO|862030
2025-09-14 21:23:48,488 - INFO - Auto-subscribed to SENSEX2591881900CE at price 950.2
2025-09-14 21:27:46,608 - INFO - Getting token and lot size for trading symbol: SENSEX2591881900CE
2025-09-14 21:27:46,614 - INFO - Found token and lot size for SENSEX2591881900CE: 862030, 20
2025-09-14 21:27:46,615 - INFO - Generated quantity options for lot size 20: ['20', '40', '60', '80', '100', '120', '140', '160', '180', '200']
2025-09-14 21:27:46,616 - INFO - Updated quantity options for SENSEX2591881900CE with lot size 20: ['20', '40', '60', '80', '100', '120', '140', '160', '180', '200']
2025-09-14 21:27:46,616 - INFO - Getting token and lot size for trading symbol: SENSEX2591881900CE
2025-09-14 21:27:46,621 - INFO - Found token and lot size for SENSEX2591881900CE: 862030, 20
2025-09-14 21:27:46,621 - INFO - Using same quantity for both accounts: 20 (lot size: 20)
2025-09-14 21:27:46,621 - INFO - Active accounts: [1]
2025-09-14 21:27:46,621 - INFO - Placing buy orders for accounts: [1]
2025-09-14 21:27:46,621 - INFO - Trading symbol: SENSEX2591881900CE, Price: 950.2
2025-09-14 21:27:46,621 - INFO - Quantities: [20]
2025-09-14 21:27:46,621 - INFO - Account 1: API=True, Qty=20, Active=True
2025-09-14 21:27:46,626 - INFO - Placing order for account 1 with parameters: {'buy_or_sell': 'B', 'product_type': 'I', 'exchange': 'BFO', 'tradingsymbol': 'SENSEX2591881900CE', 'quantity': 20, 'discloseqty': 0, 'price_type': 'LMT', 'price': 950.2, 'trigger_price': None, 'retention': 'DAY', 'amo': 'NO', 'remarks': None}
2025-09-14 21:27:46,627 - INFO - API instance for account 1: True
2025-09-14 21:27:47,327 - INFO - API response: {'request_time': '21:27:47 14-09-2025', 'stat': 'Ok', 'norenordno': '25091300006545'}
2025-09-14 21:27:47,327 - INFO - API response type: <class 'dict'>
2025-09-14 21:27:47,329 - INFO - Buy order placed successfully: {'request_time': '21:27:47 14-09-2025', 'stat': 'Ok', 'norenordno': '25091300006545'}
2025-09-14 21:27:47,330 - INFO - New order received: 25091300006545
2025-09-14 21:27:47,330 - INFO - Order status debug - status: 'PENDING', reporttype: 'NewAck', trantype: 'B', price: '950.20'
2025-09-14 21:27:47,331 - INFO - Buy button disabled to prevent duplicate orders
2025-09-14 21:27:47,336 - INFO - Cancel Buy and Modify Buy buttons enabled after buy orders placed
2025-09-14 21:27:47,338 - INFO - Exit button kept disabled until buy orders are completed
2025-09-14 21:27:47,339 - INFO - Master order status updated: Buy Order PENDING @ 950.20
2025-09-14 21:27:47,339 - INFO - Order data saved to orders.csv
2025-09-14 21:27:47,344 - INFO - Account 1 - B PENDING NewAck
2025-09-14 21:27:47,345 - INFO - Updating order 25091300006545
2025-09-14 21:27:47,345 - INFO - Order status debug - status: 'REJECTED', reporttype: 'Rejected', trantype: 'B', price: '950.20'
2025-09-14 21:27:47,347 - ERROR - Error processing order update for account 1: Must have equal len keys and value when setting with an iterable
2025-09-14 21:27:47,347 - INFO - Master order status updated: Order Rejected: RED:Block Type:NonSqroff Reason:MIS Intra-Day Orders are not allowed in BSE_FO[ FINV BFO I ]
2025-09-14 21:27:47,954 - INFO - PnL updated for account 1 (active): 0.0
2025-09-14 21:27:47,954 - INFO - Order state updated - Master: PENDING, Child: None
2025-09-14 21:27:50,480 - INFO - Generated fresh 2FA for account 2: 717873
2025-09-14 21:27:51,136 - INFO - Child account logged in - Order blocking reset
2025-09-14 21:27:51,853 - INFO - PnL updated for account 2 (active): 0.0
