2025-09-21 10:44:22,803 - INFO - Login Successful!, Welcome KRATIK YADAV - Child2 ACCOUNT
2025-09-21 10:46:46,027 - INFO - Login Successful!, Welcome KRATIK YADAV - Child2 ACCOUNT
2025-09-21 11:00:10,489 - INFO - Login Successful!, Welcome KRATIK YADAV - Child2 ACCOUNT
2025-09-21 11:07:06,261 - INFO - Login Successful!, Welcome KRATIK YADAV - Child2 ACCOUNT
2025-09-21 11:09:25,480 - INFO - Login Successful!, Welcome KRATIK YADAV - Child2 ACCOUNT
2025-09-21 11:18:23,589 - INFO - Login Successful!, Welcome KRATIK YADAV - Child2 ACCOUNT
2025-09-21 11:19:33,417 - INFO - {'t': 'om', 'norenordno': '25092000005930', 'uid': 'FA42242', 'actid': 'FA42242', 'exch': 'BFO', 'tsym': 'SENSEX25SEP84600CE', 'trantype': 'B', 'qty': '20', 'prc': '21.00', 'pcode': 'M', 'remarks': '', 'rejreason': ' ', 'status': 'PENDING', 'reporttype': 'NewAck', 'prctyp': 'LMT', 'ret': 'DAY', 'exchordid': '', 'dscqty': '0'}
2025-09-21 11:19:33,487 - INFO - {'t': 'om', 'norenordno': '25092000005930', 'uid': 'FA42242', 'actid': 'FA42242', 'exch': 'BFO', 'tsym': 'SENSEX25SEP84600CE', 'trantype': 'B', 'qty': '20', 'prc': '21.00', 'pcode': 'M', 'remarks': '', 'rejreason': ' ', 'status': 'PENDING', 'reporttype': 'PendingNew', 'prctyp': 'LMT', 'ret': 'DAY', 'exchordid': '', 'dscqty': '0'}
2025-09-21 11:19:33,507 - INFO - {'t': 'om', 'norenordno': '25092000005930', 'uid': 'FA42242', 'actid': 'FA42242', 'exch': 'BFO', 'tsym': 'SENSEX25SEP84600CE', 'trantype': 'B', 'qty': '20', 'prc': '21.00', 'pcode': 'M', 'remarks': '', 'rejreason': 'SAF:Yel is down', 'status': 'REJECTED', 'reporttype': 'Rejected', 'prctyp': 'LMT', 'ret': 'DAY', 'exchordid': '', 'dscqty': '0'}
2025-09-21 11:20:43,837 - INFO - {'t': 'om', 'norenordno': '25092000005952', 'uid': 'FA42242', 'actid': 'FA42242', 'exch': 'BFO', 'tsym': 'SENSEX25SEP84600CE', 'trantype': 'B', 'qty': '20', 'prc': '21.00', 'pcode': 'M', 'remarks': '', 'rejreason': ' ', 'status': 'PENDING', 'reporttype': 'NewAck', 'prctyp': 'LMT', 'ret': 'DAY', 'exchordid': '', 'dscqty': '0'}
2025-09-21 11:20:43,860 - INFO - {'t': 'om', 'norenordno': '25092000005952', 'uid': 'FA42242', 'actid': 'FA42242', 'exch': 'BFO', 'tsym': 'SENSEX25SEP84600CE', 'trantype': 'B', 'qty': '20', 'prc': '21.00', 'pcode': 'M', 'remarks': '', 'rejreason': ' ', 'status': 'PENDING', 'reporttype': 'PendingNew', 'prctyp': 'LMT', 'ret': 'DAY', 'exchordid': '', 'dscqty': '0'}
2025-09-21 11:20:43,872 - INFO - {'t': 'om', 'norenordno': '25092000005952', 'uid': 'FA42242', 'actid': 'FA42242', 'exch': 'BFO', 'tsym': 'SENSEX25SEP84600CE', 'trantype': 'B', 'qty': '20', 'prc': '21.00', 'pcode': 'M', 'remarks': '', 'rejreason': 'SAF:Yel is down', 'status': 'REJECTED', 'reporttype': 'Rejected', 'prctyp': 'LMT', 'ret': 'DAY', 'exchordid': '', 'dscqty': '0'}
2025-09-21 11:26:14,797 - INFO - Login Successful!, Welcome KRATIK YADAV - Child2 ACCOUNT
2025-09-21 11:26:36,154 - INFO - {'t': 'om', 'norenordno': '25092000006008', 'uid': 'FA42242', 'actid': 'FA42242', 'exch': 'BFO', 'tsym': 'SENSEX25SEP84500CE', 'trantype': 'B', 'qty': '20', 'prc': '192.85', 'pcode': 'M', 'remarks': '', 'rejreason': ' ', 'status': 'PENDING', 'reporttype': 'NewAck', 'prctyp': 'LMT', 'ret': 'DAY', 'exchordid': '', 'dscqty': '0'}
2025-09-21 11:26:36,214 - INFO - {'t': 'om', 'norenordno': '25092000006008', 'uid': 'FA42242', 'actid': 'FA42242', 'exch': 'BFO', 'tsym': 'SENSEX25SEP84500CE', 'trantype': 'B', 'qty': '20', 'prc': '192.85', 'pcode': 'M', 'remarks': '', 'rejreason': ' ', 'status': 'PENDING', 'reporttype': 'PendingNew', 'prctyp': 'LMT', 'ret': 'DAY', 'exchordid': '', 'dscqty': '0'}
2025-09-21 11:26:36,229 - INFO - {'t': 'om', 'norenordno': '25092000006008', 'uid': 'FA42242', 'actid': 'FA42242', 'exch': 'BFO', 'tsym': 'SENSEX25SEP84500CE', 'trantype': 'B', 'qty': '20', 'prc': '192.85', 'pcode': 'M', 'remarks': '', 'rejreason': 'SAF:Yel is down', 'status': 'REJECTED', 'reporttype': 'Rejected', 'prctyp': 'LMT', 'ret': 'DAY', 'exchordid': '', 'dscqty': '0'}
2025-09-21 11:32:36,134 - INFO - Login Successful!, Welcome KRATIK YADAV - Child2 ACCOUNT
2025-09-21 11:32:59,369 - INFO - {'t': 'om', 'norenordno': '25092000006023', 'uid': 'FA42242', 'actid': 'FA42242', 'exch': 'BFO', 'tsym': 'SENSEX25SEP84400CE', 'trantype': 'B', 'qty': '20', 'prc': '22.75', 'pcode': 'M', 'remarks': '', 'rejreason': ' ', 'status': 'PENDING', 'reporttype': 'NewAck', 'prctyp': 'LMT', 'ret': 'DAY', 'exchordid': '', 'dscqty': '0'}
2025-09-21 11:32:59,416 - INFO - {'t': 'om', 'norenordno': '25092000006023', 'uid': 'FA42242', 'actid': 'FA42242', 'exch': 'BFO', 'tsym': 'SENSEX25SEP84400CE', 'trantype': 'B', 'qty': '20', 'prc': '22.75', 'pcode': 'M', 'remarks': '', 'rejreason': ' ', 'status': 'PENDING', 'reporttype': 'PendingNew', 'prctyp': 'LMT', 'ret': 'DAY', 'exchordid': '', 'dscqty': '0'}
2025-09-21 11:32:59,431 - INFO - {'t': 'om', 'norenordno': '25092000006023', 'uid': 'FA42242', 'actid': 'FA42242', 'exch': 'BFO', 'tsym': 'SENSEX25SEP84400CE', 'trantype': 'B', 'qty': '20', 'prc': '22.75', 'pcode': 'M', 'remarks': '', 'rejreason': 'SAF:Yel is down', 'status': 'REJECTED', 'reporttype': 'Rejected', 'prctyp': 'LMT', 'ret': 'DAY', 'exchordid': '', 'dscqty': '0'}
2025-09-21 11:33:16,623 - INFO - {'t': 'om', 'norenordno': '25092000006025', 'uid': 'FA42242', 'actid': 'FA42242', 'exch': 'BFO', 'tsym': 'SENSEX25SEP84400CE', 'trantype': 'B', 'qty': '20', 'prc': '22.75', 'pcode': 'M', 'remarks': '', 'rejreason': ' ', 'status': 'PENDING', 'reporttype': 'NewAck', 'prctyp': 'LMT', 'ret': 'DAY', 'exchordid': '', 'dscqty': '0'}
2025-09-21 11:33:16,664 - INFO - {'t': 'om', 'norenordno': '25092000006025', 'uid': 'FA42242', 'actid': 'FA42242', 'exch': 'BFO', 'tsym': 'SENSEX25SEP84400CE', 'trantype': 'B', 'qty': '20', 'prc': '22.75', 'pcode': 'M', 'remarks': '', 'rejreason': ' ', 'status': 'PENDING', 'reporttype': 'PendingNew', 'prctyp': 'LMT', 'ret': 'DAY', 'exchordid': '', 'dscqty': '0'}
2025-09-21 11:33:16,673 - INFO - {'t': 'om', 'norenordno': '25092000006025', 'uid': 'FA42242', 'actid': 'FA42242', 'exch': 'BFO', 'tsym': 'SENSEX25SEP84400CE', 'trantype': 'B', 'qty': '20', 'prc': '22.75', 'pcode': 'M', 'remarks': '', 'rejreason': 'SAF:Yel is down', 'status': 'REJECTED', 'reporttype': 'Rejected', 'prctyp': 'LMT', 'ret': 'DAY', 'exchordid': '', 'dscqty': '0'}
2025-09-21 11:37:22,672 - INFO - Login Successful!, Welcome KRATIK YADAV - Child2 ACCOUNT
2025-09-21 11:37:47,706 - INFO - {'t': 'om', 'norenordno': '25092000006027', 'uid': 'FA42242', 'actid': 'FA42242', 'exch': 'BFO', 'tsym': 'SENSEX25SEP84500CE', 'trantype': 'B', 'qty': '20', 'prc': '192.85', 'pcode': 'M', 'remarks': '', 'rejreason': ' ', 'status': 'PENDING', 'reporttype': 'NewAck', 'prctyp': 'LMT', 'ret': 'DAY', 'exchordid': '', 'dscqty': '0'}
2025-09-21 11:37:47,740 - INFO - {'t': 'om', 'norenordno': '25092000006027', 'uid': 'FA42242', 'actid': 'FA42242', 'exch': 'BFO', 'tsym': 'SENSEX25SEP84500CE', 'trantype': 'B', 'qty': '20', 'prc': '192.85', 'pcode': 'M', 'remarks': '', 'rejreason': ' ', 'status': 'PENDING', 'reporttype': 'PendingNew', 'prctyp': 'LMT', 'ret': 'DAY', 'exchordid': '', 'dscqty': '0'}
2025-09-21 11:37:47,747 - INFO - {'t': 'om', 'norenordno': '25092000006027', 'uid': 'FA42242', 'actid': 'FA42242', 'exch': 'BFO', 'tsym': 'SENSEX25SEP84500CE', 'trantype': 'B', 'qty': '20', 'prc': '192.85', 'pcode': 'M', 'remarks': '', 'rejreason': 'SAF:Yel is down', 'status': 'REJECTED', 'reporttype': 'Rejected', 'prctyp': 'LMT', 'ret': 'DAY', 'exchordid': '', 'dscqty': '0'}
2025-09-21 11:38:13,552 - INFO - {'t': 'om', 'norenordno': '25092000006027', 'uid': 'FA42242', 'actid': 'FA42242', 'exch': 'BFO', 'tsym': 'SENSEX25SEP84500CE', 'trantype': 'B', 'qty': '20', 'prc': '192.85', 'pcode': 'M', 'remarks': '', 'rejreason': 'SAF:order is not open to cancel', 'status': 'REJECTED', 'reporttype': 'CancelRejected', 'prctyp': 'LMT', 'ret': 'DAY', 'exchordid': '', 'dscqty': '0'}
2025-09-21 12:05:39,887 - INFO - Login Successful!, Welcome KRATIK YADAV - Child2 ACCOUNT
2025-09-21 12:10:54,772 - INFO - {'t': 'om', 'norenordno': '25092000006040', 'uid': 'FA42242', 'actid': 'FA42242', 'exch': 'NFO', 'tsym': 'NIFTY23SEP25C26000', 'trantype': 'B', 'qty': '75', 'prc': '1.50', 'pcode': 'I', 'remarks': '', 'rejreason': ' ', 'status': 'PENDING', 'reporttype': 'NewAck', 'prctyp': 'LMT', 'ret': 'DAY', 'exchordid': '', 'dscqty': '0'}
2025-09-21 12:10:54,816 - INFO - {'t': 'om', 'norenordno': '25092000006040', 'uid': 'FA42242', 'actid': 'FA42242', 'exch': 'NFO', 'tsym': 'NIFTY23SEP25C26000', 'trantype': 'B', 'qty': '75', 'prc': '1.50', 'pcode': 'I', 'remarks': '', 'rejreason': "RED:'MIS' Orders are disallowed after system square off", 'status': 'REJECTED', 'reporttype': 'Rejected', 'prctyp': 'LMT', 'ret': 'DAY', 'exchordid': '', 'dscqty': '0'}
2025-09-21 12:15:31,033 - INFO - Login Successful!, Welcome KRATIK YADAV - Child2 ACCOUNT
2025-09-21 14:06:29,214 - INFO - Login Successful!, Welcome KRATIK YADAV - Child2 ACCOUNT
2025-09-21 14:15:17,986 - INFO - {'t': 'om', 'norenordno': '25092000007329', 'uid': 'FA42242', 'actid': 'FA42242', 'exch': 'NFO', 'tsym': 'NIFTY23SEP25C25750', 'trantype': 'B', 'qty': '75', 'prc': '150.00', 'pcode': 'I', 'remarks': '', 'rejreason': ' ', 'status': 'PENDING', 'reporttype': 'NewAck', 'prctyp': 'LMT', 'ret': 'DAY', 'exchordid': '', 'dscqty': '0'}
2025-09-21 14:15:18,031 - INFO - {'t': 'om', 'norenordno': '25092000007329', 'uid': 'FA42242', 'actid': 'FA42242', 'exch': 'NFO', 'tsym': 'NIFTY23SEP25C25750', 'trantype': 'B', 'qty': '75', 'prc': '150.00', 'pcode': 'I', 'remarks': '', 'rejreason': "RED:'MIS' Orders are disallowed after system square off", 'status': 'REJECTED', 'reporttype': 'Rejected', 'prctyp': 'LMT', 'ret': 'DAY', 'exchordid': '', 'dscqty': '0'}
2025-09-21 14:16:43,968 - INFO - {'t': 'om', 'norenordno': '25092000007329', 'uid': 'FA42242', 'actid': 'FA42242', 'exch': 'NFO', 'tsym': 'NIFTY23SEP25C25750', 'trantype': 'B', 'qty': '75', 'prc': '150.00', 'pcode': 'I', 'remarks': '', 'rejreason': 'SAF:order is not open to cancel', 'status': 'REJECTED', 'reporttype': 'CancelRejected', 'prctyp': 'LMT', 'ret': 'DAY', 'exchordid': '', 'dscqty': '0'}
2025-09-21 14:22:02,183 - INFO - Login Successful!, Welcome KRATIK YADAV - Child2 ACCOUNT
2025-09-21 14:22:14,265 - INFO - {'t': 'om', 'norenordno': '25092000007333', 'uid': 'FA42242', 'actid': 'FA42242', 'exch': 'NFO', 'tsym': 'NIFTY23SEP25C25800', 'trantype': 'B', 'qty': '75', 'prc': '70.00', 'pcode': 'I', 'remarks': '', 'rejreason': ' ', 'status': 'PENDING', 'reporttype': 'NewAck', 'prctyp': 'LMT', 'ret': 'DAY', 'exchordid': '', 'dscqty': '0'}
2025-09-21 14:22:14,299 - INFO - {'t': 'om', 'norenordno': '25092000007333', 'uid': 'FA42242', 'actid': 'FA42242', 'exch': 'NFO', 'tsym': 'NIFTY23SEP25C25800', 'trantype': 'B', 'qty': '75', 'prc': '70.00', 'pcode': 'I', 'remarks': '', 'rejreason': "RED:'MIS' Orders are disallowed after system square off", 'status': 'REJECTED', 'reporttype': 'Rejected', 'prctyp': 'LMT', 'ret': 'DAY', 'exchordid': '', 'dscqty': '0'}
2025-09-21 15:27:31,716 - INFO - Login Successful!, Welcome KRATIK YADAV - Child2 ACCOUNT
2025-09-21 15:27:43,084 - INFO - {'t': 'om', 'norenordno': '25092000007416', 'uid': 'FA42242', 'actid': 'FA42242', 'exch': 'BFO', 'tsym': 'SENSEX25SEP84500CE', 'trantype': 'B', 'qty': '20', 'prc': '192.85', 'pcode': 'M', 'remarks': '', 'rejreason': ' ', 'status': 'PENDING', 'reporttype': 'NewAck', 'prctyp': 'LMT', 'ret': 'DAY', 'exchordid': '', 'dscqty': '0'}
2025-09-21 15:27:43,136 - INFO - {'t': 'om', 'norenordno': '25092000007416', 'uid': 'FA42242', 'actid': 'FA42242', 'exch': 'BFO', 'tsym': 'SENSEX25SEP84500CE', 'trantype': 'B', 'qty': '20', 'prc': '192.85', 'pcode': 'M', 'remarks': '', 'rejreason': ' ', 'status': 'PENDING', 'reporttype': 'PendingNew', 'prctyp': 'LMT', 'ret': 'DAY', 'exchordid': '', 'dscqty': '0'}
2025-09-21 15:27:43,151 - INFO - {'t': 'om', 'norenordno': '25092000007416', 'uid': 'FA42242', 'actid': 'FA42242', 'exch': 'BFO', 'tsym': 'SENSEX25SEP84500CE', 'trantype': 'B', 'qty': '20', 'prc': '192.85', 'pcode': 'M', 'remarks': '', 'rejreason': 'SAF:Yel is down', 'status': 'REJECTED', 'reporttype': 'Rejected', 'prctyp': 'LMT', 'ret': 'DAY', 'exchordid': '', 'dscqty': '0'}
2025-09-21 16:50:44,085 - INFO - Login Successful!, Welcome KRATIK YADAV - Child2 ACCOUNT
2025-09-21 16:51:59,617 - INFO - Login Successful!, Welcome KRATIK YADAV - Child2 ACCOUNT
2025-09-21 17:30:16,105 - INFO - Login Successful!, Welcome KRATIK YADAV - Child2 ACCOUNT
2025-09-21 17:41:33,249 - INFO - Login Successful!, Welcome KRATIK YADAV - Child2 ACCOUNT
2025-09-21 20:18:37,171 - INFO - Login Successful!, Welcome KRATIK YADAV - Child2 ACCOUNT
2025-09-21 20:30:04,756 - INFO - Login Successful!, Welcome KRATIK YADAV - Child2 ACCOUNT
2025-09-21 20:35:20,102 - INFO - Login Successful!, Welcome KRATIK YADAV - Child2 ACCOUNT
2025-09-21 20:37:57,677 - INFO - Login Successful!, Welcome KRATIK YADAV - Child2 ACCOUNT
2025-09-21 20:38:29,498 - INFO - {'t': 'om', 'norenordno': '25092000008289', 'uid': 'FA42242', 'actid': 'FA42242', 'exch': 'NFO', 'tsym': 'NIFTY23SEP25C25900', 'trantype': 'B', 'qty': '75', 'prc': '3.00', 'pcode': 'I', 'remarks': '', 'rejreason': ' ', 'status': 'PENDING', 'reporttype': 'NewAck', 'prctyp': 'LMT', 'ret': 'DAY', 'exchordid': '', 'dscqty': '0'}
2025-09-21 20:38:29,518 - INFO - {'t': 'om', 'norenordno': '25092000008289', 'uid': 'FA42242', 'actid': 'FA42242', 'exch': 'NFO', 'tsym': 'NIFTY23SEP25C25900', 'trantype': 'B', 'qty': '75', 'prc': '3.00', 'pcode': 'I', 'remarks': '', 'rejreason': "RED:'MIS' Orders are disallowed after system square off", 'status': 'REJECTED', 'reporttype': 'Rejected', 'prctyp': 'LMT', 'ret': 'DAY', 'exchordid': '', 'dscqty': '0'}
2025-09-21 20:40:08,342 - INFO - Login Successful!, Welcome KRATIK YADAV - Child2 ACCOUNT
