2025-09-21 10:43:09,371 - INFO - Login Successful!, Welcome ROOPAL SONI - Master ACCOUNT
2025-09-21 10:46:42,948 - INFO - Login Successful!, Welcome ROOPAL SONI - Master ACCOUNT
2025-09-21 10:55:35,833 - INFO - Login Successful!, Welcome ROOPAL SONI - Master ACCOUNT
2025-09-21 10:59:00,237 - INFO - Login Successful!, Welcome ROOPAL SONI - Master ACCOUNT
2025-09-21 11:02:12,102 - INFO - Login Successful!, Welcome ROOPAL SONI - Master ACCOUNT
2025-09-21 11:06:51,918 - INFO - Login Successful!, Welcome ROOPAL SONI - Master ACCOUNT
2025-09-21 11:07:24,799 - INFO - Login Successful!, Welcome ROOPAL SONI - Master ACCOUNT
2025-09-21 11:08:45,259 - INFO - Login Successful!, Welcome ROOPAL SONI - Master ACCOUNT
2025-09-21 11:18:14,461 - INFO - Login Successful!, Welcome ROOPAL SONI - Master ACCOUNT
2025-09-21 11:19:33,422 - INFO - {'t': 'om', 'norenordno': '25092000005931', 'uid': 'FA32246', 'actid': 'FA32246', 'exch': 'BFO', 'tsym': 'SENSEX25SEP84600CE', 'trantype': 'B', 'qty': '80', 'prc': '21.00', 'pcode': 'M', 'remarks': '', 'rejreason': ' ', 'status': 'PENDING', 'reporttype': 'NewAck', 'prctyp': 'LMT', 'ret': 'DAY', 'exchordid': '', 'dscqty': '0'}
2025-09-21 11:19:33,486 - INFO - {'t': 'om', 'norenordno': '25092000005931', 'uid': 'FA32246', 'actid': 'FA32246', 'exch': 'BFO', 'tsym': 'SENSEX25SEP84600CE', 'trantype': 'B', 'qty': '80', 'prc': '21.00', 'pcode': 'M', 'remarks': '', 'rejreason': 'RED:RULE:{Allow CAC credit but disallow collateral and daylong cash for option buy}Shortfall:INR 1,340.41 Available:INR 339.59 for C-FA32246 [SHOONYA]', 'status': 'REJECTED', 'reporttype': 'Rejected', 'prctyp': 'LMT', 'ret': 'DAY', 'exchordid': '', 'dscqty': '0'}
2025-09-21 11:20:43,816 - INFO - {'t': 'om', 'norenordno': '25092000005951', 'uid': 'FA32246', 'actid': 'FA32246', 'exch': 'BFO', 'tsym': 'SENSEX25SEP84600CE', 'trantype': 'B', 'qty': '80', 'prc': '21.00', 'pcode': 'M', 'remarks': '', 'rejreason': ' ', 'status': 'PENDING', 'reporttype': 'NewAck', 'prctyp': 'LMT', 'ret': 'DAY', 'exchordid': '', 'dscqty': '0'}
2025-09-21 11:20:43,860 - INFO - {'t': 'om', 'norenordno': '25092000005951', 'uid': 'FA32246', 'actid': 'FA32246', 'exch': 'BFO', 'tsym': 'SENSEX25SEP84600CE', 'trantype': 'B', 'qty': '80', 'prc': '21.00', 'pcode': 'M', 'remarks': '', 'rejreason': 'RED:RULE:{Allow CAC credit but disallow collateral and daylong cash for option buy}Shortfall:INR 1,340.41 Available:INR 339.59 for C-FA32246 [SHOONYA]', 'status': 'REJECTED', 'reporttype': 'Rejected', 'prctyp': 'LMT', 'ret': 'DAY', 'exchordid': '', 'dscqty': '0'}
2025-09-21 11:26:10,573 - INFO - Login Successful!, Welcome ROOPAL SONI - Master ACCOUNT
2025-09-21 11:26:36,179 - INFO - {'t': 'om', 'norenordno': '25092000006009', 'uid': 'FA32246', 'actid': 'FA32246', 'exch': 'BFO', 'tsym': 'SENSEX25SEP84500CE', 'trantype': 'B', 'qty': '60', 'prc': '192.85', 'pcode': 'M', 'remarks': '', 'rejreason': ' ', 'status': 'PENDING', 'reporttype': 'NewAck', 'prctyp': 'LMT', 'ret': 'DAY', 'exchordid': '', 'dscqty': '0'}
2025-09-21 11:26:36,215 - INFO - {'t': 'om', 'norenordno': '25092000006009', 'uid': 'FA32246', 'actid': 'FA32246', 'exch': 'BFO', 'tsym': 'SENSEX25SEP84500CE', 'trantype': 'B', 'qty': '60', 'prc': '192.85', 'pcode': 'M', 'remarks': '', 'rejreason': 'RED:RULE:{Allow CAC credit but disallow collateral and daylong cash for option buy}Shortfall:INR 11,231.41 Available:INR 339.59 for C-FA32246 [SHOONYA]', 'status': 'REJECTED', 'reporttype': 'Rejected', 'prctyp': 'LMT', 'ret': 'DAY', 'exchordid': '', 'dscqty': '0'}
2025-09-21 11:32:30,943 - INFO - Login Successful!, Welcome ROOPAL SONI - Master ACCOUNT
2025-09-21 11:32:59,384 - INFO - {'t': 'om', 'norenordno': '25092000006024', 'uid': 'FA32246', 'actid': 'FA32246', 'exch': 'BFO', 'tsym': 'SENSEX25SEP84400CE', 'trantype': 'B', 'qty': '100', 'prc': '22.75', 'pcode': 'M', 'remarks': '', 'rejreason': ' ', 'status': 'PENDING', 'reporttype': 'NewAck', 'prctyp': 'LMT', 'ret': 'DAY', 'exchordid': '', 'dscqty': '0'}
2025-09-21 11:32:59,418 - INFO - {'t': 'om', 'norenordno': '25092000006024', 'uid': 'FA32246', 'actid': 'FA32246', 'exch': 'BFO', 'tsym': 'SENSEX25SEP84400CE', 'trantype': 'B', 'qty': '100', 'prc': '22.75', 'pcode': 'M', 'remarks': '', 'rejreason': 'RED:RULE:{Allow CAC credit but disallow collateral and daylong cash for option buy}Shortfall:INR 1,935.41 Available:INR 339.59 for C-FA32246 [SHOONYA]', 'status': 'REJECTED', 'reporttype': 'Rejected', 'prctyp': 'LMT', 'ret': 'DAY', 'exchordid': '', 'dscqty': '0'}
2025-09-21 11:33:16,634 - INFO - {'t': 'om', 'norenordno': '25092000006026', 'uid': 'FA32246', 'actid': 'FA32246', 'exch': 'BFO', 'tsym': 'SENSEX25SEP84400CE', 'trantype': 'B', 'qty': '100', 'prc': '22.75', 'pcode': 'M', 'remarks': '', 'rejreason': ' ', 'status': 'PENDING', 'reporttype': 'NewAck', 'prctyp': 'LMT', 'ret': 'DAY', 'exchordid': '', 'dscqty': '0'}
2025-09-21 11:33:16,664 - INFO - {'t': 'om', 'norenordno': '25092000006026', 'uid': 'FA32246', 'actid': 'FA32246', 'exch': 'BFO', 'tsym': 'SENSEX25SEP84400CE', 'trantype': 'B', 'qty': '100', 'prc': '22.75', 'pcode': 'M', 'remarks': '', 'rejreason': 'RED:RULE:{Allow CAC credit but disallow collateral and daylong cash for option buy}Shortfall:INR 1,935.41 Available:INR 339.59 for C-FA32246 [SHOONYA]', 'status': 'REJECTED', 'reporttype': 'Rejected', 'prctyp': 'LMT', 'ret': 'DAY', 'exchordid': '', 'dscqty': '0'}
2025-09-21 11:37:18,977 - INFO - Login Successful!, Welcome ROOPAL SONI - Master ACCOUNT
2025-09-21 11:37:47,711 - INFO - {'t': 'om', 'norenordno': '25092000006028', 'uid': 'FA32246', 'actid': 'FA32246', 'exch': 'BFO', 'tsym': 'SENSEX25SEP84500CE', 'trantype': 'B', 'qty': '100', 'prc': '192.85', 'pcode': 'M', 'remarks': '', 'rejreason': ' ', 'status': 'PENDING', 'reporttype': 'NewAck', 'prctyp': 'LMT', 'ret': 'DAY', 'exchordid': '', 'dscqty': '0'}
2025-09-21 11:37:47,741 - INFO - {'t': 'om', 'norenordno': '25092000006028', 'uid': 'FA32246', 'actid': 'FA32246', 'exch': 'BFO', 'tsym': 'SENSEX25SEP84500CE', 'trantype': 'B', 'qty': '100', 'prc': '192.85', 'pcode': 'M', 'remarks': '', 'rejreason': 'RED:RULE:{Allow CAC credit but disallow collateral and daylong cash for option buy}Shortfall:INR 18,945.41 Available:INR 339.59 for C-FA32246 [SHOONYA]', 'status': 'REJECTED', 'reporttype': 'Rejected', 'prctyp': 'LMT', 'ret': 'DAY', 'exchordid': '', 'dscqty': '0'}
2025-09-21 12:05:33,092 - INFO - Login Successful!, Welcome ROOPAL SONI - Master ACCOUNT
2025-09-21 12:10:54,783 - INFO - {'t': 'om', 'norenordno': '25092000006041', 'uid': 'FA32246', 'actid': 'FA32246', 'exch': 'NFO', 'tsym': 'NIFTY23SEP25C26000', 'trantype': 'B', 'qty': '225', 'prc': '1.50', 'pcode': 'I', 'remarks': '', 'rejreason': ' ', 'status': 'PENDING', 'reporttype': 'NewAck', 'prctyp': 'LMT', 'ret': 'DAY', 'exchordid': '', 'dscqty': '0'}
2025-09-21 12:10:54,816 - INFO - {'t': 'om', 'norenordno': '25092000006041', 'uid': 'FA32246', 'actid': 'FA32246', 'exch': 'NFO', 'tsym': 'NIFTY23SEP25C26000', 'trantype': 'B', 'qty': '225', 'prc': '1.50', 'pcode': 'I', 'remarks': '', 'rejreason': "RED:'MIS' Orders are disallowed after system square off", 'status': 'REJECTED', 'reporttype': 'Rejected', 'prctyp': 'LMT', 'ret': 'DAY', 'exchordid': '', 'dscqty': '0'}
2025-09-21 12:15:25,752 - INFO - Login Successful!, Welcome ROOPAL SONI - Master ACCOUNT
2025-09-21 14:06:26,688 - INFO - Login Successful!, Welcome ROOPAL SONI - Master ACCOUNT
2025-09-21 14:15:17,968 - INFO - {'t': 'om', 'norenordno': '25092000007328', 'uid': 'FA32246', 'actid': 'FA32246', 'exch': 'NFO', 'tsym': 'NIFTY23SEP25C25750', 'trantype': 'B', 'qty': '375', 'prc': '150.00', 'pcode': 'I', 'remarks': '', 'rejreason': ' ', 'status': 'PENDING', 'reporttype': 'NewAck', 'prctyp': 'LMT', 'ret': 'DAY', 'exchordid': '', 'dscqty': '0'}
2025-09-21 14:15:18,029 - INFO - {'t': 'om', 'norenordno': '25092000007328', 'uid': 'FA32246', 'actid': 'FA32246', 'exch': 'NFO', 'tsym': 'NIFTY23SEP25C25750', 'trantype': 'B', 'qty': '375', 'prc': '150.00', 'pcode': 'I', 'remarks': '', 'rejreason': "RED:'MIS' Orders are disallowed after system square off", 'status': 'REJECTED', 'reporttype': 'Rejected', 'prctyp': 'LMT', 'ret': 'DAY', 'exchordid': '', 'dscqty': '0'}
2025-09-21 14:15:25,940 - INFO - {'t': 'om', 'norenordno': '25092000007328', 'uid': 'FA32246', 'actid': 'FA32246', 'exch': 'NFO', 'tsym': 'NIFTY23SEP25C25750', 'trantype': 'B', 'qty': '375', 'prc': '150.00', 'pcode': 'I', 'remarks': '', 'rejreason': 'SAF:order is not open to cancel', 'status': 'REJECTED', 'reporttype': 'CancelRejected', 'prctyp': 'LMT', 'ret': 'DAY', 'exchordid': '', 'dscqty': '0'}
2025-09-21 14:21:59,229 - INFO - Login Successful!, Welcome ROOPAL SONI - Master ACCOUNT
2025-09-21 14:22:14,281 - INFO - {'t': 'om', 'norenordno': '25092000007334', 'uid': 'FA32246', 'actid': 'FA32246', 'exch': 'NFO', 'tsym': 'NIFTY23SEP25C25800', 'trantype': 'B', 'qty': '450', 'prc': '70.00', 'pcode': 'I', 'remarks': '', 'rejreason': ' ', 'status': 'PENDING', 'reporttype': 'NewAck', 'prctyp': 'LMT', 'ret': 'DAY', 'exchordid': '', 'dscqty': '0'}
2025-09-21 14:22:14,297 - INFO - {'t': 'om', 'norenordno': '25092000007334', 'uid': 'FA32246', 'actid': 'FA32246', 'exch': 'NFO', 'tsym': 'NIFTY23SEP25C25800', 'trantype': 'B', 'qty': '450', 'prc': '70.00', 'pcode': 'I', 'remarks': '', 'rejreason': "RED:'MIS' Orders are disallowed after system square off", 'status': 'REJECTED', 'reporttype': 'Rejected', 'prctyp': 'LMT', 'ret': 'DAY', 'exchordid': '', 'dscqty': '0'}
2025-09-21 14:22:48,366 - INFO - {'t': 'om', 'norenordno': '25092000007334', 'uid': 'FA32246', 'actid': 'FA32246', 'exch': 'NFO', 'tsym': 'NIFTY23SEP25C25800', 'trantype': 'B', 'qty': '450', 'prc': '70.00', 'pcode': 'I', 'remarks': '', 'rejreason': 'SAF:order is not open to cancel', 'status': 'REJECTED', 'reporttype': 'CancelRejected', 'prctyp': 'LMT', 'ret': 'DAY', 'exchordid': '', 'dscqty': '0'}
2025-09-21 15:27:29,040 - INFO - Login Successful!, Welcome ROOPAL SONI - Master ACCOUNT
2025-09-21 15:27:43,111 - INFO - {'t': 'om', 'norenordno': '25092000007417', 'uid': 'FA32246', 'actid': 'FA32246', 'exch': 'BFO', 'tsym': 'SENSEX25SEP84500CE', 'trantype': 'B', 'qty': '100', 'prc': '192.85', 'pcode': 'M', 'remarks': '', 'rejreason': ' ', 'status': 'PENDING', 'reporttype': 'NewAck', 'prctyp': 'LMT', 'ret': 'DAY', 'exchordid': '', 'dscqty': '0'}
2025-09-21 15:27:43,136 - INFO - {'t': 'om', 'norenordno': '25092000007417', 'uid': 'FA32246', 'actid': 'FA32246', 'exch': 'BFO', 'tsym': 'SENSEX25SEP84500CE', 'trantype': 'B', 'qty': '100', 'prc': '192.85', 'pcode': 'M', 'remarks': '', 'rejreason': 'RED:RULE:{Allow CAC credit but disallow collateral and daylong cash for option buy}Shortfall:INR 18,945.41 Available:INR 339.59 for C-FA32246 [SHOONYA]', 'status': 'REJECTED', 'reporttype': 'Rejected', 'prctyp': 'LMT', 'ret': 'DAY', 'exchordid': '', 'dscqty': '0'}
2025-09-21 15:27:51,398 - INFO - {'t': 'om', 'norenordno': '25092000007417', 'uid': 'FA32246', 'actid': 'FA32246', 'exch': 'BFO', 'tsym': 'SENSEX25SEP84500CE', 'trantype': 'B', 'qty': '100', 'prc': '192.85', 'pcode': 'M', 'remarks': '', 'rejreason': 'SAF:order is not open to cancel', 'status': 'REJECTED', 'reporttype': 'CancelRejected', 'prctyp': 'LMT', 'ret': 'DAY', 'exchordid': '', 'dscqty': '0'}
2025-09-21 16:48:55,561 - INFO - Login Successful!, Welcome ROOPAL SONI - Master ACCOUNT
2025-09-21 16:51:53,836 - INFO - Login Successful!, Welcome ROOPAL SONI - Master ACCOUNT
2025-09-21 16:53:03,524 - INFO - Login Successful!, Welcome ROOPAL SONI - Master ACCOUNT
2025-09-21 17:28:52,466 - INFO - Login Successful!, Welcome ROOPAL SONI - Master ACCOUNT
2025-09-21 17:29:02,137 - INFO - Login Successful!, Welcome ROOPAL SONI - Master ACCOUNT
2025-09-21 17:30:13,175 - INFO - Login Successful!, Welcome ROOPAL SONI - Master ACCOUNT
2025-09-21 17:34:05,853 - INFO - Login Successful!, Welcome ROOPAL SONI - Master ACCOUNT
2025-09-21 17:34:16,304 - INFO - Login Successful!, Welcome ROOPAL SONI - Master ACCOUNT
2025-09-21 20:18:34,558 - INFO - Login Successful!, Welcome ROOPAL SONI - Master ACCOUNT
2025-09-21 20:29:39,612 - INFO - Login Successful!, Welcome ROOPAL SONI - Master ACCOUNT
2025-09-21 20:31:38,125 - INFO - Login Successful!, Welcome ROOPAL SONI - Master ACCOUNT
2025-09-21 20:34:53,289 - INFO - Login Successful!, Welcome ROOPAL SONI - Master ACCOUNT
2025-09-21 20:37:54,974 - INFO - Login Successful!, Welcome ROOPAL SONI - Master ACCOUNT
2025-09-21 20:38:28,771 - INFO - {'t': 'om', 'norenordno': '25092000008288', 'uid': 'FA32246', 'actid': 'FA32246', 'exch': 'NFO', 'tsym': 'NIFTY23SEP25C25900', 'trantype': 'B', 'qty': '300', 'prc': '3.00', 'pcode': 'I', 'remarks': '', 'rejreason': ' ', 'status': 'PENDING', 'reporttype': 'NewAck', 'prctyp': 'LMT', 'ret': 'DAY', 'exchordid': '', 'dscqty': '0'}
2025-09-21 20:38:29,514 - INFO - {'t': 'om', 'norenordno': '25092000008288', 'uid': 'FA32246', 'actid': 'FA32246', 'exch': 'NFO', 'tsym': 'NIFTY23SEP25C25900', 'trantype': 'B', 'qty': '300', 'prc': '3.00', 'pcode': 'I', 'remarks': '', 'rejreason': "RED:'MIS' Orders are disallowed after system square off", 'status': 'REJECTED', 'reporttype': 'Rejected', 'prctyp': 'LMT', 'ret': 'DAY', 'exchordid': '', 'dscqty': '0'}
2025-09-21 20:40:03,254 - INFO - Login Successful!, Welcome ROOPAL SONI - Master ACCOUNT
2025-09-21 20:57:54,822 - INFO - Login Successful!, Welcome ROOPAL SONI - Master ACCOUNT
