2025-09-14 00:01:30,683 - INFO - Login Successful!, Welcome ROOPAL SONI - Master ACCOUNT
2025-09-14 00:02:29,210 - INFO - Login Successful!, Welcome ROOPAL SONI - Master ACCOUNT
2025-09-14 15:14:17,888 - INFO - Login Successful!, Welcome ROOPAL SONI - Master ACCOUNT
2025-09-14 15:15:24,759 - INFO - Login Successful!, Welcome ROOPAL SONI - Master ACCOUNT
2025-09-14 15:16:13,165 - INFO - Login Successful!, Welcome ROOPAL SONI - Master ACCOUNT
2025-09-14 15:17:20,758 - INFO - Login Successful!, Welcome ROOPAL SONI - Master ACCOUNT
2025-09-14 15:21:55,431 - INFO - Login Successful!, Welcome ROOPAL SONI - Master ACCOUNT
2025-09-14 20:06:36,602 - INFO - Login Successful!, Welcome ROOPAL SONI - Master ACCOUNT
2025-09-14 20:07:11,345 - INFO - {'t': 'om', 'norenordno': '25091300005698', 'uid': 'FA32246', 'actid': 'FA32246', 'exch': 'NFO', 'tsym': 'NIFTY16SEP25C25200', 'trantype': 'B', 'qty': '75', 'prc': '45.00', 'pcode': 'I', 'remarks': '', 'rejreason': ' ', 'status': 'PENDING', 'reporttype': 'NewAck', 'prctyp': 'LMT', 'ret': 'DAY', 'exchordid': '', 'dscqty': '0'}
2025-09-14 20:07:11,403 - INFO - {'t': 'om', 'norenordno': '25091300005698', 'uid': 'FA32246', 'actid': 'FA32246', 'exch': 'NFO', 'tsym': 'NIFTY16SEP25C25200', 'trantype': 'B', 'qty': '75', 'prc': '45.00', 'pcode': 'I', 'remarks': '', 'rejreason': "RED:'MIS' Orders are disallowed after system square off", 'status': 'REJECTED', 'reporttype': 'Rejected', 'prctyp': 'LMT', 'ret': 'DAY', 'exchordid': '', 'dscqty': '0'}
2025-09-14 20:45:07,461 - INFO - Login Successful!, Welcome ROOPAL SONI - Master ACCOUNT
2025-09-14 20:57:09,117 - INFO - Login Successful!, Welcome ROOPAL SONI - Master ACCOUNT
2025-09-14 20:57:59,502 - INFO - Login Successful!, Welcome ROOPAL SONI - Master ACCOUNT
2025-09-14 20:58:27,636 - INFO - {'t': 'om', 'norenordno': '25091300006491', 'uid': 'FA32246', 'actid': 'FA32246', 'exch': 'NFO', 'tsym': 'NIFTY16SEP25C25200', 'trantype': 'B', 'qty': '75', 'prc': '45.00', 'pcode': 'I', 'remarks': '', 'rejreason': ' ', 'status': 'PENDING', 'reporttype': 'NewAck', 'prctyp': 'LMT', 'ret': 'DAY', 'exchordid': '', 'dscqty': '0'}
2025-09-14 20:58:27,659 - INFO - {'t': 'om', 'norenordno': '25091300006491', 'uid': 'FA32246', 'actid': 'FA32246', 'exch': 'NFO', 'tsym': 'NIFTY16SEP25C25200', 'trantype': 'B', 'qty': '75', 'prc': '45.00', 'pcode': 'I', 'remarks': '', 'rejreason': "RED:'MIS' Orders are disallowed after system square off", 'status': 'REJECTED', 'reporttype': 'Rejected', 'prctyp': 'LMT', 'ret': 'DAY', 'exchordid': '', 'dscqty': '0'}
2025-09-14 20:58:45,043 - INFO - {'t': 'om', 'norenordno': '25091300006492', 'uid': 'FA32246', 'actid': 'FA32246', 'exch': 'NFO', 'tsym': 'NIFTY16SEP25C25200', 'trantype': 'B', 'qty': '75', 'prc': '45.00', 'pcode': 'I', 'remarks': '', 'rejreason': ' ', 'status': 'PENDING', 'reporttype': 'NewAck', 'prctyp': 'LMT', 'ret': 'DAY', 'exchordid': '', 'dscqty': '0'}
2025-09-14 20:58:45,090 - INFO - {'t': 'om', 'norenordno': '25091300006492', 'uid': 'FA32246', 'actid': 'FA32246', 'exch': 'NFO', 'tsym': 'NIFTY16SEP25C25200', 'trantype': 'B', 'qty': '75', 'prc': '45.00', 'pcode': 'I', 'remarks': '', 'rejreason': "RED:'MIS' Orders are disallowed after system square off", 'status': 'REJECTED', 'reporttype': 'Rejected', 'prctyp': 'LMT', 'ret': 'DAY', 'exchordid': '', 'dscqty': '0'}
2025-09-14 20:58:49,451 - INFO - {'t': 'om', 'norenordno': '25091300006492', 'uid': 'FA32246', 'actid': 'FA32246', 'exch': 'NFO', 'tsym': 'NIFTY16SEP25C25200', 'trantype': 'B', 'qty': '75', 'prc': '45.00', 'pcode': 'I', 'remarks': '', 'rejreason': 'SAF:order is not open to cancel', 'status': 'REJECTED', 'reporttype': 'CancelRejected', 'prctyp': 'LMT', 'ret': 'DAY', 'exchordid': '', 'dscqty': '0'}
2025-09-14 21:02:26,083 - INFO - Login Successful!, Welcome ROOPAL SONI - Master ACCOUNT
2025-09-14 21:02:54,160 - INFO - {'t': 'om', 'norenordno': '25091300006495', 'uid': 'FA32246', 'actid': 'FA32246', 'exch': 'NFO', 'tsym': 'NIFTY16SEP25C25200', 'trantype': 'B', 'qty': '75', 'prc': '45.00', 'pcode': 'I', 'remarks': '', 'rejreason': ' ', 'status': 'PENDING', 'reporttype': 'NewAck', 'prctyp': 'LMT', 'ret': 'DAY', 'exchordid': '', 'dscqty': '0'}
2025-09-14 21:02:54,210 - INFO - {'t': 'om', 'norenordno': '25091300006495', 'uid': 'FA32246', 'actid': 'FA32246', 'exch': 'NFO', 'tsym': 'NIFTY16SEP25C25200', 'trantype': 'B', 'qty': '75', 'prc': '45.00', 'pcode': 'I', 'remarks': '', 'rejreason': "RED:'MIS' Orders are disallowed after system square off", 'status': 'REJECTED', 'reporttype': 'Rejected', 'prctyp': 'LMT', 'ret': 'DAY', 'exchordid': '', 'dscqty': '0'}
2025-09-14 21:02:57,124 - INFO - {'t': 'om', 'norenordno': '25091300006495', 'uid': 'FA32246', 'actid': 'FA32246', 'exch': 'NFO', 'tsym': 'NIFTY16SEP25C25200', 'trantype': 'B', 'qty': '75', 'prc': '45.00', 'pcode': 'I', 'remarks': '', 'rejreason': 'SAF:order is not open to cancel', 'status': 'REJECTED', 'reporttype': 'CancelRejected', 'prctyp': 'LMT', 'ret': 'DAY', 'exchordid': '', 'dscqty': '0'}
2025-09-14 21:03:04,377 - INFO - {'t': 'om', 'norenordno': '25091300006495', 'uid': 'FA32246', 'actid': 'FA32246', 'exch': 'NFO', 'tsym': 'NIFTY16SEP25C25200', 'trantype': 'B', 'qty': '75', 'prc': '45.00', 'pcode': 'I', 'remarks': '', 'rejreason': 'SAF:order is not open to cancel', 'status': 'REJECTED', 'reporttype': 'CancelRejected', 'prctyp': 'LMT', 'ret': 'DAY', 'exchordid': '', 'dscqty': '0'}
2025-09-14 21:03:11,360 - INFO - {'t': 'om', 'norenordno': '25091300006497', 'uid': 'FA32246', 'actid': 'FA32246', 'exch': 'NFO', 'tsym': 'NIFTY16SEP25C25200', 'trantype': 'B', 'qty': '75', 'prc': '45.00', 'pcode': 'I', 'remarks': '', 'rejreason': ' ', 'status': 'PENDING', 'reporttype': 'NewAck', 'prctyp': 'LMT', 'ret': 'DAY', 'exchordid': '', 'dscqty': '0'}
2025-09-14 21:03:11,672 - INFO - {'t': 'om', 'norenordno': '25091300006497', 'uid': 'FA32246', 'actid': 'FA32246', 'exch': 'NFO', 'tsym': 'NIFTY16SEP25C25200', 'trantype': 'B', 'qty': '75', 'prc': '45.00', 'pcode': 'I', 'remarks': '', 'rejreason': "RED:'MIS' Orders are disallowed after system square off", 'status': 'REJECTED', 'reporttype': 'Rejected', 'prctyp': 'LMT', 'ret': 'DAY', 'exchordid': '', 'dscqty': '0'}
2025-09-14 21:03:15,900 - INFO - {'t': 'om', 'norenordno': '25091300006497', 'uid': 'FA32246', 'actid': 'FA32246', 'exch': 'NFO', 'tsym': 'NIFTY16SEP25C25200', 'trantype': 'B', 'qty': '75', 'prc': '45.00', 'pcode': 'I', 'remarks': '', 'rejreason': 'SAF:order is not open to cancel', 'status': 'REJECTED', 'reporttype': 'CancelRejected', 'prctyp': 'LMT', 'ret': 'DAY', 'exchordid': '', 'dscqty': '0'}
2025-09-14 21:22:38,415 - INFO - Login Successful!, Welcome ROOPAL SONI - Master ACCOUNT
2025-09-14 21:27:47,327 - INFO - {'t': 'om', 'norenordno': '25091300006545', 'uid': 'FA32246', 'actid': 'FA32246', 'exch': 'BFO', 'tsym': 'SENSEX2591881900CE', 'trantype': 'B', 'qty': '20', 'prc': '950.20', 'pcode': 'I', 'remarks': '', 'rejreason': ' ', 'status': 'PENDING', 'reporttype': 'NewAck', 'prctyp': 'LMT', 'ret': 'DAY', 'exchordid': '', 'dscqty': '0'}
2025-09-14 21:27:47,343 - INFO - {'t': 'om', 'norenordno': '25091300006545', 'uid': 'FA32246', 'actid': 'FA32246', 'exch': 'BFO', 'tsym': 'SENSEX2591881900CE', 'trantype': 'B', 'qty': '20', 'prc': '950.20', 'pcode': 'I', 'remarks': '', 'rejreason': 'RED:Block Type:NonSqroff Reason:MIS Intra-Day Orders are not allowed in BSE_FO[ FINV BFO I ]', 'status': 'REJECTED', 'reporttype': 'Rejected', 'prctyp': 'LMT', 'ret': 'DAY', 'exchordid': '', 'dscqty': '0'}
