2025-09-27 01:19:35,130 - INFO - Loaded account states from account_state.csv
2025-09-27 01:19:35,132 - INFO - Loaded configuration from configuration.csv
2025-09-27 01:19:35,132 - INFO - Resetting account states to initial state on startup...
2025-09-27 01:19:35,145 - INFO - Updated Master (ID: 1) login_status to '0': Program startup - master not logged in
2025-09-27 01:19:35,154 - INFO - Updated Master (ID: 1) can_order to '0': Program startup - master cannot place orders
2025-09-27 01:19:35,155 - INFO - Updated Child (ID: 2) login_status to '0': Program startup - child not logged in
2025-09-27 01:19:35,179 - INFO - Updated Child (ID: 2) can_order to '0': Program startup - child cannot place orders
2025-09-27 01:19:35,179 - INFO - RESET POSITION DATA - Master (ID: 1) - position data cleared
2025-09-27 01:19:35,187 - INFO - RESET POSITION DATA - Child (ID: 2) - position data cleared
2025-09-27 01:19:35,200 - INFO - Cleared exit order info for Master (ID: 1)
2025-09-27 01:19:35,208 - INFO - Cleared exit order info for Child (ID: 2)
2025-09-27 01:19:35,208 - INFO - Enabling selection row components
2025-09-27 01:19:35,208 - ERROR - Error enabling selection row: 'MainWindow' object has no attribute 'index_dropdown'
2025-09-27 01:19:35,208 - INFO - Position data and exit order info cleared on startup for both accounts
2025-09-27 01:19:35,210 - INFO - Account states reset to initial state
2025-09-27 01:19:35,210 - INFO - Loaded index prices from text file
2025-09-27 01:19:35,213 - INFO - Cache date (2025-09-26) is not today (2025-09-27)
2025-09-27 01:19:35,213 - INFO - Calculating fresh expiry dates from master files...
2025-09-27 01:19:35,213 - INFO - Calculating expiry dates from master files...
2025-09-27 01:19:35,213 - INFO - Using NFO file: data\NFO_symbols.txt_2025-09-26.txt
2025-09-27 01:19:35,438 - INFO - NIFTY - Current: 2025-09-30, Next: 2025-10-07
2025-09-27 01:19:35,438 - INFO - BANKNIFTY - Current: 2025-09-30, Next: 2025-10-28
2025-09-27 01:19:35,442 - INFO - Using BFO file: data\BFO_symbols.txt_2025-09-26.txt
2025-09-27 01:19:35,524 - INFO - SENSEX - Current: 2025-10-01, Next: 2025-10-09
2025-09-27 01:19:35,529 - INFO - Saved expiry dates to files and cache
2025-09-27 01:19:35,529 - INFO - Successfully calculated and saved expiry dates
2025-09-27 01:19:35,738 - INFO - WebSocket connection monitoring started
2025-09-27 01:19:35,738 - INFO - Log monitoring started
2025-09-27 01:19:35,738 - INFO - SL/Target configuration loaded - SL: 5 points, Target: 40 points
2025-09-27 01:19:35,738 - INFO - Calculated differences - SL: -5, Target: 40
2025-09-27 01:19:35,971 - INFO - Checking master files...
2025-09-27 01:19:35,971 - INFO - Master file missing: data/NSE_symbols.txt_2025-09-27.txt
2025-09-27 01:19:35,973 - INFO - Master files are missing or outdated, downloading fresh files...
2025-09-27 01:19:35,974 - INFO - Downloading NSE_symbols.txt.zip...
2025-09-27 01:19:35,974 - INFO - Attempting auto-login for master account...
2025-09-27 01:19:35,974 - INFO - Starting Master-Child Trading GUI - Original UI Layout
2025-09-27 01:19:35,974 - INFO - Generated fresh 2FA for account 1: 505465
2025-09-27 01:19:35,974 - INFO - Attempting login for account 1 with userid: FA42242
2025-09-27 01:19:37,108 - INFO - Login response for account 1: {'request_time': '01:19:38 27-09-2025', 'actid': 'FA42242', 'access_type': ['MOB', 'TT', 'WEB', 'API'], 'uname': 'KRATIK YADAV', 'prarr': [{'prd': 'C', 's_prdt_ali': 'CNC', 'exch': ['NSE', 'BSE', 'NIPO', 'BSTAR']}, {'prd': 'M', 's_prdt_ali': 'NRML', 'exch': ['NFO', 'BFO', 'CDS', 'BCD']}, {'prd': 'I', 's_prdt_ali': 'MIS', 'exch': ['NSE', 'BSE', 'NFO', 'BFO', 'CDS', 'BCD']}, {'prd': 'H', 's_prdt_ali': 'CO', 'exch': ['NSE', 'NFO', 'CDS', 'BSE']}, {'prd': 'B', 's_prdt_ali': 'BO', 'exch': ['NSE', 'NFO', 'CDS', 'BSE']}], 'exch_prd': [{'exch': 'NSE', 'prds': ['C', 'I', 'H', 'B']}, {'exch': 'NFO', 'prds': ['M', 'I', 'H', 'B']}, {'exch': 'CDS', 'prds': ['M', 'I', 'H', 'B']}, {'exch': 'BSE', 'prds': ['C', 'I', 'H', 'B']}, {'exch': 'BCD', 'prds': ['M', 'I']}, {'exch': 'NIPO', 'prds': ['C']}, {'exch': 'BSTAR', 'prds': ['C']}, {'exch': 'BFO', 'prds': ['M', 'I']}], 'stat': 'Ok', 'susertoken': '037b91b1534393bdd89dc2a42c8f83efbd344897ebd232cffa3c77aaf03c652b', 'susertokenspl': '18e8425e764cf33e98c5750042b636063dcd85877cdfdd0d50a012e8175701d4', 'email': 'kratikiafk@gmail.com', 'uid': 'FA42242', 'brnchid': 'HO', 'totp_set': '1', 'm_num': '6265650705', 'orarr': ['MKT', 'LMT', 'SL-LMT', 'SL-MKT'], 'exarr': ['NSE', 'NFO', 'CDS', 'BSE', 'BCD', 'NIPO', 'BSTAR', 'BFO'], 'values': ['4', '3', '2'], 'mws': {'4': [{'exch': 'NFO', 'token': '68495', 'tsym': 'BANKINDIA28OCT25P105', 'cname': 'BANKINDIA OCT 105 PE ', 'dname': 'BANKINDIA OCT 105 PE ', 'instname': 'OPTSTK', 'pp': '2', 'ls': '5200', 'ti': '0.05', 'optt': 'PE'}, {'exch': 'NFO', 'token': '68471', 'tsym': 'BANKINDIA30SEP25P142.5', 'cname': 'BANKINDIA SEP 142.50 PE ', 'dname': 'BANKINDIA SEP 142.50 PE ', 'instname': 'OPTSTK', 'pp': '2', 'ls': '5200', 'ti': '0.05', 'optt': 'PE'}], '3': [], '2': [{'exch': 'NSE', 'token': '2088', 'tsym': 'MAHSEAMLES-EQ', 'cname': 'MAHARASHTRA SEAMLESS LTD', 'instname': 'EQ', 'pp': '2', 'ls': '1', 'ti': '0.05'}, {'exch': 'NSE', 'token': '23402', 'tsym': 'SRM-EQ', 'cname': 'SRM CONTRACTORS LIMITED', 'instname': 'EQ', 'pp': '2', 'ls': '1', 'ti': '0.05'}, {'exch': 'NSE', 'token': '18110', 'tsym': 'VASCONEQ-EQ', 'cname': 'VASCON ENGINEERS LTD', 'instname': 'EQ', 'pp': '2', 'ls': '1', 'ti': '0.01'}]}, 'brkname': 'FINV', 'dmsg': '', 'lastaccesstime': '1758916178', 'lastpwdtime': '1756959759'}
2025-09-27 01:19:37,121 - INFO - Login response type: <class 'dict'>
2025-09-27 01:19:37,121 - INFO - Login Successful!, Welcome KRATIK YADAV - Master ACCOUNT
2025-09-27 01:19:37,127 - INFO - Updated Master (ID: 1) login_status to '1': Master account auto-login successful
2025-09-27 01:19:37,132 - INFO - Updated Master (ID: 1) can_order to '1': Master account ready for orders
2025-09-27 01:19:37,132 - INFO - WebSocket connection established for account 1
2025-09-27 01:19:37,132 - INFO - Network connection restored for account 1
2025-09-27 01:19:37,132 - INFO - Refreshing market data...
2025-09-27 01:19:37,132 - INFO - Master account auto-login successful: KRATIK YADAV
2025-09-27 01:19:37,132 - INFO - Refreshing index prices...
2025-09-27 01:19:37,139 - INFO - Fetching index prices from API...
2025-09-27 01:19:37,140 - INFO - Fetching NIFTY price from NSE
2025-09-27 01:19:37,263 - INFO - Extracted and renamed to: data/NSE_symbols.txt_2025-09-27.txt
2025-09-27 01:19:37,265 - INFO - Downloading NFO_symbols.txt.zip...
2025-09-27 01:19:37,313 - INFO - Websocket connected
2025-09-27 01:19:37,361 - INFO - WebSocket is now open for Account 1
2025-09-27 01:19:37,955 - INFO - Fetched NIFTY price: 24654.7
2025-09-27 01:19:37,955 - INFO - Fetching BANKNIFTY price from NSE
2025-09-27 01:19:38,554 - INFO - Fetched BANKNIFTY price: 54389.35
2025-09-27 01:19:38,554 - INFO - Fetching SENSEX price from BSE
2025-09-27 01:19:39,008 - INFO - Extracted and renamed to: data/NFO_symbols.txt_2025-09-27.txt
2025-09-27 01:19:39,010 - INFO - Downloading MCX_symbols.txt.zip...
2025-09-27 01:19:39,201 - INFO - Fetched SENSEX price: 80426.46
2025-09-27 01:19:39,201 - INFO - Saved index prices to cache files
2025-09-27 01:19:39,213 - INFO - Successfully updated all index prices
2025-09-27 01:19:39,213 - INFO - Expiry dates are current, no refresh needed
2025-09-27 01:19:39,799 - INFO - Extracted and renamed to: data/MCX_symbols.txt_2025-09-27.txt
2025-09-27 01:19:39,799 - INFO - Downloading BFO_symbols.txt.zip...
2025-09-27 01:19:40,702 - INFO - Extracted and renamed to: data/BFO_symbols.txt_2025-09-27.txt
2025-09-27 01:19:40,702 - INFO - Successfully downloaded 4 master files
2025-09-27 01:19:40,714 - INFO - [SUCCESS] Master files downloaded successfully
2025-09-27 01:19:40,718 - INFO - Cleanup completed: 0 old master files deleted
2025-09-27 01:19:46,969 - INFO - Index selected: SENSEX
2025-09-27 01:19:46,969 - INFO - On option selected called - Function not implemented yet
2025-09-27 01:19:46,969 - INFO - Not all required fields selected for strike selection
2025-09-27 01:19:46,969 - INFO - Option and strike selections cleared for new index
2025-09-27 01:19:46,969 - INFO - On expiry selected called - Function not implemented yet
2025-09-27 01:19:46,969 - INFO - Strike dropdown populated with 15 strikes for SENSEX
2025-09-27 01:19:46,969 - INFO - Updated quantity dropdown for SENSEX: ['20', '40', '60', '80', '100', '120', '140', '160', '180', '200']
2025-09-27 01:19:49,394 - INFO - On option selected called - Function not implemented yet
2025-09-27 01:19:51,666 - INFO - Buy price box cleared for new symbol selection - auto-fill re-enabled
2025-09-27 01:19:51,670 - INFO - Generated trading symbol: SENSEX25O0180200CE
2025-09-27 01:19:51,670 - INFO - Trading symbol stored: SENSEX25O0180200CE
2025-09-27 01:19:51,670 - INFO - Getting token for trading symbol: SENSEX25O0180200CE
2025-09-27 01:19:51,670 - INFO - Found token for SENSEX25O0180200CE: 865398
2025-09-27 01:19:52,288 - INFO - Fetched price for SENSEX25O0180200CE: 596.55
2025-09-27 01:19:52,288 - INFO - Getting token for trading symbol: SENSEX25O0180200CE
2025-09-27 01:19:52,293 - INFO - Found token for SENSEX25O0180200CE: 865398
2025-09-27 01:19:52,293 - INFO - Subscribed to live price feed via master account: BFO|865398
2025-09-27 01:19:52,293 - INFO - Auto-subscribed to SENSEX25O0180200CE at price 596.55
2025-09-27 01:19:52,293 - INFO - Strike selected: 80200, trading symbol: SENSEX25O0180200CE
2025-09-27 01:19:52,341 - INFO - Initial buy price set: 596.55
2025-09-27 01:20:12,502 - INFO - Buy price field value changed to empty - auto-fill disabled
2025-09-27 01:20:12,502 - INFO - Buy price box cleared for new symbol selection - auto-fill re-enabled
2025-09-27 01:20:12,502 - INFO - Generated trading symbol: SENSEX25O0179800CE
2025-09-27 01:20:12,502 - INFO - Trading symbol stored: SENSEX25O0179800CE
2025-09-27 01:20:12,502 - INFO - Getting token for trading symbol: SENSEX25O0179800CE
2025-09-27 01:20:12,513 - INFO - Found token for SENSEX25O0179800CE: 865096
2025-09-27 01:20:12,513 - ERROR - Error getting quotes for BFO|865096: HTTPSConnectionPool(host='api.shoonya.com', port=443): Max retries exceeded with url: /NorenWClientTP//GetQuotes (Caused by NameResolutionError("<urllib3.connection.HTTPSConnection object at 0x000001A94D138F80>: Failed to resolve 'api.shoonya.com' ([Errno 11001] getaddrinfo failed)"))
2025-09-27 01:20:12,513 - WARNING - Could not fetch price for SENSEX25O0179800CE
2025-09-27 01:20:12,513 - INFO - Strike selected: 79800, trading symbol: SENSEX25O0179800CE
2025-09-27 01:20:16,970 - INFO - Buy price box cleared for new symbol selection - auto-fill re-enabled
2025-09-27 01:20:16,970 - INFO - Generated trading symbol: SENSEX25O0180500CE
2025-09-27 01:20:16,970 - INFO - Trading symbol stored: SENSEX25O0180500CE
2025-09-27 01:20:16,970 - INFO - Getting token for trading symbol: SENSEX25O0180500CE
2025-09-27 01:20:16,978 - INFO - Found token for SENSEX25O0180500CE: 865311
2025-09-27 01:20:16,984 - ERROR - Error getting quotes for BFO|865311: HTTPSConnectionPool(host='api.shoonya.com', port=443): Max retries exceeded with url: /NorenWClientTP//GetQuotes (Caused by NameResolutionError("<urllib3.connection.HTTPSConnection object at 0x000001A94D138D40>: Failed to resolve 'api.shoonya.com' ([Errno 11001] getaddrinfo failed)"))
2025-09-27 01:20:16,986 - WARNING - Could not fetch price for SENSEX25O0180500CE
2025-09-27 01:20:16,986 - INFO - Strike selected: 80500, trading symbol: SENSEX25O0180500CE
2025-09-27 01:20:24,302 - INFO - Buy price box cleared for new symbol selection - auto-fill re-enabled
2025-09-27 01:20:24,302 - INFO - Generated trading symbol: SENSEX25O0180200CE
2025-09-27 01:20:24,302 - INFO - Trading symbol stored: SENSEX25O0180200CE
2025-09-27 01:20:24,302 - INFO - Getting token for trading symbol: SENSEX25O0180200CE
2025-09-27 01:20:24,302 - INFO - Found token for SENSEX25O0180200CE: 865398
2025-09-27 01:20:24,311 - ERROR - Error getting quotes for BFO|865398: HTTPSConnectionPool(host='api.shoonya.com', port=443): Max retries exceeded with url: /NorenWClientTP//GetQuotes (Caused by NameResolutionError("<urllib3.connection.HTTPSConnection object at 0x000001A94D13B680>: Failed to resolve 'api.shoonya.com' ([Errno 11001] getaddrinfo failed)"))
2025-09-27 01:20:24,313 - WARNING - Could not fetch price for SENSEX25O0180200CE
2025-09-27 01:20:24,313 - INFO - Strike selected: 80200, trading symbol: SENSEX25O0180200CE
2025-09-27 01:20:29,636 - ERROR - Connection to remote host was lost. - goodbye
2025-09-27 01:20:29,739 - ERROR - [Errno 11001] getaddrinfo failed - goodbye
2025-09-27 01:20:29,841 - WARNING - websocket run forever ended in exception, socket is already opened
2025-09-27 01:20:29,942 - WARNING - websocket run forever ended in exception, socket is already opened
2025-09-27 01:20:30,043 - WARNING - websocket run forever ended in exception, socket is already opened
2025-09-27 01:20:30,144 - WARNING - websocket run forever ended in exception, socket is already opened
2025-09-27 01:20:30,245 - WARNING - websocket run forever ended in exception, socket is already opened
2025-09-27 01:20:30,347 - WARNING - websocket run forever ended in exception, socket is already opened
2025-09-27 01:20:30,448 - WARNING - websocket run forever ended in exception, socket is already opened
2025-09-27 01:20:30,550 - WARNING - websocket run forever ended in exception, socket is already opened
2025-09-27 01:20:30,653 - WARNING - websocket run forever ended in exception, socket is already opened
2025-09-27 01:20:30,754 - WARNING - websocket run forever ended in exception, socket is already opened
2025-09-27 01:20:30,856 - WARNING - websocket run forever ended in exception, socket is already opened
2025-09-27 01:20:30,957 - WARNING - websocket run forever ended in exception, socket is already opened
2025-09-27 01:20:31,059 - WARNING - websocket run forever ended in exception, socket is already opened
2025-09-27 01:20:31,160 - WARNING - websocket run forever ended in exception, socket is already opened
2025-09-27 01:20:31,262 - WARNING - websocket run forever ended in exception, socket is already opened
2025-09-27 01:20:31,363 - WARNING - websocket run forever ended in exception, socket is already opened
2025-09-27 01:20:31,464 - WARNING - websocket run forever ended in exception, socket is already opened
2025-09-27 01:20:31,566 - WARNING - websocket run forever ended in exception, socket is already opened
2025-09-27 01:20:31,670 - WARNING - websocket run forever ended in exception, socket is already opened
2025-09-27 01:20:31,771 - WARNING - websocket run forever ended in exception, socket is already opened
2025-09-27 01:20:31,873 - WARNING - websocket run forever ended in exception, socket is already opened
2025-09-27 01:20:31,974 - WARNING - websocket run forever ended in exception, socket is already opened
2025-09-27 01:20:32,076 - WARNING - websocket run forever ended in exception, socket is already opened
2025-09-27 01:20:32,177 - WARNING - websocket run forever ended in exception, socket is already opened
2025-09-27 01:20:32,279 - WARNING - websocket run forever ended in exception, socket is already opened
2025-09-27 01:20:32,380 - WARNING - websocket run forever ended in exception, socket is already opened
2025-09-27 01:20:32,482 - WARNING - websocket run forever ended in exception, socket is already opened
2025-09-27 01:20:32,583 - WARNING - websocket run forever ended in exception, socket is already opened
2025-09-27 01:20:32,686 - WARNING - websocket run forever ended in exception, socket is already opened
2025-09-27 01:20:32,788 - WARNING - websocket run forever ended in exception, socket is already opened
2025-09-27 01:20:32,890 - WARNING - websocket run forever ended in exception, socket is already opened
2025-09-27 01:20:32,991 - WARNING - websocket run forever ended in exception, socket is already opened
2025-09-27 01:20:33,094 - WARNING - websocket run forever ended in exception, socket is already opened
2025-09-27 01:20:33,195 - WARNING - websocket run forever ended in exception, socket is already opened
2025-09-27 01:20:33,296 - WARNING - websocket run forever ended in exception, socket is already opened
2025-09-27 01:20:33,398 - WARNING - websocket run forever ended in exception, socket is already opened
2025-09-27 01:20:33,504 - WARNING - websocket run forever ended in exception, socket is already opened
2025-09-27 01:20:33,613 - WARNING - websocket run forever ended in exception, socket is already opened
2025-09-27 01:20:33,714 - WARNING - websocket run forever ended in exception, socket is already opened
2025-09-27 01:20:33,815 - WARNING - websocket run forever ended in exception, socket is already opened
2025-09-27 01:20:33,917 - WARNING - websocket run forever ended in exception, socket is already opened
2025-09-27 01:20:34,018 - WARNING - websocket run forever ended in exception, socket is already opened
2025-09-27 01:20:34,120 - WARNING - websocket run forever ended in exception, socket is already opened
2025-09-27 01:20:34,221 - WARNING - websocket run forever ended in exception, socket is already opened
2025-09-27 01:20:34,323 - WARNING - websocket run forever ended in exception, socket is already opened
2025-09-27 01:20:34,424 - WARNING - websocket run forever ended in exception, socket is already opened
2025-09-27 01:20:34,525 - WARNING - websocket run forever ended in exception, socket is already opened
2025-09-27 01:20:34,626 - WARNING - websocket run forever ended in exception, socket is already opened
2025-09-27 01:20:34,728 - WARNING - websocket run forever ended in exception, socket is already opened
2025-09-27 01:20:34,829 - WARNING - websocket run forever ended in exception, socket is already opened
2025-09-27 01:20:34,930 - WARNING - websocket run forever ended in exception, socket is already opened
2025-09-27 01:20:35,031 - WARNING - websocket run forever ended in exception, socket is already opened
2025-09-27 01:20:35,133 - WARNING - websocket run forever ended in exception, socket is already opened
2025-09-27 01:20:35,233 - WARNING - websocket run forever ended in exception, socket is already opened
2025-09-27 01:20:35,335 - WARNING - websocket run forever ended in exception, socket is already opened
2025-09-27 01:20:35,437 - WARNING - websocket run forever ended in exception, socket is already opened
2025-09-27 01:20:35,538 - WARNING - websocket run forever ended in exception, socket is already opened
2025-09-27 01:20:35,639 - WARNING - websocket run forever ended in exception, socket is already opened
2025-09-27 01:20:35,740 - WARNING - websocket run forever ended in exception, socket is already opened
2025-09-27 01:20:35,777 - INFO - Log monitoring active after 60 second startup delay
2025-09-27 01:20:35,842 - WARNING - websocket run forever ended in exception, socket is already opened
2025-09-27 01:20:35,943 - WARNING - websocket run forever ended in exception, socket is already opened
2025-09-27 01:20:36,045 - WARNING - websocket run forever ended in exception, socket is already opened
2025-09-27 01:20:36,146 - WARNING - websocket run forever ended in exception, socket is already opened
2025-09-27 01:20:36,248 - WARNING - websocket run forever ended in exception, socket is already opened
2025-09-27 01:20:36,350 - WARNING - websocket run forever ended in exception, socket is already opened
2025-09-27 01:20:36,452 - WARNING - websocket run forever ended in exception, socket is already opened
2025-09-27 01:20:36,555 - WARNING - websocket run forever ended in exception, socket is already opened
2025-09-27 01:20:36,656 - WARNING - websocket run forever ended in exception, socket is already opened
2025-09-27 01:20:36,758 - WARNING - websocket run forever ended in exception, socket is already opened
2025-09-27 01:20:36,860 - WARNING - websocket run forever ended in exception, socket is already opened
2025-09-27 01:20:36,962 - WARNING - websocket run forever ended in exception, socket is already opened
2025-09-27 01:20:37,063 - WARNING - websocket run forever ended in exception, socket is already opened
2025-09-27 01:20:37,165 - WARNING - websocket run forever ended in exception, socket is already opened
2025-09-27 01:20:37,266 - WARNING - websocket run forever ended in exception, socket is already opened
2025-09-27 01:20:37,368 - WARNING - websocket run forever ended in exception, socket is already opened
2025-09-27 01:20:37,470 - WARNING - websocket run forever ended in exception, socket is already opened
2025-09-27 01:20:37,571 - WARNING - websocket run forever ended in exception, socket is already opened
2025-09-27 01:20:37,672 - WARNING - websocket run forever ended in exception, socket is already opened
2025-09-27 01:20:37,774 - WARNING - websocket run forever ended in exception, socket is already opened
2025-09-27 01:20:37,876 - WARNING - websocket run forever ended in exception, socket is already opened
2025-09-27 01:20:37,978 - WARNING - websocket run forever ended in exception, socket is already opened
2025-09-27 01:20:38,080 - WARNING - websocket run forever ended in exception, socket is already opened
2025-09-27 01:20:38,181 - WARNING - websocket run forever ended in exception, socket is already opened
2025-09-27 01:20:38,282 - WARNING - websocket run forever ended in exception, socket is already opened
2025-09-27 01:20:38,384 - WARNING - websocket run forever ended in exception, socket is already opened
2025-09-27 01:20:38,486 - WARNING - websocket run forever ended in exception, socket is already opened
2025-09-27 01:20:38,587 - WARNING - websocket run forever ended in exception, socket is already opened
2025-09-27 01:20:38,688 - WARNING - websocket run forever ended in exception, socket is already opened
2025-09-27 01:20:38,789 - WARNING - websocket run forever ended in exception, socket is already opened
2025-09-27 01:20:38,890 - WARNING - websocket run forever ended in exception, socket is already opened
2025-09-27 01:20:38,991 - WARNING - websocket run forever ended in exception, socket is already opened
2025-09-27 01:20:39,092 - WARNING - websocket run forever ended in exception, socket is already opened
2025-09-27 01:20:39,193 - WARNING - websocket run forever ended in exception, socket is already opened
2025-09-27 01:20:39,294 - WARNING - websocket run forever ended in exception, socket is already opened
2025-09-27 01:20:39,396 - WARNING - websocket run forever ended in exception, socket is already opened
2025-09-27 01:20:39,497 - WARNING - websocket run forever ended in exception, socket is already opened
2025-09-27 01:20:39,598 - WARNING - websocket run forever ended in exception, socket is already opened
2025-09-27 01:20:39,699 - WARNING - websocket run forever ended in exception, socket is already opened
2025-09-27 01:20:39,801 - WARNING - websocket run forever ended in exception, socket is already opened
2025-09-27 01:20:39,902 - WARNING - websocket run forever ended in exception, socket is already opened
2025-09-27 01:20:40,002 - WARNING - websocket run forever ended in exception, socket is already opened
2025-09-27 01:20:40,103 - WARNING - websocket run forever ended in exception, socket is already opened
2025-09-27 01:20:40,205 - WARNING - websocket run forever ended in exception, socket is already opened
2025-09-27 01:20:40,306 - WARNING - websocket run forever ended in exception, socket is already opened
2025-09-27 01:20:40,407 - WARNING - websocket run forever ended in exception, socket is already opened
2025-09-27 01:20:40,508 - WARNING - websocket run forever ended in exception, socket is already opened
2025-09-27 01:20:40,610 - WARNING - websocket run forever ended in exception, socket is already opened
2025-09-27 01:20:40,711 - WARNING - websocket run forever ended in exception, socket is already opened
2025-09-27 01:20:40,812 - WARNING - websocket run forever ended in exception, socket is already opened
2025-09-27 01:20:40,856 - ERROR - WebSocket error detected: 2025-09-27 01:20:35,842 - WARNING - websocket run forever ended in exception, socket is already opened
2025-09-27 01:20:40,857 - ERROR - Pattern matched: websocket run forever ended in exception
2025-09-27 01:20:40,914 - WARNING - websocket run forever ended in exception, socket is already opened
2025-09-27 01:20:41,015 - WARNING - websocket run forever ended in exception, socket is already opened
2025-09-27 01:20:41,116 - WARNING - websocket run forever ended in exception, socket is already opened
2025-09-27 01:20:41,188 - ERROR - Error popup displayed successfully
2025-09-27 01:20:41,188 - ERROR - Stopping log monitoring after first error detection
2025-09-27 01:20:41,218 - WARNING - websocket run forever ended in exception, socket is already opened
2025-09-27 01:20:41,319 - WARNING - websocket run forever ended in exception, socket is already opened
2025-09-27 01:20:41,421 - WARNING - websocket run forever ended in exception, socket is already opened
2025-09-27 01:20:41,523 - WARNING - websocket run forever ended in exception, socket is already opened
2025-09-27 01:20:41,625 - WARNING - websocket run forever ended in exception, socket is already opened
2025-09-27 01:20:41,726 - WARNING - websocket run forever ended in exception, socket is already opened
2025-09-27 01:20:41,828 - WARNING - websocket run forever ended in exception, socket is already opened
2025-09-27 01:20:41,930 - WARNING - websocket run forever ended in exception, socket is already opened
2025-09-27 01:20:42,032 - WARNING - websocket run forever ended in exception, socket is already opened
2025-09-27 01:20:42,136 - WARNING - websocket run forever ended in exception, socket is already opened
2025-09-27 01:20:42,237 - WARNING - websocket run forever ended in exception, socket is already opened
2025-09-27 01:20:42,339 - WARNING - websocket run forever ended in exception, socket is already opened
2025-09-27 01:20:42,440 - WARNING - websocket run forever ended in exception, socket is already opened
2025-09-27 01:20:42,543 - WARNING - websocket run forever ended in exception, socket is already opened
2025-09-27 01:20:42,645 - WARNING - websocket run forever ended in exception, socket is already opened
2025-09-27 01:20:42,746 - WARNING - websocket run forever ended in exception, socket is already opened
2025-09-27 01:20:42,860 - WARNING - websocket run forever ended in exception, socket is already opened
2025-09-27 01:20:42,961 - WARNING - websocket run forever ended in exception, socket is already opened
2025-09-27 01:20:43,062 - WARNING - websocket run forever ended in exception, socket is already opened
2025-09-27 01:20:43,163 - WARNING - websocket run forever ended in exception, socket is already opened
2025-09-27 01:20:43,265 - WARNING - websocket run forever ended in exception, socket is already opened
2025-09-27 01:20:43,367 - WARNING - websocket run forever ended in exception, socket is already opened
2025-09-27 01:20:43,469 - WARNING - websocket run forever ended in exception, socket is already opened
2025-09-27 01:20:43,570 - WARNING - websocket run forever ended in exception, socket is already opened
2025-09-27 01:20:43,672 - WARNING - websocket run forever ended in exception, socket is already opened
2025-09-27 01:20:43,774 - WARNING - websocket run forever ended in exception, socket is already opened
2025-09-27 01:20:43,876 - WARNING - websocket run forever ended in exception, socket is already opened
2025-09-27 01:20:43,978 - WARNING - websocket run forever ended in exception, socket is already opened
2025-09-27 01:20:44,079 - WARNING - websocket run forever ended in exception, socket is already opened
2025-09-27 01:20:44,182 - WARNING - websocket run forever ended in exception, socket is already opened
2025-09-27 01:20:44,283 - WARNING - websocket run forever ended in exception, socket is already opened
2025-09-27 01:20:44,385 - WARNING - websocket run forever ended in exception, socket is already opened
2025-09-27 01:20:44,486 - WARNING - websocket run forever ended in exception, socket is already opened
2025-09-27 01:20:44,587 - WARNING - websocket run forever ended in exception, socket is already opened
2025-09-27 01:20:44,689 - WARNING - websocket run forever ended in exception, socket is already opened
2025-09-27 01:20:44,791 - WARNING - websocket run forever ended in exception, socket is already opened
2025-09-27 01:20:44,893 - WARNING - websocket run forever ended in exception, socket is already opened
2025-09-27 01:20:44,995 - WARNING - websocket run forever ended in exception, socket is already opened
2025-09-27 01:20:45,096 - WARNING - websocket run forever ended in exception, socket is already opened
2025-09-27 01:20:45,198 - WARNING - websocket run forever ended in exception, socket is already opened
2025-09-27 01:20:45,300 - WARNING - websocket run forever ended in exception, socket is already opened
2025-09-27 01:20:45,402 - WARNING - websocket run forever ended in exception, socket is already opened
2025-09-27 01:20:45,503 - WARNING - websocket run forever ended in exception, socket is already opened
2025-09-27 01:20:45,605 - WARNING - websocket run forever ended in exception, socket is already opened
2025-09-27 01:20:45,706 - WARNING - websocket run forever ended in exception, socket is already opened
2025-09-27 01:20:45,808 - WARNING - websocket run forever ended in exception, socket is already opened
2025-09-27 01:20:45,911 - WARNING - websocket run forever ended in exception, socket is already opened
2025-09-27 01:20:46,013 - WARNING - websocket run forever ended in exception, socket is already opened
2025-09-27 01:20:46,115 - WARNING - websocket run forever ended in exception, socket is already opened
2025-09-27 01:20:46,191 - INFO - Log monitoring stopped after first error detection
2025-09-27 01:20:46,217 - WARNING - websocket run forever ended in exception, socket is already opened
2025-09-27 01:20:46,320 - WARNING - websocket run forever ended in exception, socket is already opened
2025-09-27 01:20:46,422 - WARNING - websocket run forever ended in exception, socket is already opened
2025-09-27 01:20:46,523 - WARNING - websocket run forever ended in exception, socket is already opened
2025-09-27 01:20:46,625 - WARNING - websocket run forever ended in exception, socket is already opened
2025-09-27 01:20:46,726 - WARNING - websocket run forever ended in exception, socket is already opened
2025-09-27 01:20:46,828 - WARNING - websocket run forever ended in exception, socket is already opened
2025-09-27 01:20:46,944 - WARNING - websocket run forever ended in exception, socket is already opened
2025-09-27 01:20:47,049 - WARNING - websocket run forever ended in exception, socket is already opened
2025-09-27 01:20:47,150 - WARNING - websocket run forever ended in exception, socket is already opened
2025-09-27 01:20:47,252 - WARNING - websocket run forever ended in exception, socket is already opened
2025-09-27 01:20:47,354 - WARNING - websocket run forever ended in exception, socket is already opened
2025-09-27 01:20:47,456 - WARNING - websocket run forever ended in exception, socket is already opened
2025-09-27 01:20:47,558 - WARNING - websocket run forever ended in exception, socket is already opened
2025-09-27 01:20:47,660 - WARNING - websocket run forever ended in exception, socket is already opened
2025-09-27 01:20:47,763 - WARNING - websocket run forever ended in exception, socket is already opened
2025-09-27 01:20:47,864 - WARNING - websocket run forever ended in exception, socket is already opened
2025-09-27 01:20:47,965 - WARNING - websocket run forever ended in exception, socket is already opened
2025-09-27 01:20:48,068 - WARNING - websocket run forever ended in exception, socket is already opened
2025-09-27 01:20:48,170 - WARNING - websocket run forever ended in exception, socket is already opened
2025-09-27 01:20:48,271 - WARNING - websocket run forever ended in exception, socket is already opened
2025-09-27 01:20:48,373 - WARNING - websocket run forever ended in exception, socket is already opened
2025-09-27 01:20:48,474 - WARNING - websocket run forever ended in exception, socket is already opened
2025-09-27 01:20:48,576 - WARNING - websocket run forever ended in exception, socket is already opened
2025-09-27 01:20:48,679 - WARNING - websocket run forever ended in exception, socket is already opened
2025-09-27 01:20:48,780 - WARNING - websocket run forever ended in exception, socket is already opened
2025-09-27 01:20:48,882 - WARNING - websocket run forever ended in exception, socket is already opened
2025-09-27 01:20:48,983 - WARNING - websocket run forever ended in exception, socket is already opened
2025-09-27 01:20:49,085 - WARNING - websocket run forever ended in exception, socket is already opened
2025-09-27 01:20:49,186 - WARNING - websocket run forever ended in exception, socket is already opened
2025-09-27 01:20:49,287 - WARNING - websocket run forever ended in exception, socket is already opened
2025-09-27 01:20:49,389 - WARNING - websocket run forever ended in exception, socket is already opened
2025-09-27 01:20:49,491 - WARNING - websocket run forever ended in exception, socket is already opened
2025-09-27 01:20:49,593 - WARNING - websocket run forever ended in exception, socket is already opened
2025-09-27 01:20:49,695 - WARNING - websocket run forever ended in exception, socket is already opened
2025-09-27 01:20:49,796 - WARNING - websocket run forever ended in exception, socket is already opened
2025-09-27 01:20:49,899 - WARNING - websocket run forever ended in exception, socket is already opened
2025-09-27 01:20:50,003 - WARNING - websocket run forever ended in exception, socket is already opened
2025-09-27 01:20:50,104 - WARNING - websocket run forever ended in exception, socket is already opened
2025-09-27 01:20:50,206 - WARNING - websocket run forever ended in exception, socket is already opened
2025-09-27 01:20:50,307 - WARNING - websocket run forever ended in exception, socket is already opened
2025-09-27 01:20:50,409 - WARNING - websocket run forever ended in exception, socket is already opened
2025-09-27 01:20:50,511 - WARNING - websocket run forever ended in exception, socket is already opened
2025-09-27 01:20:50,613 - WARNING - websocket run forever ended in exception, socket is already opened
2025-09-27 01:20:50,715 - WARNING - websocket run forever ended in exception, socket is already opened
2025-09-27 01:20:50,817 - WARNING - websocket run forever ended in exception, socket is already opened
2025-09-27 01:20:50,918 - WARNING - websocket run forever ended in exception, socket is already opened
2025-09-27 01:20:51,032 - WARNING - websocket run forever ended in exception, socket is already opened
2025-09-27 01:20:51,133 - WARNING - websocket run forever ended in exception, socket is already opened
2025-09-27 01:20:51,234 - WARNING - websocket run forever ended in exception, socket is already opened
2025-09-27 01:20:51,335 - WARNING - websocket run forever ended in exception, socket is already opened
2025-09-27 01:20:51,436 - WARNING - websocket run forever ended in exception, socket is already opened
2025-09-27 01:20:51,537 - WARNING - websocket run forever ended in exception, socket is already opened
2025-09-27 01:20:51,639 - WARNING - websocket run forever ended in exception, socket is already opened
2025-09-27 01:20:51,740 - WARNING - websocket run forever ended in exception, socket is already opened
2025-09-27 01:20:51,842 - WARNING - websocket run forever ended in exception, socket is already opened
2025-09-27 01:20:51,943 - WARNING - websocket run forever ended in exception, socket is already opened
2025-09-27 01:20:52,046 - WARNING - websocket run forever ended in exception, socket is already opened
2025-09-27 01:20:52,147 - WARNING - websocket run forever ended in exception, socket is already opened
2025-09-27 01:20:52,249 - WARNING - websocket run forever ended in exception, socket is already opened
2025-09-27 01:20:52,350 - WARNING - websocket run forever ended in exception, socket is already opened
2025-09-27 01:20:52,452 - WARNING - websocket run forever ended in exception, socket is already opened
2025-09-27 01:20:52,553 - WARNING - websocket run forever ended in exception, socket is already opened
2025-09-27 01:20:52,655 - WARNING - websocket run forever ended in exception, socket is already opened
2025-09-27 01:20:52,757 - WARNING - websocket run forever ended in exception, socket is already opened
2025-09-27 01:20:52,859 - WARNING - websocket run forever ended in exception, socket is already opened
2025-09-27 01:20:52,960 - WARNING - websocket run forever ended in exception, socket is already opened
2025-09-27 01:20:53,062 - WARNING - websocket run forever ended in exception, socket is already opened
2025-09-27 01:20:53,164 - WARNING - websocket run forever ended in exception, socket is already opened
2025-09-27 01:20:53,265 - WARNING - websocket run forever ended in exception, socket is already opened
2025-09-27 01:20:53,368 - WARNING - websocket run forever ended in exception, socket is already opened
2025-09-27 01:20:53,469 - WARNING - websocket run forever ended in exception, socket is already opened
2025-09-27 01:20:53,570 - WARNING - websocket run forever ended in exception, socket is already opened
2025-09-27 01:20:53,672 - WARNING - websocket run forever ended in exception, socket is already opened
2025-09-27 01:20:53,774 - WARNING - websocket run forever ended in exception, socket is already opened
2025-09-27 01:20:53,876 - WARNING - websocket run forever ended in exception, socket is already opened
2025-09-27 01:20:53,979 - WARNING - websocket run forever ended in exception, socket is already opened
2025-09-27 01:20:54,080 - WARNING - websocket run forever ended in exception, socket is already opened
2025-09-27 01:20:54,181 - WARNING - websocket run forever ended in exception, socket is already opened
2025-09-27 01:20:54,284 - WARNING - websocket run forever ended in exception, socket is already opened
2025-09-27 01:20:54,386 - WARNING - websocket run forever ended in exception, socket is already opened
2025-09-27 01:20:54,487 - WARNING - websocket run forever ended in exception, socket is already opened
2025-09-27 01:20:54,587 - WARNING - websocket run forever ended in exception, socket is already opened
2025-09-27 01:20:54,688 - WARNING - websocket run forever ended in exception, socket is already opened
2025-09-27 01:20:54,790 - WARNING - websocket run forever ended in exception, socket is already opened
2025-09-27 01:20:54,890 - WARNING - websocket run forever ended in exception, socket is already opened
2025-09-27 01:20:54,991 - WARNING - websocket run forever ended in exception, socket is already opened
2025-09-27 01:20:55,092 - WARNING - websocket run forever ended in exception, socket is already opened
2025-09-27 01:20:55,193 - WARNING - websocket run forever ended in exception, socket is already opened
2025-09-27 01:20:55,294 - WARNING - websocket run forever ended in exception, socket is already opened
2025-09-27 01:20:55,395 - WARNING - websocket run forever ended in exception, socket is already opened
2025-09-27 01:20:55,496 - WARNING - websocket run forever ended in exception, socket is already opened
2025-09-27 01:20:55,597 - WARNING - websocket run forever ended in exception, socket is already opened
2025-09-27 01:20:55,698 - WARNING - websocket run forever ended in exception, socket is already opened
2025-09-27 01:20:55,799 - WARNING - websocket run forever ended in exception, socket is already opened
2025-09-27 01:20:55,901 - WARNING - websocket run forever ended in exception, socket is already opened
2025-09-27 01:20:56,001 - WARNING - websocket run forever ended in exception, socket is already opened
2025-09-27 01:20:56,102 - WARNING - websocket run forever ended in exception, socket is already opened
2025-09-27 01:20:56,203 - WARNING - websocket run forever ended in exception, socket is already opened
2025-09-27 01:20:56,304 - WARNING - websocket run forever ended in exception, socket is already opened
2025-09-27 01:20:56,405 - WARNING - websocket run forever ended in exception, socket is already opened
2025-09-27 01:20:56,506 - WARNING - websocket run forever ended in exception, socket is already opened
2025-09-27 01:20:56,610 - WARNING - websocket run forever ended in exception, socket is already opened
2025-09-27 01:20:56,711 - WARNING - websocket run forever ended in exception, socket is already opened
2025-09-27 01:20:56,814 - WARNING - websocket run forever ended in exception, socket is already opened
2025-09-27 01:20:56,915 - WARNING - websocket run forever ended in exception, socket is already opened
2025-09-27 01:20:57,016 - WARNING - websocket run forever ended in exception, socket is already opened
2025-09-27 01:20:57,117 - WARNING - websocket run forever ended in exception, socket is already opened
2025-09-27 01:20:57,219 - WARNING - websocket run forever ended in exception, socket is already opened
2025-09-27 01:20:57,321 - WARNING - websocket run forever ended in exception, socket is already opened
2025-09-27 01:20:57,422 - WARNING - websocket run forever ended in exception, socket is already opened
2025-09-27 01:20:57,524 - WARNING - websocket run forever ended in exception, socket is already opened
2025-09-27 01:20:57,626 - WARNING - websocket run forever ended in exception, socket is already opened
2025-09-27 01:20:57,727 - WARNING - websocket run forever ended in exception, socket is already opened
2025-09-27 01:20:57,829 - WARNING - websocket run forever ended in exception, socket is already opened
2025-09-27 01:20:57,930 - WARNING - websocket run forever ended in exception, socket is already opened
2025-09-27 01:20:58,032 - WARNING - websocket run forever ended in exception, socket is already opened
2025-09-27 01:20:58,133 - WARNING - websocket run forever ended in exception, socket is already opened
2025-09-27 01:20:58,235 - WARNING - websocket run forever ended in exception, socket is already opened
2025-09-27 01:20:58,336 - WARNING - websocket run forever ended in exception, socket is already opened
2025-09-27 01:20:58,439 - WARNING - websocket run forever ended in exception, socket is already opened
2025-09-27 01:20:58,540 - WARNING - websocket run forever ended in exception, socket is already opened
2025-09-27 01:20:58,642 - WARNING - websocket run forever ended in exception, socket is already opened
2025-09-27 01:20:58,743 - WARNING - websocket run forever ended in exception, socket is already opened
2025-09-27 01:20:58,844 - WARNING - websocket run forever ended in exception, socket is already opened
2025-09-27 01:20:58,947 - WARNING - websocket run forever ended in exception, socket is already opened
2025-09-27 01:20:59,049 - WARNING - websocket run forever ended in exception, socket is already opened
2025-09-27 01:20:59,152 - WARNING - websocket run forever ended in exception, socket is already opened
2025-09-27 01:20:59,254 - WARNING - websocket run forever ended in exception, socket is already opened
2025-09-27 01:20:59,355 - WARNING - websocket run forever ended in exception, socket is already opened
2025-09-27 01:20:59,456 - WARNING - websocket run forever ended in exception, socket is already opened
2025-09-27 01:20:59,557 - WARNING - websocket run forever ended in exception, socket is already opened
2025-09-27 01:20:59,658 - WARNING - websocket run forever ended in exception, socket is already opened
2025-09-27 01:20:59,760 - WARNING - websocket run forever ended in exception, socket is already opened
2025-09-27 01:20:59,861 - WARNING - websocket run forever ended in exception, socket is already opened
2025-09-27 01:20:59,962 - WARNING - websocket run forever ended in exception, socket is already opened
2025-09-27 01:21:00,064 - WARNING - websocket run forever ended in exception, socket is already opened
2025-09-27 01:21:00,165 - WARNING - websocket run forever ended in exception, socket is already opened
2025-09-27 01:21:00,268 - WARNING - websocket run forever ended in exception, socket is already opened
2025-09-27 01:21:00,337 - INFO - Application closing - cleaning up resources
2025-09-27 01:21:00,338 - INFO - Log monitoring stopped
2025-09-27 01:21:00,369 - WARNING - websocket run forever ended in exception, socket is already opened
2025-09-27 01:21:00,471 - WARNING - websocket run forever ended in exception, socket is already opened
2025-09-27 01:21:00,582 - WARNING - websocket run forever ended in exception, socket is already opened
2025-09-27 01:21:00,687 - WARNING - websocket run forever ended in exception, socket is already opened
2025-09-27 01:21:00,788 - WARNING - websocket run forever ended in exception, socket is already opened
2025-09-27 01:21:00,890 - WARNING - websocket run forever ended in exception, socket is already opened
2025-09-27 01:21:01,027 - WARNING - websocket run forever ended in exception, socket is already opened
2025-09-27 01:21:01,129 - WARNING - websocket run forever ended in exception, socket is already opened
2025-09-27 01:21:01,231 - WARNING - websocket run forever ended in exception, socket is already opened
2025-09-27 01:21:01,332 - WARNING - websocket run forever ended in exception, socket is already opened
2025-09-27 01:21:01,349 - INFO - WebSocket connection monitoring stopped
2025-09-27 01:21:01,434 - WARNING - websocket run forever ended in exception, socket is already opened
2025-09-27 01:21:01,535 - WARNING - websocket run forever ended in exception, socket is already opened
2025-09-27 01:21:59,087 - INFO - Loaded account states from account_state.csv
2025-09-27 01:21:59,091 - INFO - Loaded configuration from configuration.csv
2025-09-27 01:21:59,091 - INFO - Resetting account states to initial state on startup...
2025-09-27 01:21:59,098 - INFO - Updated Master (ID: 1) login_status to '0': Program startup - master not logged in
2025-09-27 01:21:59,106 - INFO - Updated Master (ID: 1) can_order to '0': Program startup - master cannot place orders
2025-09-27 01:21:59,109 - INFO - Updated Child (ID: 2) login_status to '0': Program startup - child not logged in
2025-09-27 01:21:59,114 - INFO - Updated Child (ID: 2) can_order to '0': Program startup - child cannot place orders
2025-09-27 01:21:59,118 - INFO - RESET POSITION DATA - Master (ID: 1) - position data cleared
2025-09-27 01:21:59,125 - INFO - RESET POSITION DATA - Child (ID: 2) - position data cleared
2025-09-27 01:21:59,137 - INFO - Cleared exit order info for Master (ID: 1)
2025-09-27 01:21:59,140 - INFO - Cleared exit order info for Child (ID: 2)
2025-09-27 01:21:59,142 - INFO - Enabling selection row components
2025-09-27 01:21:59,142 - ERROR - Error enabling selection row: 'MainWindow' object has no attribute 'index_dropdown'
2025-09-27 01:21:59,142 - INFO - Position data and exit order info cleared on startup for both accounts
2025-09-27 01:21:59,142 - INFO - Account states reset to initial state
2025-09-27 01:21:59,142 - INFO - Loaded cached index prices from today
2025-09-27 01:21:59,142 - INFO - All expiry dates are valid
2025-09-27 01:21:59,142 - INFO - Loaded cached expiry dates from today
2025-09-27 01:21:59,450 - INFO - WebSocket connection monitoring started
2025-09-27 01:21:59,450 - INFO - Log monitoring started
2025-09-27 01:21:59,455 - INFO - SL/Target configuration loaded - SL: 5 points, Target: 40 points
2025-09-27 01:21:59,455 - INFO - Calculated differences - SL: -5, Target: 40
2025-09-27 01:21:59,735 - INFO - Checking master files...
2025-09-27 01:21:59,735 - INFO - All master files are current
2025-09-27 01:21:59,735 - INFO - [SUCCESS] Master files are up to date
2025-09-27 01:21:59,735 - INFO - Attempting auto-login for master account...
2025-09-27 01:21:59,735 - INFO - Starting Master-Child Trading GUI - Original UI Layout
2025-09-27 01:21:59,744 - INFO - Generated fresh 2FA for account 1: 513768
2025-09-27 01:21:59,744 - INFO - Attempting login for account 1 with userid: FA42242
2025-09-27 01:22:00,478 - INFO - Login response for account 1: {'request_time': '01:22:02 27-09-2025', 'actid': 'FA42242', 'access_type': ['MOB', 'TT', 'WEB', 'API'], 'uname': 'KRATIK YADAV', 'prarr': [{'prd': 'C', 's_prdt_ali': 'CNC', 'exch': ['NSE', 'BSE', 'NIPO', 'BSTAR']}, {'prd': 'M', 's_prdt_ali': 'NRML', 'exch': ['NFO', 'BFO', 'CDS', 'BCD']}, {'prd': 'I', 's_prdt_ali': 'MIS', 'exch': ['NSE', 'BSE', 'NFO', 'BFO', 'CDS', 'BCD']}, {'prd': 'H', 's_prdt_ali': 'CO', 'exch': ['NSE', 'NFO', 'CDS', 'BSE']}, {'prd': 'B', 's_prdt_ali': 'BO', 'exch': ['NSE', 'NFO', 'CDS', 'BSE']}], 'exch_prd': [{'exch': 'NSE', 'prds': ['C', 'I', 'H', 'B']}, {'exch': 'NFO', 'prds': ['M', 'I', 'H', 'B']}, {'exch': 'CDS', 'prds': ['M', 'I', 'H', 'B']}, {'exch': 'BSE', 'prds': ['C', 'I', 'H', 'B']}, {'exch': 'BCD', 'prds': ['M', 'I']}, {'exch': 'NIPO', 'prds': ['C']}, {'exch': 'BSTAR', 'prds': ['C']}, {'exch': 'BFO', 'prds': ['M', 'I']}], 'stat': 'Ok', 'susertoken': '32f87a104cfe6dbd4085d0998729af9fedbd967d18193f4fff377c68a80f9c7b', 'susertokenspl': '181db85514fb43d730014aee0065a6f4dbc977fb740df5184b1268a42fc30d70', 'email': 'kratikiafk@gmail.com', 'uid': 'FA42242', 'brnchid': 'HO', 'totp_set': '1', 'm_num': '6265650705', 'orarr': ['MKT', 'LMT', 'SL-LMT', 'SL-MKT'], 'exarr': ['NSE', 'NFO', 'CDS', 'BSE', 'BCD', 'NIPO', 'BSTAR', 'BFO'], 'values': ['4', '3', '2'], 'mws': {'4': [{'exch': 'NFO', 'token': '68495', 'tsym': 'BANKINDIA28OCT25P105', 'cname': 'BANKINDIA OCT 105 PE ', 'dname': 'BANKINDIA OCT 105 PE ', 'instname': 'OPTSTK', 'pp': '2', 'ls': '5200', 'ti': '0.05', 'optt': 'PE'}, {'exch': 'NFO', 'token': '68471', 'tsym': 'BANKINDIA30SEP25P142.5', 'cname': 'BANKINDIA SEP 142.50 PE ', 'dname': 'BANKINDIA SEP 142.50 PE ', 'instname': 'OPTSTK', 'pp': '2', 'ls': '5200', 'ti': '0.05', 'optt': 'PE'}], '3': [], '2': [{'exch': 'NSE', 'token': '2088', 'tsym': 'MAHSEAMLES-EQ', 'cname': 'MAHARASHTRA SEAMLESS LTD', 'instname': 'EQ', 'pp': '2', 'ls': '1', 'ti': '0.05'}, {'exch': 'NSE', 'token': '23402', 'tsym': 'SRM-EQ', 'cname': 'SRM CONTRACTORS LIMITED', 'instname': 'EQ', 'pp': '2', 'ls': '1', 'ti': '0.05'}, {'exch': 'NSE', 'token': '18110', 'tsym': 'VASCONEQ-EQ', 'cname': 'VASCON ENGINEERS LTD', 'instname': 'EQ', 'pp': '2', 'ls': '1', 'ti': '0.01'}]}, 'brkname': 'FINV', 'dmsg': '', 'lastaccesstime': '1758916322', 'lastpwdtime': '1756959759'}
2025-09-27 01:22:00,478 - INFO - Login response type: <class 'dict'>
2025-09-27 01:22:00,478 - INFO - Login Successful!, Welcome KRATIK YADAV - Master ACCOUNT
2025-09-27 01:22:00,485 - INFO - Updated Master (ID: 1) login_status to '1': Master account auto-login successful
2025-09-27 01:22:00,485 - INFO - Updated Master (ID: 1) can_order to '1': Master account ready for orders
2025-09-27 01:22:00,485 - INFO - WebSocket connection established for account 1
2025-09-27 01:22:00,485 - INFO - Network connection restored for account 1
2025-09-27 01:22:00,485 - INFO - Refreshing market data...
2025-09-27 01:22:00,485 - INFO - Master account auto-login successful: KRATIK YADAV
2025-09-27 01:22:00,494 - INFO - Index prices are current, no refresh needed
2025-09-27 01:22:00,494 - INFO - Expiry dates are current, no refresh needed
2025-09-27 01:22:00,670 - INFO - Websocket connected
2025-09-27 01:22:00,713 - INFO - WebSocket is now open for Account 1
2025-09-27 01:22:59,542 - INFO - Log monitoring active after 60 second startup delay
2025-09-27 01:23:00,243 - INFO - Index selected: SENSEX
2025-09-27 01:23:00,244 - INFO - On option selected called - Function not implemented yet
2025-09-27 01:23:00,245 - INFO - Not all required fields selected for strike selection
2025-09-27 01:23:00,245 - INFO - Option and strike selections cleared for new index
2025-09-27 01:23:00,246 - INFO - On expiry selected called - Function not implemented yet
2025-09-27 01:23:00,249 - INFO - Strike dropdown populated with 15 strikes for SENSEX
2025-09-27 01:23:00,249 - INFO - Updated quantity dropdown for SENSEX: ['20', '40', '60', '80', '100', '120', '140', '160', '180', '200']
2025-09-27 01:23:04,917 - INFO - On option selected called - Function not implemented yet
2025-09-27 01:23:07,209 - INFO - Buy price box cleared for new symbol selection - auto-fill re-enabled
2025-09-27 01:23:07,209 - INFO - Generated trading symbol: SENSEX25O0180000CE
2025-09-27 01:23:07,209 - INFO - Trading symbol stored: SENSEX25O0180000CE
2025-09-27 01:23:07,209 - INFO - Getting token for trading symbol: SENSEX25O0180000CE
2025-09-27 01:23:07,217 - INFO - Found token for SENSEX25O0180000CE: 865367
2025-09-27 01:23:08,014 - INFO - Fetched price for SENSEX25O0180000CE: 738.2
2025-09-27 01:23:08,014 - INFO - Getting token for trading symbol: SENSEX25O0180000CE
2025-09-27 01:23:08,024 - INFO - Found token for SENSEX25O0180000CE: 865367
2025-09-27 01:23:08,024 - INFO - Subscribed to live price feed via master account: BFO|865367
2025-09-27 01:23:08,024 - INFO - Auto-subscribed to SENSEX25O0180000CE at price 738.2
2025-09-27 01:23:08,027 - INFO - Strike selected: 80000, trading symbol: SENSEX25O0180000CE
2025-09-27 01:23:08,071 - INFO - Initial buy price set: 738.20
2025-09-27 01:23:41,814 - INFO - Buy price field value changed to empty - auto-fill disabled
2025-09-27 01:23:41,817 - INFO - Buy price box cleared for new symbol selection - auto-fill re-enabled
2025-09-27 01:23:41,817 - INFO - Generated trading symbol: SENSEX25O0180200CE
2025-09-27 01:23:41,817 - INFO - Trading symbol stored: SENSEX25O0180200CE
2025-09-27 01:23:41,817 - INFO - Getting token for trading symbol: SENSEX25O0180200CE
2025-09-27 01:23:41,817 - INFO - Found token for SENSEX25O0180200CE: 865398
2025-09-27 01:23:41,828 - ERROR - Error getting quotes for BFO|865398: HTTPSConnectionPool(host='api.shoonya.com', port=443): Max retries exceeded with url: /NorenWClientTP//GetQuotes (Caused by NameResolutionError("<urllib3.connection.HTTPSConnection object at 0x000002B4595E95B0>: Failed to resolve 'api.shoonya.com' ([Errno 11001] getaddrinfo failed)"))
2025-09-27 01:23:41,828 - WARNING - Could not fetch price for SENSEX25O0180200CE
2025-09-27 01:23:41,828 - INFO - Strike selected: 80200, trading symbol: SENSEX25O0180200CE
2025-09-27 01:23:44,692 - ERROR - WebSocket error detected: 2025-09-27 01:23:41,828 - ERROR - Error getting quotes for BFO|865398: HTTPSConnectionPool(host='api.shoonya.com', port=443): Max retries exceeded with url: /NorenWClientTP//GetQuotes (Caused by NameResolutionError("<urllib3.connection.HTTPSConnection object at 0x000002B4595E95B0>: Failed to resolve 'api.shoonya.com' ([Errno 11001] getaddrinfo failed)"))
2025-09-27 01:23:44,694 - ERROR - Pattern matched: connection.*failed
2025-09-27 01:23:44,958 - ERROR - Error popup displayed successfully
2025-09-27 01:23:44,958 - ERROR - Stopping log monitoring after first error detection
2025-09-27 01:23:49,960 - INFO - Log monitoring stopped after first error detection
2025-09-27 01:23:53,338 - INFO - Application closing - cleaning up resources
2025-09-27 01:23:53,338 - INFO - Log monitoring stopped
2025-09-27 01:23:54,342 - INFO - WebSocket connection monitoring stopped
