2025-09-23 00:08:32,701 - INFO - Loaded index prices from text file
2025-09-23 00:08:33,247 - INFO - Generated fresh 2FA for account 1: 401067
2025-09-23 00:08:34,131 - INFO - Fetching index prices from API...
2025-09-23 00:08:34,131 - INFO - Fetching NIFTY price from NSE
2025-09-23 00:08:34,871 - INFO - Fetched NIFTY price: 25202.35
2025-09-23 00:08:34,874 - INFO - Fetching BANKNIFTY price from NSE
2025-09-23 00:08:35,491 - INFO - Fetched BANKNIFTY price: 55284.75
2025-09-23 00:08:35,491 - INFO - Fetching SENSEX price from BSE
2025-09-23 00:08:36,176 - INFO - Fetched SENSEX price: 82159.97
2025-09-23 00:08:36,194 - INFO - Saved index prices to cache files
2025-09-23 00:08:36,195 - INFO - Successfully updated all index prices
2025-09-23 00:08:37,782 - INFO - Generated fresh 2FA for account 2: 085890
2025-09-23 11:10:09,370 - INFO - Loaded cached index prices from today
2025-09-23 11:10:09,838 - INFO - Generated fresh 2FA for account 1: 385618
2025-09-23 11:10:14,609 - INFO - Generated fresh 2FA for account 2: 949331
2025-09-23 11:18:51,342 - INFO - Loaded cached index prices from today
2025-09-23 11:18:51,797 - INFO - Generated fresh 2FA for account 1: 226977
2025-09-23 11:19:57,100 - INFO - Generated fresh 2FA for account 2: 911860
2025-09-23 13:12:18,329 - INFO - Loaded cached index prices from today
2025-09-23 13:12:18,840 - INFO - Generated fresh 2FA for account 1: 182771
2025-09-23 13:12:34,150 - INFO - Generated fresh 2FA for account 2: 523118
2025-09-23 13:17:50,546 - INFO - Loaded cached index prices from today
2025-09-23 13:17:50,818 - INFO - Generated fresh 2FA for account 1: 446591
2025-09-23 13:17:57,118 - INFO - Generated fresh 2FA for account 2: 854498
2025-09-23 13:26:03,189 - INFO - Loaded cached index prices from today
2025-09-23 13:26:03,608 - INFO - Generated fresh 2FA for account 1: 494689
2025-09-23 13:26:05,437 - INFO - Generated fresh 2FA for account 2: 320860
2025-09-23 13:29:16,495 - INFO - Loaded cached index prices from today
2025-09-23 13:29:16,918 - INFO - Generated fresh 2FA for account 1: 574097
2025-09-23 13:29:18,763 - INFO - Generated fresh 2FA for account 2: 883179
2025-09-23 13:36:16,764 - INFO - Loaded cached index prices from today
2025-09-23 13:42:39,777 - INFO - Loaded cached index prices from today
2025-09-23 13:42:40,199 - INFO - Generated fresh 2FA for account 1: 332416
2025-09-23 13:42:41,968 - INFO - Generated fresh 2FA for account 2: 140027
2025-09-23 14:25:13,591 - INFO - Loaded cached index prices from today
2025-09-23 14:25:14,191 - INFO - Generated fresh 2FA for account 1: 780014
2025-09-23 14:25:16,898 - INFO - Generated fresh 2FA for account 2: 381205
2025-09-23 14:36:12,015 - INFO - Loaded cached index prices from today
2025-09-23 14:36:12,540 - INFO - Generated fresh 2FA for account 1: 154282
2025-09-23 14:36:19,640 - INFO - Generated fresh 2FA for account 2: 600590
2025-09-23 14:41:18,353 - INFO - Loaded cached index prices from today
2025-09-23 14:41:18,834 - INFO - Generated fresh 2FA for account 1: 122005
2025-09-23 14:41:21,075 - INFO - Generated fresh 2FA for account 2: 218607
2025-09-23 14:48:14,495 - INFO - Loaded cached index prices from today
2025-09-23 14:48:15,030 - INFO - Generated fresh 2FA for account 1: 141426
2025-09-23 14:48:17,235 - INFO - Generated fresh 2FA for account 2: 693457
2025-09-23 14:56:30,378 - INFO - Loaded cached index prices from today
2025-09-23 14:56:30,754 - INFO - Generated fresh 2FA for account 1: 786790
2025-09-23 14:56:33,308 - INFO - Generated fresh 2FA for account 2: 165983
2025-09-23 15:26:39,338 - INFO - Loaded cached index prices from today
2025-09-23 15:26:39,786 - INFO - Generated fresh 2FA for account 1: 877525
2025-09-23 15:26:42,006 - INFO - Positions retrieved for ROOPAL SONI: 0 open positions found
2025-09-23 15:26:53,633 - INFO - Generated fresh 2FA for account 2: 326488
2025-09-23 15:26:55,684 - INFO - Positions retrieved for ROOPAL SONI: 0 open positions found
2025-09-23 15:26:56,196 - INFO - Positions retrieved for KRATIK YADAV: 0 open positions found
2025-09-23 15:30:42,083 - INFO - Loaded cached index prices from today
2025-09-23 15:30:42,683 - INFO - Generated fresh 2FA for account 1: 346510
2025-09-23 15:30:45,518 - INFO - Positions retrieved for ROOPAL SONI: 0 open positions found
2025-09-23 15:50:03,277 - INFO - Loaded cached index prices from today
2025-09-23 15:50:04,171 - INFO - Generated fresh 2FA for account 1: 108473
2025-09-23 15:50:07,065 - INFO - Positions retrieved for ROOPAL SONI: 0 open positions found
2025-09-23 15:52:53,726 - INFO - Loaded cached index prices from today
2025-09-23 15:52:54,195 - INFO - Generated fresh 2FA for account 1: 829372
2025-09-23 15:52:56,553 - INFO - Positions retrieved for ROOPAL SONI: 0 open positions found
2025-09-23 16:07:04,256 - INFO - Loaded cached index prices from today
2025-09-23 16:07:05,019 - INFO - Generated fresh 2FA for account 1: 717322
2025-09-23 16:07:05,050 - INFO - Generated fresh 2FA for account 1: 717322
2025-09-23 16:19:57,252 - INFO - Loaded cached index prices from today
2025-09-23 16:19:57,562 - INFO - Generated fresh 2FA for account 1: 439181
2025-09-23 16:19:57,609 - INFO - Generated fresh 2FA for account 1: 439181
2025-09-23 16:19:59,142 - INFO - Generated fresh 2FA for account 2: 302087
2025-09-23 16:51:43,537 - INFO - Loaded cached index prices from today
2025-09-23 16:51:44,101 - INFO - Generated fresh 2FA for account 1: 352168
2025-09-23 16:51:46,763 - INFO - Positions retrieved for ROOPAL SONI: 0 open positions found
2025-09-23 16:51:49,950 - INFO - Generated fresh 2FA for account 2: 388864
2025-09-23 16:51:52,343 - INFO - Positions retrieved for ROOPAL SONI: 0 open positions found
2025-09-23 16:51:53,000 - INFO - Positions retrieved for KRATIK YADAV: 0 open positions found
2025-09-23 18:36:24,008 - INFO - Generated fresh 2FA for account 1: 156818
2025-09-23 18:36:43,514 - INFO - Loaded cached index prices from today
2025-09-23 18:36:44,012 - INFO - Generated fresh 2FA for account 1: 150735
2025-09-23 18:36:46,185 - INFO - Positions retrieved for ROOPAL SONI: 0 open positions found
2025-09-23 18:36:46,544 - INFO - Generated fresh 2FA for account 2: 342504
2025-09-23 18:36:48,639 - INFO - Positions retrieved for ROOPAL SONI: 0 open positions found
2025-09-23 18:36:49,190 - INFO - Positions retrieved for KRATIK YADAV: 0 open positions found
2025-09-23 18:37:00,146 - INFO - Generated fresh 2FA for account 1: 027717
2025-09-23 18:37:01,210 - INFO - Generated fresh 2FA for account 2: 173686
2025-09-23 18:40:58,576 - INFO - Loaded cached index prices from today
2025-09-23 18:40:58,937 - INFO - Generated fresh 2FA for account 1: 760504
2025-09-23 18:41:01,277 - INFO - Positions retrieved for ROOPAL SONI: 0 open positions found
2025-09-23 18:41:33,398 - INFO - Generated fresh 2FA for account 2: 089050
2025-09-23 18:41:35,452 - INFO - Positions retrieved for ROOPAL SONI: 0 open positions found
2025-09-23 18:41:35,989 - INFO - Positions retrieved for KRATIK YADAV: 0 open positions found
2025-09-23 18:43:53,512 - INFO - Loaded cached index prices from today
2025-09-23 18:43:53,846 - INFO - Generated fresh 2FA for account 1: 370544
2025-09-23 18:43:56,305 - INFO - Positions retrieved for ROOPAL SONI: 0 open positions found
2025-09-23 18:44:07,804 - INFO - Generated fresh 2FA for account 2: 333303
2025-09-23 18:44:09,872 - INFO - Positions retrieved for ROOPAL SONI: 0 open positions found
2025-09-23 18:44:10,375 - INFO - Positions retrieved for KRATIK YADAV: 0 open positions found
2025-09-23 18:47:05,903 - INFO - Loaded cached index prices from today
2025-09-23 18:47:06,171 - INFO - Generated fresh 2FA for account 1: 914920
2025-09-23 18:47:07,591 - INFO - Generated fresh 2FA for account 2: 224645
2025-09-23 18:47:08,423 - INFO - Positions retrieved for ROOPAL SONI: 0 open positions found
2025-09-23 18:47:08,950 - INFO - Positions retrieved for KRATIK YADAV: 0 open positions found
2025-09-23 18:47:10,484 - INFO - Positions retrieved for ROOPAL SONI: 0 open positions found
2025-09-23 18:47:10,994 - INFO - Positions retrieved for KRATIK YADAV: 0 open positions found
2025-09-23 18:50:09,167 - INFO - Loaded cached index prices from today
2025-09-23 18:50:09,455 - INFO - Generated fresh 2FA for account 1: 825365
2025-09-23 18:50:11,648 - INFO - Positions retrieved for ROOPAL SONI: 0 open positions found
2025-09-23 18:50:14,830 - INFO - Generated fresh 2FA for account 2: 981788
2025-09-23 18:50:17,002 - INFO - Positions retrieved for ROOPAL SONI: 0 open positions found
2025-09-23 18:50:17,546 - INFO - Positions retrieved for KRATIK YADAV: 0 open positions found
2025-09-23 18:51:04,951 - INFO - Generated fresh 2FA for account 1: 977334
2025-09-23 18:51:05,488 - INFO - Generated fresh 2FA for account 2: 773154
2025-09-23 18:54:12,689 - INFO - Loaded cached index prices from today
2025-09-23 18:54:13,091 - INFO - Generated fresh 2FA for account 1: 413809
2025-09-23 18:54:15,332 - INFO - Positions retrieved for ROOPAL SONI: 0 open positions found
2025-09-23 18:54:15,689 - INFO - Generated fresh 2FA for account 2: 035239
2025-09-23 18:54:17,724 - INFO - Positions retrieved for ROOPAL SONI: 0 open positions found
2025-09-23 18:54:18,253 - INFO - Positions retrieved for KRATIK YADAV: 0 open positions found
2025-09-23 19:21:31,742 - INFO - Loaded cached index prices from today
2025-09-23 19:21:32,159 - INFO - Generated fresh 2FA for account 1: 330066
2025-09-23 19:21:34,370 - INFO - Positions retrieved for ROOPAL SONI: 0 open positions found
2025-09-23 19:21:36,941 - INFO - Generated fresh 2FA for account 2: 220978
2025-09-23 19:21:38,968 - INFO - Positions retrieved for ROOPAL SONI: 0 open positions found
2025-09-23 19:21:39,464 - INFO - Positions retrieved for KRATIK YADAV: 0 open positions found
2025-09-23 19:23:49,809 - INFO - Loaded cached index prices from today
2025-09-23 19:23:50,239 - INFO - Generated fresh 2FA for account 1: 573694
2025-09-23 19:23:52,421 - ERROR - Error retrieving positions for account 1: Expecting value: line 1 column 1 (char 0)
2025-09-23 19:23:52,425 - WARNING - Could not retrieve positions for account 1: Error retrieving positions for account 1: Expecting value: line 1 column 1 (char 0)
2025-09-23 19:23:52,430 - INFO - Generated fresh 2FA for account 2: 378696
2025-09-23 19:23:52,953 - ERROR - Login failed for account 2: Expecting value: line 1 column 1 (char 0)
2025-09-23 19:39:39,848 - INFO - Loaded cached index prices from today
2025-09-23 19:39:40,268 - INFO - Generated fresh 2FA for account 1: 404864
2025-09-23 19:39:40,269 - INFO - Attempting login for account 1 with userid: FA32246
2025-09-23 19:39:40,930 - INFO - Login response for account 1: {'request_time': '19:39:41 23-09-2025', 'actid': 'FA32246', 'access_type': ['MOB', 'TT', 'WEB', 'API'], 'uname': 'ROOPAL SONI', 'prarr': [{'prd': 'C', 's_prdt_ali': 'CNC', 'exch': ['NSE', 'BSE', 'NIPO', 'BSTAR']}, {'prd': 'M', 's_prdt_ali': 'NRML', 'exch': ['NFO', 'BFO', 'CDS', 'BCD', 'MCX']}, {'prd': 'I', 's_prdt_ali': 'MIS', 'exch': ['NSE', 'BSE', 'NFO', 'BFO', 'CDS', 'BCD', 'MCX']}, {'prd': 'H', 's_prdt_ali': 'CO', 'exch': ['NSE', 'NFO', 'CDS', 'MCX', 'BSE']}, {'prd': 'B', 's_prdt_ali': 'BO', 'exch': ['NSE', 'NFO', 'CDS', 'MCX', 'BSE']}], 'exch_prd': [{'exch': 'NSE', 'prds': ['C', 'I', 'H', 'B']}, {'exch': 'NFO', 'prds': ['M', 'I', 'H', 'B']}, {'exch': 'CDS', 'prds': ['M', 'I', 'H', 'B']}, {'exch': 'BSE', 'prds': ['C', 'I', 'H', 'B']}, {'exch': 'BCD', 'prds': ['M', 'I']}, {'exch': 'MCX', 'prds': ['M', 'I', 'H', 'B']}, {'exch': 'NIPO', 'prds': ['C']}, {'exch': 'BSTAR', 'prds': ['C']}, {'exch': 'BFO', 'prds': ['M', 'I']}], 'stat': 'Ok', 'susertoken': '8330778a1d273be6b6123be31d168d61932f6691dd22ac7151851a9a134964c5', 'susertokenspl': 'bc444da402417fba9f960e30f1e3e0bea8f1b9fbf9226aa3b561a25ead2de9f1', 'email': 'kratik.kunal@gmail.com', 'uid': 'FA32246', 'brnchid': 'HO', 'totp_set': '1', 'm_num': '9424018696', 'orarr': ['MKT', 'LMT', 'SL-LMT', 'SL-MKT'], 'exarr': ['NSE', 'NFO', 'CDS', 'BSE', 'BCD', 'MCX', 'NIPO', 'BSTAR', 'BFO'], 'values': ['l', 'calls', 'Puts'], 'mws': {'l': [], 'calls': [{'exch': 'NFO', 'token': '54979', 'tsym': 'ADANIGREEN28OCT25P1100', 'cname': 'ADANIGREEN OCT 1100 PE ', 'dname': 'ADANIGREEN OCT 1100 PE ', 'instname': 'OPTSTK', 'pp': '2', 'ls': '600', 'ti': '0.05', 'optt': 'PE'}, {'exch': 'NFO', 'token': '54957', 'tsym': 'ADANIGREEN28OCT25P660', 'cname': 'ADANIGREEN OCT 660 PE ', 'dname': 'ADANIGREEN OCT 660 PE ', 'instname': 'OPTSTK', 'pp': '2', 'ls': '600', 'ti': '0.05', 'optt': 'PE'}, {'exch': 'NFO', 'token': '54995', 'tsym': 'ADANIGREEN25NOV25P600', 'cname': 'ADANIGREEN NOV 600 PE ', 'dname': 'ADANIGREEN NOV 600 PE ', 'instname': 'OPTSTK', 'pp': '2', 'ls': '600', 'ti': '0.05', 'optt': 'PE'}, {'exch': 'NFO', 'token': '54991', 'tsym': 'BANKNIFTY30SEP25C55400', 'cname': 'BANKNIFTY 30SEP25 55400 CE ', 'dname': 'BANKNIFTY 30SEP25 55400 CE ', 'instname': 'OPTIDX', 'pp': '2', 'ls': '35', 'ti': '0.05', 'optt': 'CE'}, {'exch': 'NFO', 'token': '54983', 'tsym': 'ADANIGREEN28OCT25P1180', 'cname': 'ADANIGREEN OCT 1180 PE ', 'dname': 'ADANIGREEN OCT 1180 PE ', 'instname': 'OPTSTK', 'pp': '2', 'ls': '600', 'ti': '0.05', 'optt': 'PE'}, {'exch': 'NFO', 'token': '54965', 'tsym': 'ADANIGREEN28OCT25P820', 'cname': 'ADANIGREEN OCT 820 PE ', 'dname': 'ADANIGREEN OCT 820 PE ', 'instname': 'OPTSTK', 'pp': '2', 'ls': '600', 'ti': '0.05', 'optt': 'PE'}, {'exch': 'NFO', 'token': '54953', 'tsym': 'ADANIGREEN28OCT25P520', 'cname': 'ADANIGREEN OCT 520 PE ', 'dname': 'ADANIGREEN OCT 520 PE ', 'instname': 'OPTSTK', 'pp': '2', 'ls': '600', 'ti': '0.05', 'optt': 'PE'}], 'Puts': [{'exch': 'NFO', 'token': '48898', 'tsym': 'MCX25NOV25F', 'cname': 'MCX NOV FUT', 'dname': 'MCX NOV FUT', 'instname': 'FUTSTK', 'pp': '2', 'ls': '125', 'ti': '0.50', 'optt': 'XX'}, {'exch': 'MCX', 'token': '456955', 'tsym': 'COPPER30SEP25', 'instname': 'FUTCOM', 'pp': '2', 'ls': '2500', 'ti': '0.05', 'optt': 'XX'}, {'exch': 'NSE', 'token': '4598', 'tsym': 'HERITGFOOD-EQ', 'cname': 'HERITAGE FOODS LTD', 'instname': 'EQ', 'pp': '2', 'ls': '1', 'ti': '0.05'}, {'exch': 'NSE', 'token': '2885', 'tsym': 'RELIANCE-EQ', 'cname': 'RELIANCE INDUSTRIES LTD', 'instname': 'EQ', 'pp': '2', 'ls': '1', 'ti': '0.10'}, {'exch': 'NSE', 'token': '31181', 'tsym': 'MCX-EQ', 'cname': 'MULTI COMMODITY EXCHANGE', 'instname': 'EQ', 'pp': '2', 'ls': '1', 'ti': '0.50'}, {'exch': 'NSE', 'token': '8003', 'tsym': 'SILVER-EQ', 'cname': 'BIRLASLAMC - SILVER', 'instname': 'EQ', 'pp': '2', 'ls': '1', 'ti': '0.01'}, {'exch': 'NSE', 'token': '26037', 'tsym': 'Nifty Fin Service', 'cname': 'FIN NIFTY', 'instname': 'UNDIND', 'pp': '2', 'ls': '1', 'ti': '0.05', 'nontrd': '1'}]}, 'brkname': 'FINV', 'dmsg': '', 'lastaccesstime': '1758636581', 'lastpwdtime': '1757444505'}
2025-09-23 19:39:40,932 - INFO - Login response type: <class 'dict'>
2025-09-23 19:39:42,466 - INFO - Positions retrieved for ROOPAL SONI: 0 open positions found
2025-09-23 19:39:42,694 - INFO - Generated fresh 2FA for account 2: 568768
2025-09-23 19:39:42,696 - INFO - Attempting login for account 2 with userid: FA42242
2025-09-23 19:39:43,213 - INFO - Login response for account 2: {'request_time': '19:39:43 23-09-2025', 'actid': 'FA42242', 'access_type': ['MOB', 'TT', 'WEB', 'API'], 'uname': 'KRATIK YADAV', 'prarr': [{'prd': 'C', 's_prdt_ali': 'CNC', 'exch': ['NSE', 'BSE', 'NIPO', 'BSTAR']}, {'prd': 'M', 's_prdt_ali': 'NRML', 'exch': ['NFO', 'BFO', 'CDS', 'BCD']}, {'prd': 'I', 's_prdt_ali': 'MIS', 'exch': ['NSE', 'BSE', 'NFO', 'BFO', 'CDS', 'BCD']}, {'prd': 'H', 's_prdt_ali': 'CO', 'exch': ['NSE', 'NFO', 'CDS', 'BSE']}, {'prd': 'B', 's_prdt_ali': 'BO', 'exch': ['NSE', 'NFO', 'CDS', 'BSE']}], 'exch_prd': [{'exch': 'NSE', 'prds': ['C', 'I', 'H', 'B']}, {'exch': 'NFO', 'prds': ['M', 'I', 'H', 'B']}, {'exch': 'CDS', 'prds': ['M', 'I', 'H', 'B']}, {'exch': 'BSE', 'prds': ['C', 'I', 'H', 'B']}, {'exch': 'BCD', 'prds': ['M', 'I']}, {'exch': 'NIPO', 'prds': ['C']}, {'exch': 'BSTAR', 'prds': ['C']}, {'exch': 'BFO', 'prds': ['M', 'I']}], 'stat': 'Ok', 'susertoken': 'd5597fd38f9a0886cf5ab606a4bdef63b42e3e1e924cd495c7dd1486ba2a557d', 'susertokenspl': 'f8ac317477f97a405f21d888be1517cd9bd3034d2ac00469be0d4c85253c9edf', 'email': 'kratikiafk@gmail.com', 'uid': 'FA42242', 'brnchid': 'HO', 'totp_set': '1', 'm_num': '6265650705', 'orarr': ['MKT', 'LMT', 'SL-LMT', 'SL-MKT'], 'exarr': ['NSE', 'NFO', 'CDS', 'BSE', 'BCD', 'NIPO', 'BSTAR', 'BFO'], 'values': ['4', '3', '2'], 'mws': {'4': [{'exch': 'NFO', 'token': '68495', 'tsym': 'BANKINDIA28OCT25P105', 'cname': 'BANKINDIA OCT 105 PE ', 'dname': 'BANKINDIA OCT 105 PE ', 'instname': 'OPTSTK', 'pp': '2', 'ls': '5200', 'ti': '0.05', 'optt': 'PE'}, {'exch': 'NFO', 'token': '68471', 'tsym': 'BANKINDIA30SEP25P142.5', 'cname': 'BANKINDIA SEP 142.50 PE ', 'dname': 'BANKINDIA SEP 142.50 PE ', 'instname': 'OPTSTK', 'pp': '2', 'ls': '5200', 'ti': '0.05', 'optt': 'PE'}], '3': [], '2': [{'exch': 'NSE', 'token': '2088', 'tsym': 'MAHSEAMLES-EQ', 'cname': 'MAHARASHTRA SEAMLESS LTD', 'instname': 'EQ', 'pp': '2', 'ls': '1', 'ti': '0.05'}, {'exch': 'NSE', 'token': '23402', 'tsym': 'SRM-EQ', 'cname': 'SRM CONTRACTORS LIMITED', 'instname': 'EQ', 'pp': '2', 'ls': '1', 'ti': '0.05'}, {'exch': 'NSE', 'token': '18110', 'tsym': 'VASCONEQ-EQ', 'cname': 'VASCON ENGINEERS LTD', 'instname': 'EQ', 'pp': '2', 'ls': '1', 'ti': '0.01'}]}, 'brkname': 'FINV', 'dmsg': '', 'lastaccesstime': '1758636583', 'lastpwdtime': '1756959759'}
2025-09-23 19:39:43,226 - INFO - Login response type: <class 'dict'>
2025-09-23 19:39:44,766 - INFO - Positions retrieved for ROOPAL SONI: 0 open positions found
2025-09-23 19:39:45,308 - INFO - Positions retrieved for KRATIK YADAV: 0 open positions found
2025-09-23 19:42:57,113 - INFO - Loaded cached index prices from today
2025-09-23 19:42:57,514 - INFO - Generated fresh 2FA for account 1: 113390
2025-09-23 19:42:57,515 - INFO - Attempting login for account 1 with userid: FA32246
2025-09-23 19:42:58,133 - INFO - Login response for account 1: {'request_time': '19:42:58 23-09-2025', 'actid': 'FA32246', 'access_type': ['MOB', 'TT', 'WEB', 'API'], 'uname': 'ROOPAL SONI', 'prarr': [{'prd': 'C', 's_prdt_ali': 'CNC', 'exch': ['NSE', 'BSE', 'NIPO', 'BSTAR']}, {'prd': 'M', 's_prdt_ali': 'NRML', 'exch': ['NFO', 'BFO', 'CDS', 'BCD', 'MCX']}, {'prd': 'I', 's_prdt_ali': 'MIS', 'exch': ['NSE', 'BSE', 'NFO', 'BFO', 'CDS', 'BCD', 'MCX']}, {'prd': 'H', 's_prdt_ali': 'CO', 'exch': ['NSE', 'NFO', 'CDS', 'MCX', 'BSE']}, {'prd': 'B', 's_prdt_ali': 'BO', 'exch': ['NSE', 'NFO', 'CDS', 'MCX', 'BSE']}], 'exch_prd': [{'exch': 'NSE', 'prds': ['C', 'I', 'H', 'B']}, {'exch': 'NFO', 'prds': ['M', 'I', 'H', 'B']}, {'exch': 'CDS', 'prds': ['M', 'I', 'H', 'B']}, {'exch': 'BSE', 'prds': ['C', 'I', 'H', 'B']}, {'exch': 'BCD', 'prds': ['M', 'I']}, {'exch': 'MCX', 'prds': ['M', 'I', 'H', 'B']}, {'exch': 'NIPO', 'prds': ['C']}, {'exch': 'BSTAR', 'prds': ['C']}, {'exch': 'BFO', 'prds': ['M', 'I']}], 'stat': 'Ok', 'susertoken': 'c17a6c48b80152deb9b138adb012fb4758412e247e41133e25a2e577380dc6a9', 'susertokenspl': '9203aa5b71a9cfe26676fff5159e7f421e14175e328af6b206f29a05cc2be5ed', 'email': 'kratik.kunal@gmail.com', 'uid': 'FA32246', 'brnchid': 'HO', 'totp_set': '1', 'm_num': '9424018696', 'orarr': ['MKT', 'LMT', 'SL-LMT', 'SL-MKT'], 'exarr': ['NSE', 'NFO', 'CDS', 'BSE', 'BCD', 'MCX', 'NIPO', 'BSTAR', 'BFO'], 'values': ['l', 'calls', 'Puts'], 'mws': {'l': [], 'calls': [{'exch': 'NFO', 'token': '54979', 'tsym': 'ADANIGREEN28OCT25P1100', 'cname': 'ADANIGREEN OCT 1100 PE ', 'dname': 'ADANIGREEN OCT 1100 PE ', 'instname': 'OPTSTK', 'pp': '2', 'ls': '600', 'ti': '0.05', 'optt': 'PE'}, {'exch': 'NFO', 'token': '54957', 'tsym': 'ADANIGREEN28OCT25P660', 'cname': 'ADANIGREEN OCT 660 PE ', 'dname': 'ADANIGREEN OCT 660 PE ', 'instname': 'OPTSTK', 'pp': '2', 'ls': '600', 'ti': '0.05', 'optt': 'PE'}, {'exch': 'NFO', 'token': '54995', 'tsym': 'ADANIGREEN25NOV25P600', 'cname': 'ADANIGREEN NOV 600 PE ', 'dname': 'ADANIGREEN NOV 600 PE ', 'instname': 'OPTSTK', 'pp': '2', 'ls': '600', 'ti': '0.05', 'optt': 'PE'}, {'exch': 'NFO', 'token': '54991', 'tsym': 'BANKNIFTY30SEP25C55400', 'cname': 'BANKNIFTY 30SEP25 55400 CE ', 'dname': 'BANKNIFTY 30SEP25 55400 CE ', 'instname': 'OPTIDX', 'pp': '2', 'ls': '35', 'ti': '0.05', 'optt': 'CE'}, {'exch': 'NFO', 'token': '54983', 'tsym': 'ADANIGREEN28OCT25P1180', 'cname': 'ADANIGREEN OCT 1180 PE ', 'dname': 'ADANIGREEN OCT 1180 PE ', 'instname': 'OPTSTK', 'pp': '2', 'ls': '600', 'ti': '0.05', 'optt': 'PE'}, {'exch': 'NFO', 'token': '54965', 'tsym': 'ADANIGREEN28OCT25P820', 'cname': 'ADANIGREEN OCT 820 PE ', 'dname': 'ADANIGREEN OCT 820 PE ', 'instname': 'OPTSTK', 'pp': '2', 'ls': '600', 'ti': '0.05', 'optt': 'PE'}, {'exch': 'NFO', 'token': '54953', 'tsym': 'ADANIGREEN28OCT25P520', 'cname': 'ADANIGREEN OCT 520 PE ', 'dname': 'ADANIGREEN OCT 520 PE ', 'instname': 'OPTSTK', 'pp': '2', 'ls': '600', 'ti': '0.05', 'optt': 'PE'}], 'Puts': [{'exch': 'NFO', 'token': '48898', 'tsym': 'MCX25NOV25F', 'cname': 'MCX NOV FUT', 'dname': 'MCX NOV FUT', 'instname': 'FUTSTK', 'pp': '2', 'ls': '125', 'ti': '0.50', 'optt': 'XX'}, {'exch': 'MCX', 'token': '456955', 'tsym': 'COPPER30SEP25', 'instname': 'FUTCOM', 'pp': '2', 'ls': '2500', 'ti': '0.05', 'optt': 'XX'}, {'exch': 'NSE', 'token': '4598', 'tsym': 'HERITGFOOD-EQ', 'cname': 'HERITAGE FOODS LTD', 'instname': 'EQ', 'pp': '2', 'ls': '1', 'ti': '0.05'}, {'exch': 'NSE', 'token': '2885', 'tsym': 'RELIANCE-EQ', 'cname': 'RELIANCE INDUSTRIES LTD', 'instname': 'EQ', 'pp': '2', 'ls': '1', 'ti': '0.10'}, {'exch': 'NSE', 'token': '31181', 'tsym': 'MCX-EQ', 'cname': 'MULTI COMMODITY EXCHANGE', 'instname': 'EQ', 'pp': '2', 'ls': '1', 'ti': '0.50'}, {'exch': 'NSE', 'token': '8003', 'tsym': 'SILVER-EQ', 'cname': 'BIRLASLAMC - SILVER', 'instname': 'EQ', 'pp': '2', 'ls': '1', 'ti': '0.01'}, {'exch': 'NSE', 'token': '26037', 'tsym': 'Nifty Fin Service', 'cname': 'FIN NIFTY', 'instname': 'UNDIND', 'pp': '2', 'ls': '1', 'ti': '0.05', 'nontrd': '1'}]}, 'brkname': 'FINV', 'dmsg': '', 'lastaccesstime': '1758636778', 'lastpwdtime': '1757444505'}
2025-09-23 19:42:58,135 - INFO - Login response type: <class 'dict'>
2025-09-23 19:42:59,680 - INFO - Positions retrieved for ROOPAL SONI: 0 open positions found
2025-09-23 19:42:59,689 - INFO - Generated fresh 2FA for account 2: 441070
2025-09-23 19:42:59,690 - INFO - Attempting login for account 2 with userid: FA42242
2025-09-23 19:43:00,201 - INFO - Login response for account 2: {'request_time': '19:43:00 23-09-2025', 'actid': 'FA42242', 'access_type': ['MOB', 'TT', 'WEB', 'API'], 'uname': 'KRATIK YADAV', 'prarr': [{'prd': 'C', 's_prdt_ali': 'CNC', 'exch': ['NSE', 'BSE', 'NIPO', 'BSTAR']}, {'prd': 'M', 's_prdt_ali': 'NRML', 'exch': ['NFO', 'BFO', 'CDS', 'BCD']}, {'prd': 'I', 's_prdt_ali': 'MIS', 'exch': ['NSE', 'BSE', 'NFO', 'BFO', 'CDS', 'BCD']}, {'prd': 'H', 's_prdt_ali': 'CO', 'exch': ['NSE', 'NFO', 'CDS', 'BSE']}, {'prd': 'B', 's_prdt_ali': 'BO', 'exch': ['NSE', 'NFO', 'CDS', 'BSE']}], 'exch_prd': [{'exch': 'NSE', 'prds': ['C', 'I', 'H', 'B']}, {'exch': 'NFO', 'prds': ['M', 'I', 'H', 'B']}, {'exch': 'CDS', 'prds': ['M', 'I', 'H', 'B']}, {'exch': 'BSE', 'prds': ['C', 'I', 'H', 'B']}, {'exch': 'BCD', 'prds': ['M', 'I']}, {'exch': 'NIPO', 'prds': ['C']}, {'exch': 'BSTAR', 'prds': ['C']}, {'exch': 'BFO', 'prds': ['M', 'I']}], 'stat': 'Ok', 'susertoken': '8c5093f896915ff9422f321098d9fc43757928cf869015885f30db5d986c3734', 'susertokenspl': '860b76e42fe4812cc29868c908b2e5eea4f12b6b27da59edef34b50194fcc30e', 'email': 'kratikiafk@gmail.com', 'uid': 'FA42242', 'brnchid': 'HO', 'totp_set': '1', 'm_num': '6265650705', 'orarr': ['MKT', 'LMT', 'SL-LMT', 'SL-MKT'], 'exarr': ['NSE', 'NFO', 'CDS', 'BSE', 'BCD', 'NIPO', 'BSTAR', 'BFO'], 'values': ['4', '3', '2'], 'mws': {'4': [{'exch': 'NFO', 'token': '68495', 'tsym': 'BANKINDIA28OCT25P105', 'cname': 'BANKINDIA OCT 105 PE ', 'dname': 'BANKINDIA OCT 105 PE ', 'instname': 'OPTSTK', 'pp': '2', 'ls': '5200', 'ti': '0.05', 'optt': 'PE'}, {'exch': 'NFO', 'token': '68471', 'tsym': 'BANKINDIA30SEP25P142.5', 'cname': 'BANKINDIA SEP 142.50 PE ', 'dname': 'BANKINDIA SEP 142.50 PE ', 'instname': 'OPTSTK', 'pp': '2', 'ls': '5200', 'ti': '0.05', 'optt': 'PE'}], '3': [], '2': [{'exch': 'NSE', 'token': '2088', 'tsym': 'MAHSEAMLES-EQ', 'cname': 'MAHARASHTRA SEAMLESS LTD', 'instname': 'EQ', 'pp': '2', 'ls': '1', 'ti': '0.05'}, {'exch': 'NSE', 'token': '23402', 'tsym': 'SRM-EQ', 'cname': 'SRM CONTRACTORS LIMITED', 'instname': 'EQ', 'pp': '2', 'ls': '1', 'ti': '0.05'}, {'exch': 'NSE', 'token': '18110', 'tsym': 'VASCONEQ-EQ', 'cname': 'VASCON ENGINEERS LTD', 'instname': 'EQ', 'pp': '2', 'ls': '1', 'ti': '0.01'}]}, 'brkname': 'FINV', 'dmsg': '', 'lastaccesstime': '1758636780', 'lastpwdtime': '1756959759'}
2025-09-23 19:43:00,203 - INFO - Login response type: <class 'dict'>
2025-09-23 19:43:01,761 - INFO - Positions retrieved for ROOPAL SONI: 0 open positions found
2025-09-23 19:43:02,294 - INFO - Positions retrieved for KRATIK YADAV: 0 open positions found
2025-09-23 19:44:33,262 - INFO - Loaded cached index prices from today
2025-09-23 19:44:33,538 - INFO - Generated fresh 2FA for account 1: 416051
2025-09-23 19:44:33,539 - INFO - Attempting login for account 1 with userid: FA32246
2025-09-23 19:44:34,165 - INFO - Login response for account 1: {'request_time': '19:44:34 23-09-2025', 'actid': 'FA32246', 'access_type': ['MOB', 'TT', 'WEB', 'API'], 'uname': 'ROOPAL SONI', 'prarr': [{'prd': 'C', 's_prdt_ali': 'CNC', 'exch': ['NSE', 'BSE', 'NIPO', 'BSTAR']}, {'prd': 'M', 's_prdt_ali': 'NRML', 'exch': ['NFO', 'BFO', 'CDS', 'BCD', 'MCX']}, {'prd': 'I', 's_prdt_ali': 'MIS', 'exch': ['NSE', 'BSE', 'NFO', 'BFO', 'CDS', 'BCD', 'MCX']}, {'prd': 'H', 's_prdt_ali': 'CO', 'exch': ['NSE', 'NFO', 'CDS', 'MCX', 'BSE']}, {'prd': 'B', 's_prdt_ali': 'BO', 'exch': ['NSE', 'NFO', 'CDS', 'MCX', 'BSE']}], 'exch_prd': [{'exch': 'NSE', 'prds': ['C', 'I', 'H', 'B']}, {'exch': 'NFO', 'prds': ['M', 'I', 'H', 'B']}, {'exch': 'CDS', 'prds': ['M', 'I', 'H', 'B']}, {'exch': 'BSE', 'prds': ['C', 'I', 'H', 'B']}, {'exch': 'BCD', 'prds': ['M', 'I']}, {'exch': 'MCX', 'prds': ['M', 'I', 'H', 'B']}, {'exch': 'NIPO', 'prds': ['C']}, {'exch': 'BSTAR', 'prds': ['C']}, {'exch': 'BFO', 'prds': ['M', 'I']}], 'stat': 'Ok', 'susertoken': '2832cd413c5d346892261aaeb8c24342ef52c8580749e39274c5e88d02538971', 'susertokenspl': 'a3845132807187f8e56216affb5af3f1e2ccd2544f125550727340237c351aaa', 'email': 'kratik.kunal@gmail.com', 'uid': 'FA32246', 'brnchid': 'HO', 'totp_set': '1', 'm_num': '9424018696', 'orarr': ['MKT', 'LMT', 'SL-LMT', 'SL-MKT'], 'exarr': ['NSE', 'NFO', 'CDS', 'BSE', 'BCD', 'MCX', 'NIPO', 'BSTAR', 'BFO'], 'values': ['l', 'calls', 'Puts'], 'mws': {'l': [], 'calls': [{'exch': 'NFO', 'token': '54979', 'tsym': 'ADANIGREEN28OCT25P1100', 'cname': 'ADANIGREEN OCT 1100 PE ', 'dname': 'ADANIGREEN OCT 1100 PE ', 'instname': 'OPTSTK', 'pp': '2', 'ls': '600', 'ti': '0.05', 'optt': 'PE'}, {'exch': 'NFO', 'token': '54957', 'tsym': 'ADANIGREEN28OCT25P660', 'cname': 'ADANIGREEN OCT 660 PE ', 'dname': 'ADANIGREEN OCT 660 PE ', 'instname': 'OPTSTK', 'pp': '2', 'ls': '600', 'ti': '0.05', 'optt': 'PE'}, {'exch': 'NFO', 'token': '54995', 'tsym': 'ADANIGREEN25NOV25P600', 'cname': 'ADANIGREEN NOV 600 PE ', 'dname': 'ADANIGREEN NOV 600 PE ', 'instname': 'OPTSTK', 'pp': '2', 'ls': '600', 'ti': '0.05', 'optt': 'PE'}, {'exch': 'NFO', 'token': '54991', 'tsym': 'BANKNIFTY30SEP25C55400', 'cname': 'BANKNIFTY 30SEP25 55400 CE ', 'dname': 'BANKNIFTY 30SEP25 55400 CE ', 'instname': 'OPTIDX', 'pp': '2', 'ls': '35', 'ti': '0.05', 'optt': 'CE'}, {'exch': 'NFO', 'token': '54983', 'tsym': 'ADANIGREEN28OCT25P1180', 'cname': 'ADANIGREEN OCT 1180 PE ', 'dname': 'ADANIGREEN OCT 1180 PE ', 'instname': 'OPTSTK', 'pp': '2', 'ls': '600', 'ti': '0.05', 'optt': 'PE'}, {'exch': 'NFO', 'token': '54965', 'tsym': 'ADANIGREEN28OCT25P820', 'cname': 'ADANIGREEN OCT 820 PE ', 'dname': 'ADANIGREEN OCT 820 PE ', 'instname': 'OPTSTK', 'pp': '2', 'ls': '600', 'ti': '0.05', 'optt': 'PE'}, {'exch': 'NFO', 'token': '54953', 'tsym': 'ADANIGREEN28OCT25P520', 'cname': 'ADANIGREEN OCT 520 PE ', 'dname': 'ADANIGREEN OCT 520 PE ', 'instname': 'OPTSTK', 'pp': '2', 'ls': '600', 'ti': '0.05', 'optt': 'PE'}], 'Puts': [{'exch': 'NFO', 'token': '48898', 'tsym': 'MCX25NOV25F', 'cname': 'MCX NOV FUT', 'dname': 'MCX NOV FUT', 'instname': 'FUTSTK', 'pp': '2', 'ls': '125', 'ti': '0.50', 'optt': 'XX'}, {'exch': 'MCX', 'token': '456955', 'tsym': 'COPPER30SEP25', 'instname': 'FUTCOM', 'pp': '2', 'ls': '2500', 'ti': '0.05', 'optt': 'XX'}, {'exch': 'NSE', 'token': '4598', 'tsym': 'HERITGFOOD-EQ', 'cname': 'HERITAGE FOODS LTD', 'instname': 'EQ', 'pp': '2', 'ls': '1', 'ti': '0.05'}, {'exch': 'NSE', 'token': '2885', 'tsym': 'RELIANCE-EQ', 'cname': 'RELIANCE INDUSTRIES LTD', 'instname': 'EQ', 'pp': '2', 'ls': '1', 'ti': '0.10'}, {'exch': 'NSE', 'token': '31181', 'tsym': 'MCX-EQ', 'cname': 'MULTI COMMODITY EXCHANGE', 'instname': 'EQ', 'pp': '2', 'ls': '1', 'ti': '0.50'}, {'exch': 'NSE', 'token': '8003', 'tsym': 'SILVER-EQ', 'cname': 'BIRLASLAMC - SILVER', 'instname': 'EQ', 'pp': '2', 'ls': '1', 'ti': '0.01'}, {'exch': 'NSE', 'token': '26037', 'tsym': 'Nifty Fin Service', 'cname': 'FIN NIFTY', 'instname': 'UNDIND', 'pp': '2', 'ls': '1', 'ti': '0.05', 'nontrd': '1'}]}, 'brkname': 'FINV', 'dmsg': '', 'lastaccesstime': '1758636874', 'lastpwdtime': '1757444505'}
2025-09-23 19:44:34,167 - INFO - Login response type: <class 'dict'>
2025-09-23 19:44:35,706 - INFO - Positions retrieved for ROOPAL SONI: 0 open positions found
2025-09-23 19:44:37,374 - INFO - Generated fresh 2FA for account 2: 011836
2025-09-23 19:44:37,376 - INFO - Attempting login for account 2 with userid: FA42242
2025-09-23 19:44:37,872 - INFO - Login response for account 2: {'request_time': '19:44:38 23-09-2025', 'actid': 'FA42242', 'access_type': ['MOB', 'TT', 'WEB', 'API'], 'uname': 'KRATIK YADAV', 'prarr': [{'prd': 'C', 's_prdt_ali': 'CNC', 'exch': ['NSE', 'BSE', 'NIPO', 'BSTAR']}, {'prd': 'M', 's_prdt_ali': 'NRML', 'exch': ['NFO', 'BFO', 'CDS', 'BCD']}, {'prd': 'I', 's_prdt_ali': 'MIS', 'exch': ['NSE', 'BSE', 'NFO', 'BFO', 'CDS', 'BCD']}, {'prd': 'H', 's_prdt_ali': 'CO', 'exch': ['NSE', 'NFO', 'CDS', 'BSE']}, {'prd': 'B', 's_prdt_ali': 'BO', 'exch': ['NSE', 'NFO', 'CDS', 'BSE']}], 'exch_prd': [{'exch': 'NSE', 'prds': ['C', 'I', 'H', 'B']}, {'exch': 'NFO', 'prds': ['M', 'I', 'H', 'B']}, {'exch': 'CDS', 'prds': ['M', 'I', 'H', 'B']}, {'exch': 'BSE', 'prds': ['C', 'I', 'H', 'B']}, {'exch': 'BCD', 'prds': ['M', 'I']}, {'exch': 'NIPO', 'prds': ['C']}, {'exch': 'BSTAR', 'prds': ['C']}, {'exch': 'BFO', 'prds': ['M', 'I']}], 'stat': 'Ok', 'susertoken': '196e8817b86ab3413221ffd5213b280fb749571c20b3410b6b8f4dd4f0573b0c', 'susertokenspl': '1b0e84c32ac0657804652c8c3df2cdcc76bc1bc6598a99a385c79255ddec603e', 'email': 'kratikiafk@gmail.com', 'uid': 'FA42242', 'brnchid': 'HO', 'totp_set': '1', 'm_num': '6265650705', 'orarr': ['MKT', 'LMT', 'SL-LMT', 'SL-MKT'], 'exarr': ['NSE', 'NFO', 'CDS', 'BSE', 'BCD', 'NIPO', 'BSTAR', 'BFO'], 'values': ['4', '3', '2'], 'mws': {'4': [{'exch': 'NFO', 'token': '68495', 'tsym': 'BANKINDIA28OCT25P105', 'cname': 'BANKINDIA OCT 105 PE ', 'dname': 'BANKINDIA OCT 105 PE ', 'instname': 'OPTSTK', 'pp': '2', 'ls': '5200', 'ti': '0.05', 'optt': 'PE'}, {'exch': 'NFO', 'token': '68471', 'tsym': 'BANKINDIA30SEP25P142.5', 'cname': 'BANKINDIA SEP 142.50 PE ', 'dname': 'BANKINDIA SEP 142.50 PE ', 'instname': 'OPTSTK', 'pp': '2', 'ls': '5200', 'ti': '0.05', 'optt': 'PE'}], '3': [], '2': [{'exch': 'NSE', 'token': '2088', 'tsym': 'MAHSEAMLES-EQ', 'cname': 'MAHARASHTRA SEAMLESS LTD', 'instname': 'EQ', 'pp': '2', 'ls': '1', 'ti': '0.05'}, {'exch': 'NSE', 'token': '23402', 'tsym': 'SRM-EQ', 'cname': 'SRM CONTRACTORS LIMITED', 'instname': 'EQ', 'pp': '2', 'ls': '1', 'ti': '0.05'}, {'exch': 'NSE', 'token': '18110', 'tsym': 'VASCONEQ-EQ', 'cname': 'VASCON ENGINEERS LTD', 'instname': 'EQ', 'pp': '2', 'ls': '1', 'ti': '0.01'}]}, 'brkname': 'FINV', 'dmsg': '', 'lastaccesstime': '1758636878', 'lastpwdtime': '1756959759'}
2025-09-23 19:44:37,874 - INFO - Login response type: <class 'dict'>
2025-09-23 19:44:39,438 - INFO - Positions retrieved for ROOPAL SONI: 0 open positions found
2025-09-23 19:44:39,952 - INFO - Positions retrieved for KRATIK YADAV: 0 open positions found
